mar 20 10:12:48 ubuntu-GL503VD systemd[1]: Started Open5GS BSF Daemon.
mar 20 10:12:48 ubuntu-GL503VD open5gs-bsfd[755]: Open5GS daemon v2.7.6
mar 20 10:12:48 ubuntu-GL503VD open5gs-bsfd[755]: 03/20 10:12:48.152: [app] INFO: Configuration: '/etc/open5gs/bsf.yaml' (../lib/app/ogs-init.c:144)
mar 20 10:12:48 ubuntu-GL503VD open5gs-bsfd[755]: 03/20 10:12:48.152: [app] INFO: File Logging: '/var/log/open5gs/bsf.log' (../lib/app/ogs-init.c:147)
mar 20 10:12:48 ubuntu-GL503VD open5gs-bsfd[755]: 03/20 10:12:48.161: [sbi] INFO: Setup NF EndPoint(addr) [192.168.50.200:7777] (../lib/sbi/context.c:507)
mar 20 10:12:48 ubuntu-GL503VD open5gs-bsfd[755]: 03/20 10:12:48.161: [sbi] INFO: NF Service [nbsf-management] (../lib/sbi/context.c:1994)
mar 20 10:12:48 ubuntu-GL503VD open5gs-bsfd[755]: 03/20 10:12:48.175: [sbi] INFO: nghttp2_server() [http://127.0.0.15]:7777 (../lib/sbi/nghttp2-server.c:439)
mar 20 10:12:48 ubuntu-GL503VD open5gs-bsfd[755]: 03/20 10:12:48.176: [sbi] WARNING: Couldn't connect to server (7):  (../lib/sbi/client.c:757)
mar 20 10:12:48 ubuntu-GL503VD open5gs-bsfd[755]: 03/20 10:12:48.176: [sbi] WARNING: ogs_sbi_client_handler() failed [-1] (../lib/sbi/path.c:62)
mar 20 10:12:48 ubuntu-GL503VD open5gs-bsfd[755]: 03/20 10:12:48.176: [app] INFO: BSF initialize...done (../src/bsf/app.c:31)
mar 20 10:12:59 ubuntu-GL503VD open5gs-bsfd[755]: 03/20 10:12:59.172: [sbi] WARNING: [f6c00086-243c-41f1-bd51-51c4e67f7880] Retry registration with NRF (../lib/sbi/nf-sm.c:256)
mar 20 10:12:59 ubuntu-GL503VD open5gs-bsfd[755]: 03/20 10:12:59.172: [sbi] WARNING: Couldn't connect to server (7):  (../lib/sbi/client.c:757)
mar 20 10:12:59 ubuntu-GL503VD open5gs-bsfd[755]: 03/20 10:12:59.172: [sbi] WARNING: ogs_sbi_client_handler() failed [-1] (../lib/sbi/path.c:62)
mar 20 10:13:10 ubuntu-GL503VD open5gs-bsfd[755]: 03/20 10:13:10.183: [sbi] WARNING: [f6c00086-243c-41f1-bd51-51c4e67f7880] Retry registration with NRF (../lib/sbi/nf-sm.c:256)
mar 20 10:13:10 ubuntu-GL503VD open5gs-bsfd[755]: 03/20 10:13:10.183: [sbi] WARNING: Couldn't connect to server (7):  (../lib/sbi/client.c:757)
mar 20 10:13:10 ubuntu-GL503VD open5gs-bsfd[755]: 03/20 10:13:10.183: [sbi] WARNING: ogs_sbi_client_handler() failed [-1] (../lib/sbi/path.c:62)
mar 20 10:13:21 ubuntu-GL503VD open5gs-bsfd[755]: 03/20 10:13:21.194: [sbi] WARNING: [f6c00086-243c-41f1-bd51-51c4e67f7880] Retry registration with NRF (../lib/sbi/nf-sm.c:256)
mar 20 10:13:21 ubuntu-GL503VD open5gs-bsfd[755]: 03/20 10:13:21.194: [sbi] WARNING: Couldn't connect to server (7):  (../lib/sbi/client.c:757)
mar 20 10:13:21 ubuntu-GL503VD open5gs-bsfd[755]: 03/20 10:13:21.194: [sbi] WARNING: ogs_sbi_client_handler() failed [-1] (../lib/sbi/path.c:62)
mar 20 10:13:32 ubuntu-GL503VD open5gs-bsfd[755]: 03/20 10:13:32.205: [sbi] WARNING: [f6c00086-243c-41f1-bd51-51c4e67f7880] Retry registration with NRF (../lib/sbi/nf-sm.c:256)
mar 20 10:13:32 ubuntu-GL503VD open5gs-bsfd[755]: 03/20 10:13:32.205: [sbi] WARNING: Couldn't connect to server (7):  (../lib/sbi/client.c:757)
mar 20 10:13:32 ubuntu-GL503VD open5gs-bsfd[755]: 03/20 10:13:32.205: [sbi] WARNING: ogs_sbi_client_handler() failed [-1] (../lib/sbi/path.c:62)
mar 20 10:13:43 ubuntu-GL503VD open5gs-bsfd[755]: 03/20 10:13:43.217: [sbi] WARNING: [f6c00086-243c-41f1-bd51-51c4e67f7880] Retry registration with NRF (../lib/sbi/nf-sm.c:256)
mar 20 10:13:43 ubuntu-GL503VD open5gs-bsfd[755]: 03/20 10:13:43.217: [sbi] WARNING: Couldn't connect to server (7):  (../lib/sbi/client.c:757)
mar 20 10:13:43 ubuntu-GL503VD open5gs-bsfd[755]: 03/20 10:13:43.217: [sbi] WARNING: ogs_sbi_client_handler() failed [-1] (../lib/sbi/path.c:62)
mar 20 10:13:54 ubuntu-GL503VD open5gs-bsfd[755]: 03/20 10:13:54.225: [sbi] WARNING: [f6c00086-243c-41f1-bd51-51c4e67f7880] Retry registration with NRF (../lib/sbi/nf-sm.c:256)
mar 20 10:13:54 ubuntu-GL503VD open5gs-bsfd[755]: 03/20 10:13:54.225: [sbi] WARNING: Couldn't connect to server (7):  (../lib/sbi/client.c:757)
mar 20 10:13:54 ubuntu-GL503VD open5gs-bsfd[755]: 03/20 10:13:54.225: [sbi] WARNING: ogs_sbi_client_handler() failed [-1] (../lib/sbi/path.c:62)
mar 20 10:14:05 ubuntu-GL503VD open5gs-bsfd[755]: 03/20 10:14:05.236: [sbi] WARNING: [f6c00086-243c-41f1-bd51-51c4e67f7880] Retry registration with NRF (../lib/sbi/nf-sm.c:256)
mar 20 10:14:05 ubuntu-GL503VD open5gs-bsfd[755]: 03/20 10:14:05.236: [sbi] WARNING: Couldn't connect to server (7):  (../lib/sbi/client.c:757)
mar 20 10:14:05 ubuntu-GL503VD open5gs-bsfd[755]: 03/20 10:14:05.236: [sbi] WARNING: ogs_sbi_client_handler() failed [-1] (../lib/sbi/path.c:62)
mar 20 10:14:16 ubuntu-GL503VD open5gs-bsfd[755]: 03/20 10:14:16.247: [sbi] WARNING: [f6c00086-243c-41f1-bd51-51c4e67f7880] Retry registration with NRF (../lib/sbi/nf-sm.c:256)
mar 20 10:14:16 ubuntu-GL503VD open5gs-bsfd[755]: 03/20 10:14:16.247: [sbi] WARNING: Couldn't connect to server (7):  (../lib/sbi/client.c:757)
mar 20 10:14:16 ubuntu-GL503VD open5gs-bsfd[755]: 03/20 10:14:16.247: [sbi] WARNING: ogs_sbi_client_handler() failed [-1] (../lib/sbi/path.c:62)
mar 20 10:14:27 ubuntu-GL503VD open5gs-bsfd[755]: 03/20 10:14:27.258: [sbi] WARNING: [f6c00086-243c-41f1-bd51-51c4e67f7880] Retry registration with NRF (../lib/sbi/nf-sm.c:256)
mar 20 10:14:27 ubuntu-GL503VD open5gs-bsfd[755]: 03/20 10:14:27.259: [sbi] WARNING: Couldn't connect to server (7):  (../lib/sbi/client.c:757)
mar 20 10:14:27 ubuntu-GL503VD open5gs-bsfd[755]: 03/20 10:14:27.259: [sbi] WARNING: ogs_sbi_client_handler() failed [-1] (../lib/sbi/path.c:62)
mar 20 10:14:38 ubuntu-GL503VD open5gs-bsfd[755]: 03/20 10:14:38.269: [sbi] WARNING: [f6c00086-243c-41f1-bd51-51c4e67f7880] Retry registration with NRF (../lib/sbi/nf-sm.c:256)
mar 20 10:14:38 ubuntu-GL503VD open5gs-bsfd[755]: 03/20 10:14:38.269: [sbi] WARNING: Couldn't connect to server (7):  (../lib/sbi/client.c:757)
mar 20 10:14:38 ubuntu-GL503VD open5gs-bsfd[755]: 03/20 10:14:38.269: [sbi] WARNING: ogs_sbi_client_handler() failed [-1] (../lib/sbi/path.c:62)
mar 20 10:14:49 ubuntu-GL503VD open5gs-bsfd[755]: 03/20 10:14:49.280: [sbi] WARNING: [f6c00086-243c-41f1-bd51-51c4e67f7880] Retry registration with NRF (../lib/sbi/nf-sm.c:256)
mar 20 10:14:49 ubuntu-GL503VD open5gs-bsfd[755]: 03/20 10:14:49.280: [sbi] WARNING: Couldn't connect to server (7):  (../lib/sbi/client.c:757)
mar 20 10:14:49 ubuntu-GL503VD open5gs-bsfd[755]: 03/20 10:14:49.280: [sbi] WARNING: ogs_sbi_client_handler() failed [-1] (../lib/sbi/path.c:62)
mar 20 10:15:00 ubuntu-GL503VD open5gs-bsfd[755]: 03/20 10:15:00.283: [sbi] WARNING: [f6c00086-243c-41f1-bd51-51c4e67f7880] Retry registration with NRF (../lib/sbi/nf-sm.c:256)
mar 20 10:15:00 ubuntu-GL503VD open5gs-bsfd[755]: 03/20 10:15:00.284: [sbi] WARNING: Couldn't connect to server (7):  (../lib/sbi/client.c:757)
mar 20 10:15:00 ubuntu-GL503VD open5gs-bsfd[755]: 03/20 10:15:00.284: [sbi] WARNING: ogs_sbi_client_handler() failed [-1] (../lib/sbi/path.c:62)
mar 20 10:15:11 ubuntu-GL503VD open5gs-bsfd[755]: 03/20 10:15:11.294: [sbi] WARNING: [f6c00086-243c-41f1-bd51-51c4e67f7880] Retry registration with NRF (../lib/sbi/nf-sm.c:256)
mar 20 10:15:11 ubuntu-GL503VD open5gs-bsfd[755]: 03/20 10:15:11.294: [sbi] WARNING: Couldn't connect to server (7):  (../lib/sbi/client.c:757)
mar 20 10:15:11 ubuntu-GL503VD open5gs-bsfd[755]: 03/20 10:15:11.294: [sbi] WARNING: ogs_sbi_client_handler() failed [-1] (../lib/sbi/path.c:62)
mar 20 10:15:22 ubuntu-GL503VD open5gs-bsfd[755]: 03/20 10:15:22.305: [sbi] WARNING: [f6c00086-243c-41f1-bd51-51c4e67f7880] Retry registration with NRF (../lib/sbi/nf-sm.c:256)
mar 20 10:15:22 ubuntu-GL503VD open5gs-bsfd[755]: 03/20 10:15:22.306: [sbi] WARNING: Couldn't connect to server (7):  (../lib/sbi/client.c:757)
mar 20 10:15:22 ubuntu-GL503VD open5gs-bsfd[755]: 03/20 10:15:22.306: [sbi] WARNING: ogs_sbi_client_handler() failed [-1] (../lib/sbi/path.c:62)
mar 20 10:15:33 ubuntu-GL503VD open5gs-bsfd[755]: 03/20 10:15:33.309: [sbi] WARNING: [f6c00086-243c-41f1-bd51-51c4e67f7880] Retry registration with NRF (../lib/sbi/nf-sm.c:256)
mar 20 10:15:33 ubuntu-GL503VD open5gs-bsfd[755]: 03/20 10:15:33.309: [sbi] WARNING: Couldn't connect to server (7):  (../lib/sbi/client.c:757)
mar 20 10:15:33 ubuntu-GL503VD open5gs-bsfd[755]: 03/20 10:15:33.309: [sbi] WARNING: ogs_sbi_client_handler() failed [-1] (../lib/sbi/path.c:62)
mar 20 10:15:44 ubuntu-GL503VD open5gs-bsfd[755]: 03/20 10:15:44.320: [sbi] WARNING: [f6c00086-243c-41f1-bd51-51c4e67f7880] Retry registration with NRF (../lib/sbi/nf-sm.c:256)
mar 20 10:15:44 ubuntu-GL503VD open5gs-bsfd[755]: 03/20 10:15:44.320: [sbi] WARNING: Couldn't connect to server (7):  (../lib/sbi/client.c:757)
mar 20 10:15:44 ubuntu-GL503VD open5gs-bsfd[755]: 03/20 10:15:44.320: [sbi] WARNING: ogs_sbi_client_handler() failed [-1] (../lib/sbi/path.c:62)
mar 20 10:15:55 ubuntu-GL503VD open5gs-bsfd[755]: 03/20 10:15:55.331: [sbi] WARNING: [f6c00086-243c-41f1-bd51-51c4e67f7880] Retry registration with NRF (../lib/sbi/nf-sm.c:256)
mar 20 10:15:55 ubuntu-GL503VD open5gs-bsfd[755]: 03/20 10:15:55.331: [sbi] WARNING: Couldn't connect to server (7):  (../lib/sbi/client.c:757)
mar 20 10:15:55 ubuntu-GL503VD open5gs-bsfd[755]: 03/20 10:15:55.331: [sbi] WARNING: ogs_sbi_client_handler() failed [-1] (../lib/sbi/path.c:62)
mar 20 10:16:06 ubuntu-GL503VD open5gs-bsfd[755]: 03/20 10:16:06.342: [sbi] WARNING: [f6c00086-243c-41f1-bd51-51c4e67f7880] Retry registration with NRF (../lib/sbi/nf-sm.c:256)
mar 20 10:16:06 ubuntu-GL503VD open5gs-bsfd[755]: 03/20 10:16:06.342: [sbi] WARNING: Couldn't connect to server (7):  (../lib/sbi/client.c:757)
mar 20 10:16:06 ubuntu-GL503VD open5gs-bsfd[755]: 03/20 10:16:06.342: [sbi] WARNING: ogs_sbi_client_handler() failed [-1] (../lib/sbi/path.c:62)
mar 20 10:16:17 ubuntu-GL503VD open5gs-bsfd[755]: 03/20 10:16:17.353: [sbi] WARNING: [f6c00086-243c-41f1-bd51-51c4e67f7880] Retry registration with NRF (../lib/sbi/nf-sm.c:256)
mar 20 10:16:17 ubuntu-GL503VD open5gs-bsfd[755]: 03/20 10:16:17.353: [sbi] WARNING: Couldn't connect to server (7):  (../lib/sbi/client.c:757)
mar 20 10:16:17 ubuntu-GL503VD open5gs-bsfd[755]: 03/20 10:16:17.353: [sbi] WARNING: ogs_sbi_client_handler() failed [-1] (../lib/sbi/path.c:62)
mar 20 10:16:28 ubuntu-GL503VD open5gs-bsfd[755]: 03/20 10:16:28.364: [sbi] WARNING: [f6c00086-243c-41f1-bd51-51c4e67f7880] Retry registration with NRF (../lib/sbi/nf-sm.c:256)
mar 20 10:16:28 ubuntu-GL503VD open5gs-bsfd[755]: 03/20 10:16:28.364: [sbi] WARNING: Couldn't connect to server (7):  (../lib/sbi/client.c:757)
mar 20 10:16:28 ubuntu-GL503VD open5gs-bsfd[755]: 03/20 10:16:28.364: [sbi] WARNING: ogs_sbi_client_handler() failed [-1] (../lib/sbi/path.c:62)
mar 20 10:16:39 ubuntu-GL503VD open5gs-bsfd[755]: 03/20 10:16:39.375: [sbi] WARNING: [f6c00086-243c-41f1-bd51-51c4e67f7880] Retry registration with NRF (../lib/sbi/nf-sm.c:256)
mar 20 10:16:39 ubuntu-GL503VD open5gs-bsfd[755]: 03/20 10:16:39.399: [sbi] INFO: [f6c00086-243c-41f1-bd51-51c4e67f7880] NF registered [Heartbeat:10s] (../lib/sbi/nf-sm.c:295)
mar 20 10:16:39 ubuntu-GL503VD open5gs-bsfd[755]: 03/20 10:16:39.404: [sbi] INFO: Setup NF EndPoint(addr) [127.0.0.10:7777] (../lib/sbi/nnrf-handler.c:955)
mar 20 10:16:39 ubuntu-GL503VD open5gs-bsfd[755]: 03/20 10:16:39.404: [sbi] INFO: [1e818e08-2435-41f1-962e-b3a79f774b83] Subscription created until 2026-03-21T09:16:38.887005+01:00 [duration:82800000000,validity:82800.000000,patch:41400.000000] (../lib/sbi/nnrf-handler.c:874)
mar 20 10:16:39 ubuntu-GL503VD open5gs-bsfd[755]: 03/20 10:16:39.404: [core] ERROR: No item (../lib/sbi/custom/links.c:78)
mar 20 10:16:39 ubuntu-GL503VD open5gs-bsfd[755]: 03/20 10:16:39.404: [sbi] ERROR: JSON parse error (../lib/sbi/message.c:1525)
mar 20 10:16:39 ubuntu-GL503VD open5gs-bsfd[755]: 03/20 10:16:39.404: [sbi] ERROR: parse_content() failed (../lib/sbi/message.c:1086)
mar 20 10:16:39 ubuntu-GL503VD open5gs-bsfd[755]: 03/20 10:16:39.404: [bsf] ERROR: cannot parse HTTP response (../src/bsf/bsf-sm.c:217)
mar 20 10:25:23 ubuntu-GL503VD open5gs-bsfd[755]: 03/20 10:25:23.903: [sbi] ERROR: [f6c00086-243c-41f1-bd51-51c4e67f7880] No heartbeat [type:BSF] (../lib/sbi/nf-sm.c:431)
mar 20 10:25:23 ubuntu-GL503VD open5gs-bsfd[755]: 03/20 10:25:23.903: [sbi] INFO: [f6c00086-243c-41f1-bd51-51c4e67f7880] NF de-registered (../lib/sbi/nf-sm.c:324)
mar 20 10:25:33 ubuntu-GL503VD open5gs-bsfd[755]: 03/20 10:25:33.917: [sbi] ERROR: Connection timer expired [METHOD:PATCH] (../lib/sbi/client.c:658)
mar 20 10:25:33 ubuntu-GL503VD open5gs-bsfd[755]: 03/20 10:25:33.917: [sbi] ERROR: Effective URL: http://192.168.50.200:7777/nnrf-nfm/v1/nf-instances/f6c00086-243c-41f1-bd51-51c4e67f7880 (../lib/sbi/client.c:662)
mar 20 10:25:33 ubuntu-GL503VD open5gs-bsfd[755]: 03/20 10:25:33.917: [sbi] WARNING: ogs_sbi_client_handler() failed [-3] (../lib/sbi/path.c:62)
mar 20 10:25:34 ubuntu-GL503VD open5gs-bsfd[755]: 03/20 10:25:34.045: [sbi] INFO: [f6c00086-243c-41f1-bd51-51c4e67f7880] NF registered [Heartbeat:10s] (../lib/sbi/nf-sm.c:295)
mar 20 10:25:34 ubuntu-GL503VD open5gs-bsfd[755]: 03/20 10:25:34.049: [sbi] INFO: Setup NF EndPoint(addr) [127.0.0.10:7777] (../lib/sbi/nnrf-handler.c:955)
mar 20 10:25:34 ubuntu-GL503VD open5gs-bsfd[755]: 03/20 10:25:34.049: [sbi] INFO: [bf411bf2-243e-41f1-962e-b3a79f774b83] Subscription created until 2026-03-21T10:25:34.048464+01:00 [duration:86400000000,validity:86400.000000,patch:43200.000000] (../lib/sbi/nnrf-handler.c:874)
mar 20 10:25:34 ubuntu-GL503VD open5gs-bsfd[755]: 03/20 10:25:34.051: [core] ERROR: No item (../lib/sbi/custom/links.c:78)
mar 20 10:25:34 ubuntu-GL503VD open5gs-bsfd[755]: 03/20 10:25:34.051: [sbi] ERROR: JSON parse error (../lib/sbi/message.c:1525)
mar 20 10:25:34 ubuntu-GL503VD open5gs-bsfd[755]: 03/20 10:25:34.051: [sbi] ERROR: parse_content() failed (../lib/sbi/message.c:1086)
mar 20 10:25:34 ubuntu-GL503VD open5gs-bsfd[755]: 03/20 10:25:34.051: [bsf] ERROR: cannot parse HTTP response (../src/bsf/bsf-sm.c:217)
mar 20 10:25:45 ubuntu-GL503VD open5gs-bsfd[755]: 03/20 10:25:45.046: [sbi] ERROR: [f6c00086-243c-41f1-bd51-51c4e67f7880] No heartbeat [type:BSF] (../lib/sbi/nf-sm.c:431)
mar 20 10:25:45 ubuntu-GL503VD open5gs-bsfd[755]: 03/20 10:25:45.046: [sbi] INFO: [f6c00086-243c-41f1-bd51-51c4e67f7880] NF de-registered (../lib/sbi/nf-sm.c:324)
mar 20 10:25:55 ubuntu-GL503VD open5gs-bsfd[755]: 03/20 10:25:55.066: [sbi] ERROR: Connection timer expired [METHOD:PATCH] (../lib/sbi/client.c:658)
mar 20 10:25:55 ubuntu-GL503VD open5gs-bsfd[755]: 03/20 10:25:55.067: [sbi] ERROR: Effective URL: http://192.168.50.200:7777/nnrf-nfm/v1/nf-instances/f6c00086-243c-41f1-bd51-51c4e67f7880 (../lib/sbi/client.c:662)
mar 20 10:25:55 ubuntu-GL503VD open5gs-bsfd[755]: 03/20 10:25:55.067: [sbi] WARNING: ogs_sbi_client_handler() failed [-3] (../lib/sbi/path.c:62)
mar 20 10:25:56 ubuntu-GL503VD open5gs-bsfd[755]: 03/20 10:25:56.047: [sbi] ERROR: Connection timer expired [METHOD:PUT] (../lib/sbi/client.c:658)
mar 20 10:25:56 ubuntu-GL503VD open5gs-bsfd[755]: 03/20 10:25:56.047: [sbi] ERROR: Effective URL: http://192.168.50.200:7777/nnrf-nfm/v1/nf-instances/f6c00086-243c-41f1-bd51-51c4e67f7880 (../lib/sbi/client.c:662)
mar 20 10:25:56 ubuntu-GL503VD open5gs-bsfd[755]: 03/20 10:25:56.047: [sbi] WARNING: ogs_sbi_client_handler() failed [-3] (../lib/sbi/path.c:62)
mar 20 10:25:56 ubuntu-GL503VD open5gs-bsfd[755]: 03/20 10:25:56.047: [sbi] WARNING: [f6c00086-243c-41f1-bd51-51c4e67f7880] Retry registration with NRF (../lib/sbi/nf-sm.c:256)
mar 20 10:25:58 ubuntu-GL503VD open5gs-bsfd[755]: 03/20 10:25:58.150: [sbi] INFO: [f6c00086-243c-41f1-bd51-51c4e67f7880] NF registered [Heartbeat:10s] (../lib/sbi/nf-sm.c:295)
mar 20 10:25:58 ubuntu-GL503VD open5gs-bsfd[755]: 03/20 10:25:58.154: [sbi] INFO: Setup NF EndPoint(addr) [127.0.0.10:7777] (../lib/sbi/nnrf-handler.c:955)
mar 20 10:25:58 ubuntu-GL503VD open5gs-bsfd[755]: 03/20 10:25:58.154: [sbi] INFO: [cd9f310c-243e-41f1-962e-b3a79f774b83] Subscription created until 2026-03-21T10:25:58.153069+01:00 [duration:86400000000,validity:86400.000000,patch:43200.000000] (../lib/sbi/nnrf-handler.c:874)
mar 20 10:25:58 ubuntu-GL503VD open5gs-bsfd[755]: 03/20 10:25:58.154: [core] ERROR: No item (../lib/sbi/custom/links.c:78)
mar 20 10:25:58 ubuntu-GL503VD open5gs-bsfd[755]: 03/20 10:25:58.154: [sbi] ERROR: JSON parse error (../lib/sbi/message.c:1525)
mar 20 10:25:58 ubuntu-GL503VD open5gs-bsfd[755]: 03/20 10:25:58.154: [sbi] ERROR: parse_content() failed (../lib/sbi/message.c:1086)
mar 20 10:25:58 ubuntu-GL503VD open5gs-bsfd[755]: 03/20 10:25:58.154: [bsf] ERROR: cannot parse HTTP response (../src/bsf/bsf-sm.c:217)
mar 20 10:26:19 ubuntu-GL503VD open5gs-bsfd[755]: 03/20 10:26:19.166: [sbi] ERROR: [f6c00086-243c-41f1-bd51-51c4e67f7880] No heartbeat [type:BSF] (../lib/sbi/nf-sm.c:431)
mar 20 10:26:19 ubuntu-GL503VD open5gs-bsfd[755]: 03/20 10:26:19.166: [sbi] INFO: [f6c00086-243c-41f1-bd51-51c4e67f7880] NF de-registered (../lib/sbi/nf-sm.c:324)
mar 20 10:26:29 ubuntu-GL503VD open5gs-bsfd[755]: 03/20 10:26:29.180: [sbi] ERROR: Connection timer expired [METHOD:PATCH] (../lib/sbi/client.c:658)
mar 20 10:26:29 ubuntu-GL503VD open5gs-bsfd[755]: 03/20 10:26:29.180: [sbi] ERROR: Effective URL: http://192.168.50.200:7777/nnrf-nfm/v1/nf-instances/f6c00086-243c-41f1-bd51-51c4e67f7880 (../lib/sbi/client.c:662)
mar 20 10:26:29 ubuntu-GL503VD open5gs-bsfd[755]: 03/20 10:26:29.180: [sbi] WARNING: ogs_sbi_client_handler() failed [-3] (../lib/sbi/path.c:62)
mar 20 10:26:29 ubuntu-GL503VD open5gs-bsfd[755]: 03/20 10:26:29.925: [app] INFO: SIGTERM received (../src/main.c:54)
mar 20 10:26:29 ubuntu-GL503VD open5gs-bsfd[755]: 03/20 10:26:29.925: [app] INFO: Open5GS daemon terminating... (../src/main.c:231)
mar 20 10:26:29 ubuntu-GL503VD open5gs-bsfd[755]: 03/20 10:26:29.934: [app] INFO: BSF terminate...done (../src/bsf/app.c:39)
mar 20 10:26:29 ubuntu-GL503VD systemd[1]: Stopping Open5GS BSF Daemon...
mar 20 10:26:29 ubuntu-GL503VD systemd[1]: open5gs-bsfd.service: Deactivated successfully.
mar 20 10:26:29 ubuntu-GL503VD systemd[1]: Stopped Open5GS BSF Daemon.
-- Boot 0d6c1fa310c54bb4894331eb17ffd05d --
mar 20 10:26:58 ubuntu-GL503VD systemd[1]: Started Open5GS BSF Daemon.
mar 20 10:26:59 ubuntu-GL503VD open5gs-bsfd[751]: Open5GS daemon v2.7.6
mar 20 10:26:59 ubuntu-GL503VD open5gs-bsfd[751]: 03/20 10:26:59.073: [app] INFO: Configuration: '/etc/open5gs/bsf.yaml' (../lib/app/ogs-init.c:144)
mar 20 10:26:59 ubuntu-GL503VD open5gs-bsfd[751]: 03/20 10:26:59.073: [app] INFO: File Logging: '/var/log/open5gs/bsf.log' (../lib/app/ogs-init.c:147)
mar 20 10:26:59 ubuntu-GL503VD open5gs-bsfd[751]: 03/20 10:26:59.087: [sbi] INFO: Setup NF EndPoint(addr) [192.168.50.200:7777] (../lib/sbi/context.c:507)
mar 20 10:26:59 ubuntu-GL503VD open5gs-bsfd[751]: 03/20 10:26:59.087: [sbi] INFO: NF Service [nbsf-management] (../lib/sbi/context.c:1994)
mar 20 10:26:59 ubuntu-GL503VD open5gs-bsfd[751]: 03/20 10:26:59.106: [sbi] INFO: nghttp2_server() [http://127.0.0.15]:7777 (../lib/sbi/nghttp2-server.c:439)
mar 20 10:26:59 ubuntu-GL503VD open5gs-bsfd[751]: 03/20 10:26:59.108: [sbi] WARNING: Couldn't connect to server (7):  (../lib/sbi/client.c:757)
mar 20 10:26:59 ubuntu-GL503VD open5gs-bsfd[751]: 03/20 10:26:59.108: [sbi] WARNING: ogs_sbi_client_handler() failed [-1] (../lib/sbi/path.c:62)
mar 20 10:26:59 ubuntu-GL503VD open5gs-bsfd[751]: 03/20 10:26:59.112: [app] INFO: BSF initialize...done (../src/bsf/app.c:31)
mar 20 10:27:10 ubuntu-GL503VD open5gs-bsfd[751]: 03/20 10:27:10.098: [sbi] WARNING: [f1f0631e-243e-41f1-bbb6-875b0a87e789] Retry registration with NRF (../lib/sbi/nf-sm.c:256)
mar 20 10:27:10 ubuntu-GL503VD open5gs-bsfd[751]: 03/20 10:27:10.099: [sbi] WARNING: Couldn't connect to server (7):  (../lib/sbi/client.c:757)
mar 20 10:27:10 ubuntu-GL503VD open5gs-bsfd[751]: 03/20 10:27:10.099: [sbi] WARNING: ogs_sbi_client_handler() failed [-1] (../lib/sbi/path.c:62)
mar 20 10:27:21 ubuntu-GL503VD open5gs-bsfd[751]: 03/20 10:27:21.108: [sbi] WARNING: [f1f0631e-243e-41f1-bbb6-875b0a87e789] Retry registration with NRF (../lib/sbi/nf-sm.c:256)
mar 20 10:27:21 ubuntu-GL503VD open5gs-bsfd[751]: 03/20 10:27:21.108: [sbi] WARNING: Couldn't connect to server (7):  (../lib/sbi/client.c:757)
mar 20 10:27:21 ubuntu-GL503VD open5gs-bsfd[751]: 03/20 10:27:21.108: [sbi] WARNING: ogs_sbi_client_handler() failed [-1] (../lib/sbi/path.c:62)
mar 20 10:27:27 ubuntu-GL503VD open5gs-bsfd[751]: 03/20 10:27:27.692: [app] INFO: SIGTERM received (../src/main.c:54)
mar 20 10:27:27 ubuntu-GL503VD open5gs-bsfd[751]: 03/20 10:27:27.692: [app] INFO: Open5GS daemon terminating... (../src/main.c:231)
mar 20 10:27:27 ubuntu-GL503VD open5gs-bsfd[751]: 03/20 10:27:27.694: [app] INFO: BSF terminate...done (../src/bsf/app.c:39)
mar 20 10:27:27 ubuntu-GL503VD systemd[1]: Stopping Open5GS BSF Daemon...
mar 20 10:27:27 ubuntu-GL503VD systemd[1]: open5gs-bsfd.service: Deactivated successfully.
mar 20 10:27:27 ubuntu-GL503VD systemd[1]: Stopped Open5GS BSF Daemon.
-- Boot f831db6b34f64285849203987205fc77 --
mar 20 10:28:16 ubuntu-GL503VD systemd[1]: Started Open5GS BSF Daemon.
mar 20 10:28:17 ubuntu-GL503VD open5gs-bsfd[726]: Open5GS daemon v2.7.6
mar 20 10:28:17 ubuntu-GL503VD open5gs-bsfd[726]: 03/20 10:28:17.119: [app] INFO: Configuration: '/etc/open5gs/bsf.yaml' (../lib/app/ogs-init.c:144)
mar 20 10:28:17 ubuntu-GL503VD open5gs-bsfd[726]: 03/20 10:28:17.119: [app] INFO: File Logging: '/var/log/open5gs/bsf.log' (../lib/app/ogs-init.c:147)
mar 20 10:28:17 ubuntu-GL503VD open5gs-bsfd[726]: 03/20 10:28:17.124: [sbi] INFO: Setup NF EndPoint(addr) [192.168.50.200:7777] (../lib/sbi/context.c:507)
mar 20 10:28:17 ubuntu-GL503VD open5gs-bsfd[726]: 03/20 10:28:17.124: [sbi] INFO: NF Service [nbsf-management] (../lib/sbi/context.c:1994)
mar 20 10:28:17 ubuntu-GL503VD open5gs-bsfd[726]: 03/20 10:28:17.130: [sbi] INFO: nghttp2_server() [http://127.0.0.15]:7777 (../lib/sbi/nghttp2-server.c:439)
mar 20 10:28:17 ubuntu-GL503VD open5gs-bsfd[726]: 03/20 10:28:17.132: [app] INFO: BSF initialize...done (../src/bsf/app.c:31)
mar 20 10:28:17 ubuntu-GL503VD open5gs-bsfd[726]: 03/20 10:28:17.133: [sbi] WARNING: Couldn't connect to server (7):  (../lib/sbi/client.c:757)
mar 20 10:28:17 ubuntu-GL503VD open5gs-bsfd[726]: 03/20 10:28:17.133: [sbi] WARNING: ogs_sbi_client_handler() failed [-1] (../lib/sbi/path.c:62)
mar 20 10:28:28 ubuntu-GL503VD open5gs-bsfd[726]: 03/20 10:28:28.135: [sbi] WARNING: [20745a24-243f-41f1-98d1-273ec85e98f1] Retry registration with NRF (../lib/sbi/nf-sm.c:256)
mar 20 10:28:28 ubuntu-GL503VD open5gs-bsfd[726]: 03/20 10:28:28.137: [sbi] INFO: [20745a24-243f-41f1-98d1-273ec85e98f1] NF registered [Heartbeat:10s] (../lib/sbi/nf-sm.c:295)
mar 20 10:28:28 ubuntu-GL503VD open5gs-bsfd[726]: 03/20 10:28:28.138: [sbi] INFO: Setup NF EndPoint(addr) [127.0.0.10:7777] (../lib/sbi/nnrf-handler.c:955)
mar 20 10:28:28 ubuntu-GL503VD open5gs-bsfd[726]: 03/20 10:28:28.138: [sbi] INFO: [27051a0e-243f-41f1-951d-6d19baefd136] Subscription created until 2026-03-21T10:28:28.138181+01:00 [duration:86400000000,validity:86400.000000,patch:43200.000000] (../lib/sbi/nnrf-handler.c:874)
mar 20 11:40:12 ubuntu-GL503VD open5gs-bsfd[726]: 03/20 11:40:12.993: [sbi] ERROR: [20745a24-243f-41f1-98d1-273ec85e98f1] No heartbeat [type:BSF] (../lib/sbi/nf-sm.c:431)
mar 20 11:40:12 ubuntu-GL503VD open5gs-bsfd[726]: 03/20 11:40:12.993: [sbi] INFO: [20745a24-243f-41f1-98d1-273ec85e98f1] NF de-registered (../lib/sbi/nf-sm.c:324)
mar 20 11:40:12 ubuntu-GL503VD open5gs-bsfd[726]: 03/20 11:40:12.996: [sbi] ERROR: [20745a24-243f-41f1-98d1-273ec85e98f1] HTTP Response Status Code [404] (../lib/sbi/nf-sm.c:232)
mar 20 11:40:14 ubuntu-GL503VD open5gs-bsfd[726]: 03/20 11:40:14.998: [sbi] WARNING: [20745a24-243f-41f1-98d1-273ec85e98f1] Retry registration with NRF (../lib/sbi/nf-sm.c:529)
mar 20 11:40:14 ubuntu-GL503VD open5gs-bsfd[726]: 03/20 11:40:14.999: [sbi] INFO: [20745a24-243f-41f1-98d1-273ec85e98f1] NF registered [Heartbeat:10s] (../lib/sbi/nf-sm.c:295)
mar 20 11:40:15 ubuntu-GL503VD open5gs-bsfd[726]: 03/20 11:40:15.000: [sbi] INFO: Setup NF EndPoint(addr) [127.0.0.10:7777] (../lib/sbi/nnrf-handler.c:955)
mar 20 11:40:15 ubuntu-GL503VD open5gs-bsfd[726]: 03/20 11:40:15.000: [sbi] INFO: [2e1c0c4e-2449-41f1-951d-6d19baefd136] Subscription created until 2026-03-21T11:40:14.999907+01:00 [duration:86400000000,validity:86400.000000,patch:43200.000000] (../lib/sbi/nnrf-handler.c:874)
mar 20 11:40:46 ubuntu-GL503VD open5gs-bsfd[726]: 03/20 11:40:46.012: [sbi] ERROR: [20745a24-243f-41f1-98d1-273ec85e98f1] No heartbeat [type:BSF] (../lib/sbi/nf-sm.c:431)
mar 20 11:40:46 ubuntu-GL503VD open5gs-bsfd[726]: 03/20 11:40:46.013: [sbi] INFO: [20745a24-243f-41f1-98d1-273ec85e98f1] NF de-registered (../lib/sbi/nf-sm.c:324)
mar 20 11:40:49 ubuntu-GL503VD open5gs-bsfd[726]: 03/20 11:40:49.097: [sbi] ERROR: [20745a24-243f-41f1-98d1-273ec85e98f1] HTTP Response Status Code [404] (../lib/sbi/nf-sm.c:232)
mar 20 11:40:51 ubuntu-GL503VD open5gs-bsfd[726]: 03/20 11:40:51.099: [sbi] WARNING: [20745a24-243f-41f1-98d1-273ec85e98f1] Retry registration with NRF (../lib/sbi/nf-sm.c:529)
mar 20 11:40:51 ubuntu-GL503VD open5gs-bsfd[726]: 03/20 11:40:51.101: [sbi] INFO: [20745a24-243f-41f1-98d1-273ec85e98f1] NF registered [Heartbeat:10s] (../lib/sbi/nf-sm.c:295)
mar 20 11:40:51 ubuntu-GL503VD open5gs-bsfd[726]: 03/20 11:40:51.102: [sbi] INFO: Setup NF EndPoint(addr) [127.0.0.10:7777] (../lib/sbi/nnrf-handler.c:955)
mar 20 11:40:51 ubuntu-GL503VD open5gs-bsfd[726]: 03/20 11:40:51.102: [sbi] INFO: [43a0cab4-2449-41f1-951d-6d19baefd136] Subscription created until 2026-03-21T11:40:51.102001+01:00 [duration:86400000000,validity:86400.000000,patch:43200.000000] (../lib/sbi/nnrf-handler.c:874)
mar 20 11:54:52 ubuntu-GL503VD open5gs-bsfd[726]: 03/20 11:54:52.854: [sbi] ERROR: [20745a24-243f-41f1-98d1-273ec85e98f1] No heartbeat [type:BSF] (../lib/sbi/nf-sm.c:431)
mar 20 11:54:52 ubuntu-GL503VD open5gs-bsfd[726]: 03/20 11:54:52.854: [sbi] INFO: [20745a24-243f-41f1-98d1-273ec85e98f1] NF de-registered (../lib/sbi/nf-sm.c:324)
mar 20 11:55:02 ubuntu-GL503VD open5gs-bsfd[726]: 03/20 11:55:02.872: [sbi] ERROR: Connection timer expired [METHOD:PATCH] (../lib/sbi/client.c:658)
mar 20 11:55:02 ubuntu-GL503VD open5gs-bsfd[726]: 03/20 11:55:02.872: [sbi] ERROR: Effective URL: http://192.168.50.200:7777/nnrf-nfm/v1/nf-instances/20745a24-243f-41f1-98d1-273ec85e98f1 (../lib/sbi/client.c:662)
mar 20 11:55:02 ubuntu-GL503VD open5gs-bsfd[726]: 03/20 11:55:02.872: [sbi] WARNING: ogs_sbi_client_handler() failed [-3] (../lib/sbi/path.c:62)
mar 20 11:55:03 ubuntu-GL503VD open5gs-bsfd[726]: 03/20 11:55:03.855: [sbi] ERROR: Connection timer expired [METHOD:PUT] (../lib/sbi/client.c:658)
mar 20 11:55:03 ubuntu-GL503VD open5gs-bsfd[726]: 03/20 11:55:03.855: [sbi] ERROR: Effective URL: http://192.168.50.200:7777/nnrf-nfm/v1/nf-instances/20745a24-243f-41f1-98d1-273ec85e98f1 (../lib/sbi/client.c:662)
mar 20 11:55:03 ubuntu-GL503VD open5gs-bsfd[726]: 03/20 11:55:03.855: [sbi] WARNING: ogs_sbi_client_handler() failed [-3] (../lib/sbi/path.c:62)
mar 20 11:55:03 ubuntu-GL503VD open5gs-bsfd[726]: 03/20 11:55:03.855: [sbi] WARNING: [20745a24-243f-41f1-98d1-273ec85e98f1] Retry registration with NRF (../lib/sbi/nf-sm.c:256)
mar 20 11:55:14 ubuntu-GL503VD open5gs-bsfd[726]: 03/20 11:55:14.865: [sbi] ERROR: Connection timer expired [METHOD:PUT] (../lib/sbi/client.c:658)
mar 20 11:55:14 ubuntu-GL503VD open5gs-bsfd[726]: 03/20 11:55:14.866: [sbi] ERROR: Effective URL: http://192.168.50.200:7777/nnrf-nfm/v1/nf-instances/20745a24-243f-41f1-98d1-273ec85e98f1 (../lib/sbi/client.c:662)
mar 20 11:55:14 ubuntu-GL503VD open5gs-bsfd[726]: 03/20 11:55:14.866: [sbi] WARNING: ogs_sbi_client_handler() failed [-3] (../lib/sbi/path.c:62)
mar 20 11:55:14 ubuntu-GL503VD open5gs-bsfd[726]: 03/20 11:55:14.866: [sbi] WARNING: [20745a24-243f-41f1-98d1-273ec85e98f1] Retry registration with NRF (../lib/sbi/nf-sm.c:256)
mar 20 12:10:25 ubuntu-GL503VD open5gs-bsfd[726]: 03/20 12:10:25.157: [core] ERROR: epoll failed (4:Interrupted system call) (../lib/core/ogs-epoll.c:221)
mar 20 12:10:26 ubuntu-GL503VD open5gs-bsfd[726]: 03/20 12:10:26.336: [sbi] ERROR: Connection timer expired [METHOD:PUT] (../lib/sbi/client.c:658)
mar 20 12:10:26 ubuntu-GL503VD open5gs-bsfd[726]: 03/20 12:10:26.336: [sbi] ERROR: Effective URL: http://192.168.50.200:7777/nnrf-nfm/v1/nf-instances/20745a24-243f-41f1-98d1-273ec85e98f1 (../lib/sbi/client.c:662)
mar 20 12:10:26 ubuntu-GL503VD open5gs-bsfd[726]: 03/20 12:10:26.336: [sbi] WARNING: ogs_sbi_client_handler() failed [-3] (../lib/sbi/path.c:62)
mar 20 12:10:26 ubuntu-GL503VD open5gs-bsfd[726]: 03/20 12:10:26.336: [sbi] WARNING: [20745a24-243f-41f1-98d1-273ec85e98f1] Retry registration with NRF (../lib/sbi/nf-sm.c:256)
mar 20 12:10:37 ubuntu-GL503VD open5gs-bsfd[726]: 03/20 12:10:37.348: [sbi] ERROR: Connection timer expired [METHOD:PUT] (../lib/sbi/client.c:658)
mar 20 12:10:37 ubuntu-GL503VD open5gs-bsfd[726]: 03/20 12:10:37.348: [sbi] ERROR: Effective URL: http://192.168.50.200:7777/nnrf-nfm/v1/nf-instances/20745a24-243f-41f1-98d1-273ec85e98f1 (../lib/sbi/client.c:662)
mar 20 12:10:37 ubuntu-GL503VD open5gs-bsfd[726]: 03/20 12:10:37.348: [sbi] WARNING: ogs_sbi_client_handler() failed [-3] (../lib/sbi/path.c:62)
mar 20 12:10:37 ubuntu-GL503VD open5gs-bsfd[726]: 03/20 12:10:37.349: [sbi] WARNING: [20745a24-243f-41f1-98d1-273ec85e98f1] Retry registration with NRF (../lib/sbi/nf-sm.c:256)
mar 20 12:10:37 ubuntu-GL503VD open5gs-bsfd[726]: 03/20 12:10:37.357: [sbi] INFO: [20745a24-243f-41f1-98d1-273ec85e98f1] NF registered [Heartbeat:10s] (../lib/sbi/nf-sm.c:295)
mar 20 12:10:37 ubuntu-GL503VD open5gs-bsfd[726]: 03/20 12:10:37.361: [sbi] INFO: Setup NF EndPoint(addr) [127.0.0.10:7777] (../lib/sbi/nnrf-handler.c:955)
mar 20 12:10:37 ubuntu-GL503VD open5gs-bsfd[726]: 03/20 12:10:37.361: [sbi] INFO: [6c5213f6-244d-41f1-951d-6d19baefd136] Subscription created until 2026-03-21T12:10:37.359770+01:00 [duration:86400000000,validity:86400.000000,patch:43200.000000] (../lib/sbi/nnrf-handler.c:874)
mar 20 12:11:08 ubuntu-GL503VD open5gs-bsfd[726]: 03/20 12:11:08.379: [sbi] ERROR: [20745a24-243f-41f1-98d1-273ec85e98f1] No heartbeat [type:BSF] (../lib/sbi/nf-sm.c:431)
mar 20 12:11:08 ubuntu-GL503VD open5gs-bsfd[726]: 03/20 12:11:08.379: [sbi] INFO: [20745a24-243f-41f1-98d1-273ec85e98f1] NF de-registered (../lib/sbi/nf-sm.c:324)
mar 20 12:11:13 ubuntu-GL503VD open5gs-bsfd[726]: 03/20 12:11:13.786: [sbi] ERROR: [20745a24-243f-41f1-98d1-273ec85e98f1] HTTP Response Status Code [404] (../lib/sbi/nf-sm.c:232)
mar 20 12:11:15 ubuntu-GL503VD open5gs-bsfd[726]: 03/20 12:11:15.787: [sbi] WARNING: [20745a24-243f-41f1-98d1-273ec85e98f1] Retry registration with NRF (../lib/sbi/nf-sm.c:529)
mar 20 12:11:15 ubuntu-GL503VD open5gs-bsfd[726]: 03/20 12:11:15.789: [sbi] ERROR: OVERFLOW NFProfile->plmn_list [12:12:12] (../lib/sbi/nnrf-handler.c:59)
mar 20 12:11:15 ubuntu-GL503VD open5gs-bsfd[726]: 03/20 12:11:15.789: [sbi] INFO: [20745a24-243f-41f1-98d1-273ec85e98f1] NF registered [Heartbeat:10s] (../lib/sbi/nf-sm.c:295)
mar 20 12:11:15 ubuntu-GL503VD open5gs-bsfd[726]: 03/20 12:11:15.790: [sbi] INFO: Setup NF EndPoint(addr) [127.0.0.10:7777] (../lib/sbi/nnrf-handler.c:955)
mar 20 12:11:15 ubuntu-GL503VD open5gs-bsfd[726]: 03/20 12:11:15.790: [sbi] INFO: [833a059c-244d-41f1-951d-6d19baefd136] Subscription created until 2026-03-21T12:11:15.789583+01:00 [duration:86400000000,validity:86400.000000,patch:43200.000000] (../lib/sbi/nnrf-handler.c:874)
mar 20 12:11:46 ubuntu-GL503VD open5gs-bsfd[726]: 03/20 12:11:46.810: [sbi] ERROR: [20745a24-243f-41f1-98d1-273ec85e98f1] No heartbeat [type:BSF] (../lib/sbi/nf-sm.c:431)
mar 20 12:11:46 ubuntu-GL503VD open5gs-bsfd[726]: 03/20 12:11:46.810: [sbi] INFO: [20745a24-243f-41f1-98d1-273ec85e98f1] NF de-registered (../lib/sbi/nf-sm.c:324)
mar 20 12:11:56 ubuntu-GL503VD open5gs-bsfd[726]: 03/20 12:11:56.829: [sbi] ERROR: Connection timer expired [METHOD:PATCH] (../lib/sbi/client.c:658)
mar 20 12:11:56 ubuntu-GL503VD open5gs-bsfd[726]: 03/20 12:11:56.829: [sbi] ERROR: Effective URL: http://192.168.50.200:7777/nnrf-nfm/v1/nf-instances/20745a24-243f-41f1-98d1-273ec85e98f1 (../lib/sbi/client.c:662)
mar 20 12:11:56 ubuntu-GL503VD open5gs-bsfd[726]: 03/20 12:11:56.829: [sbi] WARNING: ogs_sbi_client_handler() failed [-3] (../lib/sbi/path.c:62)
mar 20 12:11:56 ubuntu-GL503VD open5gs-bsfd[726]: 03/20 12:11:56.833: [sbi] ERROR: OVERFLOW NFProfile->plmn_list [12:12:12] (../lib/sbi/nnrf-handler.c:59)
mar 20 12:11:56 ubuntu-GL503VD open5gs-bsfd[726]: 03/20 12:11:56.833: [sbi] INFO: [20745a24-243f-41f1-98d1-273ec85e98f1] NF registered [Heartbeat:10s] (../lib/sbi/nf-sm.c:295)
mar 20 12:11:56 ubuntu-GL503VD open5gs-bsfd[726]: 03/20 12:11:56.834: [sbi] INFO: Setup NF EndPoint(addr) [127.0.0.10:7777] (../lib/sbi/nnrf-handler.c:955)
mar 20 12:11:56 ubuntu-GL503VD open5gs-bsfd[726]: 03/20 12:11:56.834: [sbi] INFO: [9bb0e9d8-244d-41f1-951d-6d19baefd136] Subscription created until 2026-03-21T12:11:56.834106+01:00 [duration:86400000000,validity:86400.000000,patch:43200.000000] (../lib/sbi/nnrf-handler.c:874)
mar 20 12:12:37 ubuntu-GL503VD open5gs-bsfd[726]: 03/20 12:12:37.867: [sbi] ERROR: [20745a24-243f-41f1-98d1-273ec85e98f1] No heartbeat [type:BSF] (../lib/sbi/nf-sm.c:431)
mar 20 12:12:37 ubuntu-GL503VD open5gs-bsfd[726]: 03/20 12:12:37.867: [sbi] INFO: [20745a24-243f-41f1-98d1-273ec85e98f1] NF de-registered (../lib/sbi/nf-sm.c:324)
mar 20 12:12:39 ubuntu-GL503VD open5gs-bsfd[726]: 03/20 12:12:39.993: [sbi] ERROR: [20745a24-243f-41f1-98d1-273ec85e98f1] HTTP Response Status Code [404] (../lib/sbi/nf-sm.c:232)
mar 20 12:12:41 ubuntu-GL503VD open5gs-bsfd[726]: 03/20 12:12:41.995: [sbi] WARNING: [20745a24-243f-41f1-98d1-273ec85e98f1] Retry registration with NRF (../lib/sbi/nf-sm.c:529)
mar 20 12:12:41 ubuntu-GL503VD open5gs-bsfd[726]: 03/20 12:12:41.997: [sbi] ERROR: OVERFLOW NFProfile->plmn_list [12:12:12] (../lib/sbi/nnrf-handler.c:59)
mar 20 12:12:41 ubuntu-GL503VD open5gs-bsfd[726]: 03/20 12:12:41.997: [sbi] INFO: [20745a24-243f-41f1-98d1-273ec85e98f1] NF registered [Heartbeat:10s] (../lib/sbi/nf-sm.c:295)
mar 20 12:12:41 ubuntu-GL503VD open5gs-bsfd[726]: 03/20 12:12:41.998: [sbi] INFO: Setup NF EndPoint(addr) [127.0.0.10:7777] (../lib/sbi/nnrf-handler.c:955)
mar 20 12:12:41 ubuntu-GL503VD open5gs-bsfd[726]: 03/20 12:12:41.998: [sbi] INFO: [b69c56ba-244d-41f1-951d-6d19baefd136] Subscription created until 2026-03-21T12:12:41.997745+01:00 [duration:86400000000,validity:86400.000000,patch:43200.000000] (../lib/sbi/nnrf-handler.c:874)
mar 20 12:13:13 ubuntu-GL503VD open5gs-bsfd[726]: 03/20 12:13:13.018: [sbi] ERROR: [20745a24-243f-41f1-98d1-273ec85e98f1] No heartbeat [type:BSF] (../lib/sbi/nf-sm.c:431)
mar 20 12:13:13 ubuntu-GL503VD open5gs-bsfd[726]: 03/20 12:13:13.018: [sbi] INFO: [20745a24-243f-41f1-98d1-273ec85e98f1] NF de-registered (../lib/sbi/nf-sm.c:324)
mar 20 12:13:23 ubuntu-GL503VD open5gs-bsfd[726]: 03/20 12:13:23.036: [sbi] ERROR: Connection timer expired [METHOD:PATCH] (../lib/sbi/client.c:658)
mar 20 12:13:23 ubuntu-GL503VD open5gs-bsfd[726]: 03/20 12:13:23.036: [sbi] ERROR: Effective URL: http://192.168.50.200:7777/nnrf-nfm/v1/nf-instances/20745a24-243f-41f1-98d1-273ec85e98f1 (../lib/sbi/client.c:662)
mar 20 12:13:23 ubuntu-GL503VD open5gs-bsfd[726]: 03/20 12:13:23.036: [sbi] WARNING: ogs_sbi_client_handler() failed [-3] (../lib/sbi/path.c:62)
mar 20 12:13:23 ubuntu-GL503VD open5gs-bsfd[726]: 03/20 12:13:23.038: [sbi] ERROR: OVERFLOW NFProfile->plmn_list [12:12:12] (../lib/sbi/nnrf-handler.c:59)
mar 20 12:13:23 ubuntu-GL503VD open5gs-bsfd[726]: 03/20 12:13:23.038: [sbi] INFO: [20745a24-243f-41f1-98d1-273ec85e98f1] NF registered [Heartbeat:10s] (../lib/sbi/nf-sm.c:295)
mar 20 12:13:23 ubuntu-GL503VD open5gs-bsfd[726]: 03/20 12:13:23.039: [sbi] INFO: Setup NF EndPoint(addr) [127.0.0.10:7777] (../lib/sbi/nnrf-handler.c:955)
mar 20 12:13:23 ubuntu-GL503VD open5gs-bsfd[726]: 03/20 12:13:23.039: [sbi] INFO: [cf12c8dc-244d-41f1-951d-6d19baefd136] Subscription created until 2026-03-21T12:13:23.039276+01:00 [duration:86400000000,validity:86400.000000,patch:43200.000000] (../lib/sbi/nnrf-handler.c:874)
mar 20 12:13:54 ubuntu-GL503VD open5gs-bsfd[726]: 03/20 12:13:54.061: [sbi] ERROR: [20745a24-243f-41f1-98d1-273ec85e98f1] No heartbeat [type:BSF] (../lib/sbi/nf-sm.c:431)
mar 20 12:13:54 ubuntu-GL503VD open5gs-bsfd[726]: 03/20 12:13:54.061: [sbi] INFO: [20745a24-243f-41f1-98d1-273ec85e98f1] NF de-registered (../lib/sbi/nf-sm.c:324)
mar 20 12:14:04 ubuntu-GL503VD open5gs-bsfd[726]: 03/20 12:14:04.076: [sbi] ERROR: Connection timer expired [METHOD:PATCH] (../lib/sbi/client.c:658)
mar 20 12:14:04 ubuntu-GL503VD open5gs-bsfd[726]: 03/20 12:14:04.076: [sbi] ERROR: Effective URL: http://192.168.50.200:7777/nnrf-nfm/v1/nf-instances/20745a24-243f-41f1-98d1-273ec85e98f1 (../lib/sbi/client.c:662)
mar 20 12:14:04 ubuntu-GL503VD open5gs-bsfd[726]: 03/20 12:14:04.076: [sbi] WARNING: ogs_sbi_client_handler() failed [-3] (../lib/sbi/path.c:62)
mar 20 12:14:04 ubuntu-GL503VD open5gs-bsfd[726]: 03/20 12:14:04.078: [sbi] ERROR: OVERFLOW NFProfile->plmn_list [12:12:12] (../lib/sbi/nnrf-handler.c:59)
mar 20 12:14:04 ubuntu-GL503VD open5gs-bsfd[726]: 03/20 12:14:04.078: [sbi] INFO: [20745a24-243f-41f1-98d1-273ec85e98f1] NF registered [Heartbeat:10s] (../lib/sbi/nf-sm.c:295)
mar 20 12:14:04 ubuntu-GL503VD open5gs-bsfd[726]: 03/20 12:14:04.079: [sbi] INFO: Setup NF EndPoint(addr) [127.0.0.10:7777] (../lib/sbi/nnrf-handler.c:955)
mar 20 12:14:04 ubuntu-GL503VD open5gs-bsfd[726]: 03/20 12:14:04.079: [sbi] INFO: [e7890034-244d-41f1-951d-6d19baefd136] Subscription created until 2026-03-21T12:14:04.079337+01:00 [duration:86400000000,validity:86400.000000,patch:43200.000000] (../lib/sbi/nnrf-handler.c:874)
mar 20 15:35:52 ubuntu-GL503VD open5gs-bsfd[726]: 03/20 15:35:52.136: [core] ERROR: epoll failed (4:Interrupted system call) (../lib/core/ogs-epoll.c:221)
mar 20 15:35:52 ubuntu-GL503VD open5gs-bsfd[726]: 03/20 15:35:52.143: [sbi] ERROR: [20745a24-243f-41f1-98d1-273ec85e98f1] No heartbeat [type:BSF] (../lib/sbi/nf-sm.c:431)
mar 20 15:35:52 ubuntu-GL503VD open5gs-bsfd[726]: 03/20 15:35:52.143: [sbi] INFO: [20745a24-243f-41f1-98d1-273ec85e98f1] NF de-registered (../lib/sbi/nf-sm.c:324)
mar 20 15:35:58 ubuntu-GL503VD open5gs-bsfd[726]: 03/20 15:35:58.533: [sbi] ERROR: [20745a24-243f-41f1-98d1-273ec85e98f1] HTTP Response Status Code [404] (../lib/sbi/nf-sm.c:232)
mar 20 15:36:00 ubuntu-GL503VD open5gs-bsfd[726]: 03/20 15:36:00.536: [sbi] WARNING: [20745a24-243f-41f1-98d1-273ec85e98f1] Retry registration with NRF (../lib/sbi/nf-sm.c:529)
mar 20 15:36:00 ubuntu-GL503VD open5gs-bsfd[726]: 03/20 15:36:00.537: [sbi] ERROR: OVERFLOW NFProfile->plmn_list [12:12:12] (../lib/sbi/nnrf-handler.c:59)
mar 20 15:36:00 ubuntu-GL503VD open5gs-bsfd[726]: 03/20 15:36:00.537: [sbi] INFO: [20745a24-243f-41f1-98d1-273ec85e98f1] NF registered [Heartbeat:10s] (../lib/sbi/nf-sm.c:295)
mar 20 15:36:00 ubuntu-GL503VD open5gs-bsfd[726]: 03/20 15:36:00.538: [sbi] INFO: Setup NF EndPoint(addr) [127.0.0.10:7777] (../lib/sbi/nnrf-handler.c:955)
mar 20 15:36:00 ubuntu-GL503VD open5gs-bsfd[726]: 03/20 15:36:00.538: [sbi] INFO: [1d81db2c-246a-41f1-951d-6d19baefd136] Subscription created until 2026-03-21T15:36:00.537924+01:00 [duration:86400000000,validity:86400.000000,patch:43200.000000] (../lib/sbi/nnrf-handler.c:874)
mar 20 15:36:31 ubuntu-GL503VD open5gs-bsfd[726]: 03/20 15:36:31.561: [sbi] ERROR: [20745a24-243f-41f1-98d1-273ec85e98f1] No heartbeat [type:BSF] (../lib/sbi/nf-sm.c:431)
mar 20 15:36:31 ubuntu-GL503VD open5gs-bsfd[726]: 03/20 15:36:31.561: [sbi] INFO: [20745a24-243f-41f1-98d1-273ec85e98f1] NF de-registered (../lib/sbi/nf-sm.c:324)
mar 20 15:36:41 ubuntu-GL503VD open5gs-bsfd[726]: 03/20 15:36:41.579: [sbi] ERROR: Connection timer expired [METHOD:PATCH] (../lib/sbi/client.c:658)
mar 20 15:36:41 ubuntu-GL503VD open5gs-bsfd[726]: 03/20 15:36:41.579: [sbi] ERROR: Effective URL: http://192.168.50.200:7777/nnrf-nfm/v1/nf-instances/20745a24-243f-41f1-98d1-273ec85e98f1 (../lib/sbi/client.c:662)
mar 20 15:36:41 ubuntu-GL503VD open5gs-bsfd[726]: 03/20 15:36:41.579: [sbi] WARNING: ogs_sbi_client_handler() failed [-3] (../lib/sbi/path.c:62)
mar 20 15:36:41 ubuntu-GL503VD open5gs-bsfd[726]: 03/20 15:36:41.581: [sbi] ERROR: OVERFLOW NFProfile->plmn_list [12:12:12] (../lib/sbi/nnrf-handler.c:59)
mar 20 15:36:41 ubuntu-GL503VD open5gs-bsfd[726]: 03/20 15:36:41.581: [sbi] INFO: [20745a24-243f-41f1-98d1-273ec85e98f1] NF registered [Heartbeat:10s] (../lib/sbi/nf-sm.c:295)
mar 20 15:36:41 ubuntu-GL503VD open5gs-bsfd[726]: 03/20 15:36:41.582: [sbi] INFO: Setup NF EndPoint(addr) [127.0.0.10:7777] (../lib/sbi/nnrf-handler.c:955)
mar 20 15:36:41 ubuntu-GL503VD open5gs-bsfd[726]: 03/20 15:36:41.582: [sbi] INFO: [35f8a816-246a-41f1-951d-6d19baefd136] Subscription created until 2026-03-21T15:36:41.581800+01:00 [duration:86400000000,validity:86400.000000,patch:43200.000000] (../lib/sbi/nnrf-handler.c:874)
mar 20 15:37:22 ubuntu-GL503VD open5gs-bsfd[726]: 03/20 15:37:22.614: [sbi] ERROR: [20745a24-243f-41f1-98d1-273ec85e98f1] No heartbeat [type:BSF] (../lib/sbi/nf-sm.c:431)
mar 20 15:37:22 ubuntu-GL503VD open5gs-bsfd[726]: 03/20 15:37:22.614: [sbi] INFO: [20745a24-243f-41f1-98d1-273ec85e98f1] NF de-registered (../lib/sbi/nf-sm.c:324)
mar 20 15:37:23 ubuntu-GL503VD open5gs-bsfd[726]: 03/20 15:37:23.081: [sbi] ERROR: [20745a24-243f-41f1-98d1-273ec85e98f1] HTTP Response Status Code [404] (../lib/sbi/nf-sm.c:232)
mar 20 15:37:25 ubuntu-GL503VD open5gs-bsfd[726]: 03/20 15:37:25.083: [sbi] WARNING: [20745a24-243f-41f1-98d1-273ec85e98f1] Retry registration with NRF (../lib/sbi/nf-sm.c:529)
mar 20 15:37:25 ubuntu-GL503VD open5gs-bsfd[726]: 03/20 15:37:25.084: [sbi] ERROR: OVERFLOW NFProfile->plmn_list [12:12:12] (../lib/sbi/nnrf-handler.c:59)
mar 20 15:37:25 ubuntu-GL503VD open5gs-bsfd[726]: 03/20 15:37:25.084: [sbi] INFO: [20745a24-243f-41f1-98d1-273ec85e98f1] NF registered [Heartbeat:10s] (../lib/sbi/nf-sm.c:295)
mar 20 15:37:25 ubuntu-GL503VD open5gs-bsfd[726]: 03/20 15:37:25.089: [sbi] INFO: Setup NF EndPoint(addr) [127.0.0.10:7777] (../lib/sbi/nnrf-handler.c:955)
mar 20 15:37:25 ubuntu-GL503VD open5gs-bsfd[726]: 03/20 15:37:25.089: [sbi] INFO: [4fe6ca6e-246a-41f1-951d-6d19baefd136] Subscription created until 2026-03-21T15:37:25.086071+01:00 [duration:86400000000,validity:86400.000000,patch:43200.000000] (../lib/sbi/nnrf-handler.c:874)
mar 20 15:37:56 ubuntu-GL503VD open5gs-bsfd[726]: 03/20 15:37:56.107: [sbi] ERROR: [20745a24-243f-41f1-98d1-273ec85e98f1] No heartbeat [type:BSF] (../lib/sbi/nf-sm.c:431)
mar 20 15:37:56 ubuntu-GL503VD open5gs-bsfd[726]: 03/20 15:37:56.107: [sbi] INFO: [20745a24-243f-41f1-98d1-273ec85e98f1] NF de-registered (../lib/sbi/nf-sm.c:324)
mar 20 15:38:06 ubuntu-GL503VD open5gs-bsfd[726]: 03/20 15:38:06.126: [sbi] ERROR: Connection timer expired [METHOD:PATCH] (../lib/sbi/client.c:658)
mar 20 15:38:06 ubuntu-GL503VD open5gs-bsfd[726]: 03/20 15:38:06.126: [sbi] ERROR: Effective URL: http://192.168.50.200:7777/nnrf-nfm/v1/nf-instances/20745a24-243f-41f1-98d1-273ec85e98f1 (../lib/sbi/client.c:662)
mar 20 15:38:06 ubuntu-GL503VD open5gs-bsfd[726]: 03/20 15:38:06.126: [sbi] WARNING: ogs_sbi_client_handler() failed [-3] (../lib/sbi/path.c:62)
mar 20 15:38:06 ubuntu-GL503VD open5gs-bsfd[726]: 03/20 15:38:06.130: [sbi] ERROR: OVERFLOW NFProfile->plmn_list [12:12:12] (../lib/sbi/nnrf-handler.c:59)
mar 20 15:38:06 ubuntu-GL503VD open5gs-bsfd[726]: 03/20 15:38:06.130: [sbi] INFO: [20745a24-243f-41f1-98d1-273ec85e98f1] NF registered [Heartbeat:10s] (../lib/sbi/nf-sm.c:295)
mar 20 15:38:06 ubuntu-GL503VD open5gs-bsfd[726]: 03/20 15:38:06.131: [sbi] INFO: Setup NF EndPoint(addr) [127.0.0.10:7777] (../lib/sbi/nnrf-handler.c:955)
mar 20 15:38:06 ubuntu-GL503VD open5gs-bsfd[726]: 03/20 15:38:06.131: [sbi] INFO: [685dd8f8-246a-41f1-951d-6d19baefd136] Subscription created until 2026-03-21T15:38:06.131044+01:00 [duration:86400000000,validity:86400.000000,patch:43200.000000] (../lib/sbi/nnrf-handler.c:874)
mar 20 15:38:37 ubuntu-GL503VD open5gs-bsfd[726]: 03/20 15:38:37.153: [sbi] ERROR: [20745a24-243f-41f1-98d1-273ec85e98f1] No heartbeat [type:BSF] (../lib/sbi/nf-sm.c:431)
mar 20 15:38:37 ubuntu-GL503VD open5gs-bsfd[726]: 03/20 15:38:37.153: [sbi] INFO: [20745a24-243f-41f1-98d1-273ec85e98f1] NF de-registered (../lib/sbi/nf-sm.c:324)
mar 20 15:38:47 ubuntu-GL503VD open5gs-bsfd[726]: 03/20 15:38:47.171: [sbi] ERROR: Connection timer expired [METHOD:PATCH] (../lib/sbi/client.c:658)
mar 20 15:38:47 ubuntu-GL503VD open5gs-bsfd[726]: 03/20 15:38:47.171: [sbi] ERROR: Effective URL: http://192.168.50.200:7777/nnrf-nfm/v1/nf-instances/20745a24-243f-41f1-98d1-273ec85e98f1 (../lib/sbi/client.c:662)
mar 20 15:38:47 ubuntu-GL503VD open5gs-bsfd[726]: 03/20 15:38:47.171: [sbi] WARNING: ogs_sbi_client_handler() failed [-3] (../lib/sbi/path.c:62)
mar 20 15:38:47 ubuntu-GL503VD open5gs-bsfd[726]: 03/20 15:38:47.177: [sbi] ERROR: OVERFLOW NFProfile->plmn_list [12:12:12] (../lib/sbi/nnrf-handler.c:59)
mar 20 15:38:47 ubuntu-GL503VD open5gs-bsfd[726]: 03/20 15:38:47.177: [sbi] INFO: [20745a24-243f-41f1-98d1-273ec85e98f1] NF registered [Heartbeat:10s] (../lib/sbi/nf-sm.c:295)
mar 20 15:38:47 ubuntu-GL503VD open5gs-bsfd[726]: 03/20 15:38:47.180: [sbi] INFO: Setup NF EndPoint(addr) [127.0.0.10:7777] (../lib/sbi/nnrf-handler.c:955)
mar 20 15:38:47 ubuntu-GL503VD open5gs-bsfd[726]: 03/20 15:38:47.180: [sbi] INFO: [80d54aec-246a-41f1-951d-6d19baefd136] Subscription created until 2026-03-21T15:38:47.179168+01:00 [duration:86400000000,validity:86400.000000,patch:43200.000000] (../lib/sbi/nnrf-handler.c:874)
mar 20 15:39:28 ubuntu-GL503VD open5gs-bsfd[726]: 03/20 15:39:28.210: [sbi] ERROR: [20745a24-243f-41f1-98d1-273ec85e98f1] No heartbeat [type:BSF] (../lib/sbi/nf-sm.c:431)
mar 20 15:39:28 ubuntu-GL503VD open5gs-bsfd[726]: 03/20 15:39:28.210: [sbi] INFO: [20745a24-243f-41f1-98d1-273ec85e98f1] NF de-registered (../lib/sbi/nf-sm.c:324)
mar 20 15:39:28 ubuntu-GL503VD open5gs-bsfd[726]: 03/20 15:39:28.649: [sbi] ERROR: [20745a24-243f-41f1-98d1-273ec85e98f1] HTTP Response Status Code [404] (../lib/sbi/nf-sm.c:232)
mar 20 15:39:30 ubuntu-GL503VD open5gs-bsfd[726]: 03/20 15:39:30.651: [sbi] WARNING: [20745a24-243f-41f1-98d1-273ec85e98f1] Retry registration with NRF (../lib/sbi/nf-sm.c:529)
mar 20 15:39:30 ubuntu-GL503VD open5gs-bsfd[726]: 03/20 15:39:30.654: [sbi] ERROR: OVERFLOW NFProfile->plmn_list [12:12:12] (../lib/sbi/nnrf-handler.c:59)
mar 20 15:39:30 ubuntu-GL503VD open5gs-bsfd[726]: 03/20 15:39:30.654: [sbi] INFO: [20745a24-243f-41f1-98d1-273ec85e98f1] NF registered [Heartbeat:10s] (../lib/sbi/nf-sm.c:295)
mar 20 15:39:30 ubuntu-GL503VD open5gs-bsfd[726]: 03/20 15:39:30.655: [sbi] INFO: Setup NF EndPoint(addr) [127.0.0.10:7777] (../lib/sbi/nnrf-handler.c:955)
mar 20 15:39:30 ubuntu-GL503VD open5gs-bsfd[726]: 03/20 15:39:30.655: [sbi] INFO: [9abf28ce-246a-41f1-951d-6d19baefd136] Subscription created until 2026-03-21T15:39:30.654885+01:00 [duration:86400000000,validity:86400.000000,patch:43200.000000] (../lib/sbi/nnrf-handler.c:874)
mar 20 15:40:01 ubuntu-GL503VD open5gs-bsfd[726]: 03/20 15:40:01.677: [sbi] ERROR: [20745a24-243f-41f1-98d1-273ec85e98f1] No heartbeat [type:BSF] (../lib/sbi/nf-sm.c:431)
mar 20 15:40:01 ubuntu-GL503VD open5gs-bsfd[726]: 03/20 15:40:01.677: [sbi] INFO: [20745a24-243f-41f1-98d1-273ec85e98f1] NF de-registered (../lib/sbi/nf-sm.c:324)
mar 20 15:40:11 ubuntu-GL503VD open5gs-bsfd[726]: 03/20 15:40:11.694: [sbi] ERROR: Connection timer expired [METHOD:PATCH] (../lib/sbi/client.c:658)
mar 20 15:40:11 ubuntu-GL503VD open5gs-bsfd[726]: 03/20 15:40:11.694: [sbi] ERROR: Effective URL: http://192.168.50.200:7777/nnrf-nfm/v1/nf-instances/20745a24-243f-41f1-98d1-273ec85e98f1 (../lib/sbi/client.c:662)
mar 20 15:40:11 ubuntu-GL503VD open5gs-bsfd[726]: 03/20 15:40:11.694: [sbi] WARNING: ogs_sbi_client_handler() failed [-3] (../lib/sbi/path.c:62)
mar 20 15:40:11 ubuntu-GL503VD open5gs-bsfd[726]: 03/20 15:40:11.697: [sbi] ERROR: OVERFLOW NFProfile->plmn_list [12:12:12] (../lib/sbi/nnrf-handler.c:59)
mar 20 15:40:11 ubuntu-GL503VD open5gs-bsfd[726]: 03/20 15:40:11.697: [sbi] INFO: [20745a24-243f-41f1-98d1-273ec85e98f1] NF registered [Heartbeat:10s] (../lib/sbi/nf-sm.c:295)
mar 20 15:40:11 ubuntu-GL503VD open5gs-bsfd[726]: 03/20 15:40:11.701: [sbi] INFO: Setup NF EndPoint(addr) [127.0.0.10:7777] (../lib/sbi/nnrf-handler.c:955)
mar 20 15:40:11 ubuntu-GL503VD open5gs-bsfd[726]: 03/20 15:40:11.701: [sbi] INFO: [b33611f6-246a-41f1-951d-6d19baefd136] Subscription created until 2026-03-21T15:40:11.699532+01:00 [duration:86400000000,validity:86400.000000,patch:43200.000000] (../lib/sbi/nnrf-handler.c:874)
mar 20 15:40:42 ubuntu-GL503VD open5gs-bsfd[726]: 03/20 15:40:42.719: [sbi] ERROR: [20745a24-243f-41f1-98d1-273ec85e98f1] No heartbeat [type:BSF] (../lib/sbi/nf-sm.c:431)
mar 20 15:40:42 ubuntu-GL503VD open5gs-bsfd[726]: 03/20 15:40:42.719: [sbi] INFO: [20745a24-243f-41f1-98d1-273ec85e98f1] NF de-registered (../lib/sbi/nf-sm.c:324)
mar 20 15:40:52 ubuntu-GL503VD open5gs-bsfd[726]: 03/20 15:40:52.738: [sbi] ERROR: Connection timer expired [METHOD:PATCH] (../lib/sbi/client.c:658)
mar 20 15:40:52 ubuntu-GL503VD open5gs-bsfd[726]: 03/20 15:40:52.738: [sbi] ERROR: Effective URL: http://192.168.50.200:7777/nnrf-nfm/v1/nf-instances/20745a24-243f-41f1-98d1-273ec85e98f1 (../lib/sbi/client.c:662)
mar 20 15:40:52 ubuntu-GL503VD open5gs-bsfd[726]: 03/20 15:40:52.738: [sbi] WARNING: ogs_sbi_client_handler() failed [-3] (../lib/sbi/path.c:62)
mar 20 15:40:52 ubuntu-GL503VD open5gs-bsfd[726]: 03/20 15:40:52.747: [sbi] ERROR: OVERFLOW NFProfile->plmn_list [12:12:12] (../lib/sbi/nnrf-handler.c:59)
mar 20 15:40:52 ubuntu-GL503VD open5gs-bsfd[726]: 03/20 15:40:52.747: [sbi] INFO: [20745a24-243f-41f1-98d1-273ec85e98f1] NF registered [Heartbeat:10s] (../lib/sbi/nf-sm.c:295)
mar 20 15:40:52 ubuntu-GL503VD open5gs-bsfd[726]: 03/20 15:40:52.749: [sbi] INFO: Setup NF EndPoint(addr) [127.0.0.10:7777] (../lib/sbi/nnrf-handler.c:955)
mar 20 15:40:52 ubuntu-GL503VD open5gs-bsfd[726]: 03/20 15:40:52.749: [sbi] INFO: [cbad924a-246a-41f1-951d-6d19baefd136] Subscription created until 2026-03-21T15:40:52.747949+01:00 [duration:86400000000,validity:86400.000000,patch:43200.000000] (../lib/sbi/nnrf-handler.c:874)
mar 20 15:42:13 ubuntu-GL503VD open5gs-bsfd[726]: 03/20 15:42:13.819: [sbi] ERROR: [20745a24-243f-41f1-98d1-273ec85e98f1] No heartbeat [type:BSF] (../lib/sbi/nf-sm.c:431)
mar 20 15:42:13 ubuntu-GL503VD open5gs-bsfd[726]: 03/20 15:42:13.819: [sbi] INFO: [20745a24-243f-41f1-98d1-273ec85e98f1] NF de-registered (../lib/sbi/nf-sm.c:324)
mar 20 15:42:15 ubuntu-GL503VD open5gs-bsfd[726]: 03/20 15:42:15.947: [sbi] ERROR: [20745a24-243f-41f1-98d1-273ec85e98f1] HTTP Response Status Code [404] (../lib/sbi/nf-sm.c:232)
mar 20 15:42:17 ubuntu-GL503VD open5gs-bsfd[726]: 03/20 15:42:17.949: [sbi] WARNING: [20745a24-243f-41f1-98d1-273ec85e98f1] Retry registration with NRF (../lib/sbi/nf-sm.c:529)
mar 20 15:42:17 ubuntu-GL503VD open5gs-bsfd[726]: 03/20 15:42:17.950: [sbi] ERROR: OVERFLOW NFProfile->plmn_list [12:12:12] (../lib/sbi/nnrf-handler.c:59)
mar 20 15:42:17 ubuntu-GL503VD open5gs-bsfd[726]: 03/20 15:42:17.950: [sbi] INFO: [20745a24-243f-41f1-98d1-273ec85e98f1] NF registered [Heartbeat:10s] (../lib/sbi/nf-sm.c:295)
mar 20 15:42:17 ubuntu-GL503VD open5gs-bsfd[726]: 03/20 15:42:17.951: [sbi] INFO: Setup NF EndPoint(addr) [127.0.0.10:7777] (../lib/sbi/nnrf-handler.c:955)
mar 20 15:42:17 ubuntu-GL503VD open5gs-bsfd[726]: 03/20 15:42:17.951: [sbi] INFO: [fe76929e-246a-41f1-951d-6d19baefd136] Subscription created until 2026-03-21T15:42:17.951345+01:00 [duration:86400000000,validity:86400.000000,patch:43200.000000] (../lib/sbi/nnrf-handler.c:874)
mar 20 15:42:48 ubuntu-GL503VD open5gs-bsfd[726]: 03/20 15:42:48.973: [sbi] ERROR: [20745a24-243f-41f1-98d1-273ec85e98f1] No heartbeat [type:BSF] (../lib/sbi/nf-sm.c:431)
mar 20 15:42:48 ubuntu-GL503VD open5gs-bsfd[726]: 03/20 15:42:48.973: [sbi] INFO: [20745a24-243f-41f1-98d1-273ec85e98f1] NF de-registered (../lib/sbi/nf-sm.c:324)
mar 20 15:42:58 ubuntu-GL503VD open5gs-bsfd[726]: 03/20 15:42:58.991: [sbi] ERROR: Connection timer expired [METHOD:PATCH] (../lib/sbi/client.c:658)
mar 20 15:42:58 ubuntu-GL503VD open5gs-bsfd[726]: 03/20 15:42:58.991: [sbi] ERROR: Effective URL: http://192.168.50.200:7777/nnrf-nfm/v1/nf-instances/20745a24-243f-41f1-98d1-273ec85e98f1 (../lib/sbi/client.c:662)
mar 20 15:42:58 ubuntu-GL503VD open5gs-bsfd[726]: 03/20 15:42:58.991: [sbi] WARNING: ogs_sbi_client_handler() failed [-3] (../lib/sbi/path.c:62)
mar 20 15:42:58 ubuntu-GL503VD open5gs-bsfd[726]: 03/20 15:42:58.994: [sbi] ERROR: OVERFLOW NFProfile->plmn_list [12:12:12] (../lib/sbi/nnrf-handler.c:59)
mar 20 15:42:58 ubuntu-GL503VD open5gs-bsfd[726]: 03/20 15:42:58.994: [sbi] INFO: [20745a24-243f-41f1-98d1-273ec85e98f1] NF registered [Heartbeat:10s] (../lib/sbi/nf-sm.c:295)
mar 20 15:42:58 ubuntu-GL503VD open5gs-bsfd[726]: 03/20 15:42:58.997: [sbi] INFO: Setup NF EndPoint(addr) [127.0.0.10:7777] (../lib/sbi/nnrf-handler.c:955)
mar 20 15:42:58 ubuntu-GL503VD open5gs-bsfd[726]: 03/20 15:42:58.997: [sbi] INFO: [16ed775c-246b-41f1-951d-6d19baefd136] Subscription created until 2026-03-21T15:42:58.995825+01:00 [duration:86400000000,validity:86400.000000,patch:43200.000000] (../lib/sbi/nnrf-handler.c:874)
mar 20 15:43:30 ubuntu-GL503VD open5gs-bsfd[726]: 03/20 15:43:30.016: [sbi] ERROR: [20745a24-243f-41f1-98d1-273ec85e98f1] No heartbeat [type:BSF] (../lib/sbi/nf-sm.c:431)
mar 20 15:43:30 ubuntu-GL503VD open5gs-bsfd[726]: 03/20 15:43:30.016: [sbi] INFO: [20745a24-243f-41f1-98d1-273ec85e98f1] NF de-registered (../lib/sbi/nf-sm.c:324)
mar 20 15:43:33 ubuntu-GL503VD open5gs-bsfd[726]: 03/20 15:43:33.577: [sbi] ERROR: [20745a24-243f-41f1-98d1-273ec85e98f1] HTTP Response Status Code [404] (../lib/sbi/nf-sm.c:232)
mar 20 15:43:35 ubuntu-GL503VD open5gs-bsfd[726]: 03/20 15:43:35.580: [sbi] WARNING: [20745a24-243f-41f1-98d1-273ec85e98f1] Retry registration with NRF (../lib/sbi/nf-sm.c:529)
mar 20 15:43:35 ubuntu-GL503VD open5gs-bsfd[726]: 03/20 15:43:35.586: [sbi] ERROR: OVERFLOW NFProfile->plmn_list [12:12:12] (../lib/sbi/nnrf-handler.c:59)
mar 20 15:43:35 ubuntu-GL503VD open5gs-bsfd[726]: 03/20 15:43:35.586: [sbi] INFO: [20745a24-243f-41f1-98d1-273ec85e98f1] NF registered [Heartbeat:10s] (../lib/sbi/nf-sm.c:295)
mar 20 15:43:35 ubuntu-GL503VD open5gs-bsfd[726]: 03/20 15:43:35.592: [sbi] INFO: Setup NF EndPoint(addr) [127.0.0.10:7777] (../lib/sbi/nnrf-handler.c:955)
mar 20 15:43:35 ubuntu-GL503VD open5gs-bsfd[726]: 03/20 15:43:35.592: [sbi] INFO: [2cbceec8-246b-41f1-951d-6d19baefd136] Subscription created until 2026-03-21T15:43:35.587820+01:00 [duration:86400000000,validity:86400.000000,patch:43200.000000] (../lib/sbi/nnrf-handler.c:874)
mar 20 15:44:36 ubuntu-GL503VD open5gs-bsfd[726]: 03/20 15:44:36.639: [sbi] ERROR: [20745a24-243f-41f1-98d1-273ec85e98f1] No heartbeat [type:BSF] (../lib/sbi/nf-sm.c:431)
mar 20 15:44:36 ubuntu-GL503VD open5gs-bsfd[726]: 03/20 15:44:36.639: [sbi] INFO: [20745a24-243f-41f1-98d1-273ec85e98f1] NF de-registered (../lib/sbi/nf-sm.c:324)
mar 20 15:44:37 ubuntu-GL503VD open5gs-bsfd[726]: 03/20 15:44:37.125: [sbi] ERROR: [20745a24-243f-41f1-98d1-273ec85e98f1] HTTP Response Status Code [404] (../lib/sbi/nf-sm.c:232)
mar 20 15:44:39 ubuntu-GL503VD open5gs-bsfd[726]: 03/20 15:44:39.126: [sbi] WARNING: [20745a24-243f-41f1-98d1-273ec85e98f1] Retry registration with NRF (../lib/sbi/nf-sm.c:529)
mar 20 15:44:39 ubuntu-GL503VD open5gs-bsfd[726]: 03/20 15:44:39.128: [sbi] ERROR: OVERFLOW NFProfile->plmn_list [12:12:12] (../lib/sbi/nnrf-handler.c:59)
mar 20 15:44:39 ubuntu-GL503VD open5gs-bsfd[726]: 03/20 15:44:39.128: [sbi] INFO: [20745a24-243f-41f1-98d1-273ec85e98f1] NF registered [Heartbeat:10s] (../lib/sbi/nf-sm.c:295)
mar 20 15:44:39 ubuntu-GL503VD open5gs-bsfd[726]: 03/20 15:44:39.129: [sbi] INFO: Setup NF EndPoint(addr) [127.0.0.10:7777] (../lib/sbi/nnrf-handler.c:955)
mar 20 15:44:39 ubuntu-GL503VD open5gs-bsfd[726]: 03/20 15:44:39.129: [sbi] INFO: [529c870c-246b-41f1-951d-6d19baefd136] Subscription created until 2026-03-21T15:44:39.128698+01:00 [duration:86400000000,validity:86400.000000,patch:43200.000000] (../lib/sbi/nnrf-handler.c:874)
mar 20 15:45:10 ubuntu-GL503VD open5gs-bsfd[726]: 03/20 15:45:10.151: [sbi] ERROR: [20745a24-243f-41f1-98d1-273ec85e98f1] No heartbeat [type:BSF] (../lib/sbi/nf-sm.c:431)
mar 20 15:45:10 ubuntu-GL503VD open5gs-bsfd[726]: 03/20 15:45:10.151: [sbi] INFO: [20745a24-243f-41f1-98d1-273ec85e98f1] NF de-registered (../lib/sbi/nf-sm.c:324)
mar 20 15:45:13 ubuntu-GL503VD open5gs-bsfd[726]: 03/20 15:45:13.223: [sbi] ERROR: [20745a24-243f-41f1-98d1-273ec85e98f1] HTTP Response Status Code [404] (../lib/sbi/nf-sm.c:232)
mar 20 15:45:15 ubuntu-GL503VD open5gs-bsfd[726]: 03/20 15:45:15.225: [sbi] WARNING: [20745a24-243f-41f1-98d1-273ec85e98f1] Retry registration with NRF (../lib/sbi/nf-sm.c:529)
mar 20 15:45:15 ubuntu-GL503VD open5gs-bsfd[726]: 03/20 15:45:15.226: [sbi] ERROR: OVERFLOW NFProfile->plmn_list [12:12:12] (../lib/sbi/nnrf-handler.c:59)
mar 20 15:45:15 ubuntu-GL503VD open5gs-bsfd[726]: 03/20 15:45:15.226: [sbi] INFO: [20745a24-243f-41f1-98d1-273ec85e98f1] NF registered [Heartbeat:10s] (../lib/sbi/nf-sm.c:295)
mar 20 15:45:15 ubuntu-GL503VD open5gs-bsfd[726]: 03/20 15:45:15.227: [sbi] INFO: Setup NF EndPoint(addr) [127.0.0.10:7777] (../lib/sbi/nnrf-handler.c:955)
mar 20 15:45:15 ubuntu-GL503VD open5gs-bsfd[726]: 03/20 15:45:15.227: [sbi] INFO: [6820b436-246b-41f1-951d-6d19baefd136] Subscription created until 2026-03-21T15:45:15.227079+01:00 [duration:86400000000,validity:86400.000000,patch:43200.000000] (../lib/sbi/nnrf-handler.c:874)
-- Boot 4f9106f592b640c3910030f2aa9084de --
mar 20 16:04:05 ubuntu-GL503VD systemd[1]: Started Open5GS BSF Daemon.
mar 20 16:04:05 ubuntu-GL503VD open5gs-bsfd[769]: Open5GS daemon v2.7.6
mar 20 16:04:05 ubuntu-GL503VD open5gs-bsfd[769]: 03/20 16:04:05.567: [app] INFO: Configuration: '/etc/open5gs/bsf.yaml' (../lib/app/ogs-init.c:144)
mar 20 16:04:05 ubuntu-GL503VD open5gs-bsfd[769]: 03/20 16:04:05.567: [app] INFO: File Logging: '/var/log/open5gs/bsf.log' (../lib/app/ogs-init.c:147)
mar 20 16:04:05 ubuntu-GL503VD open5gs-bsfd[769]: 03/20 16:04:05.574: [sbi] INFO: Setup NF EndPoint(addr) [192.168.50.200:7777] (../lib/sbi/context.c:507)
mar 20 16:04:05 ubuntu-GL503VD open5gs-bsfd[769]: 03/20 16:04:05.575: [sbi] INFO: NF Service [nbsf-management] (../lib/sbi/context.c:1994)
mar 20 16:04:05 ubuntu-GL503VD open5gs-bsfd[769]: 03/20 16:04:05.579: [sbi] INFO: nghttp2_server() [http://127.0.0.15]:7777 (../lib/sbi/nghttp2-server.c:439)
mar 20 16:04:05 ubuntu-GL503VD open5gs-bsfd[769]: 03/20 16:04:05.580: [sbi] WARNING: Couldn't connect to server (7):  (../lib/sbi/client.c:757)
mar 20 16:04:05 ubuntu-GL503VD open5gs-bsfd[769]: 03/20 16:04:05.580: [sbi] WARNING: ogs_sbi_client_handler() failed [-1] (../lib/sbi/path.c:62)
mar 20 16:04:05 ubuntu-GL503VD open5gs-bsfd[769]: 03/20 16:04:05.580: [app] INFO: BSF initialize...done (../src/bsf/app.c:31)
mar 20 16:04:16 ubuntu-GL503VD open5gs-bsfd[769]: 03/20 16:04:16.586: [sbi] WARNING: [09dde134-246e-41f1-9310-45c9c27e65da] Retry registration with NRF (../lib/sbi/nf-sm.c:256)
mar 20 16:04:16 ubuntu-GL503VD open5gs-bsfd[769]: 03/20 16:04:16.588: [sbi] INFO: [09dde134-246e-41f1-9310-45c9c27e65da] NF registered [Heartbeat:10s] (../lib/sbi/nf-sm.c:295)
mar 20 16:04:16 ubuntu-GL503VD open5gs-bsfd[769]: 03/20 16:04:16.589: [sbi] INFO: Setup NF EndPoint(addr) [127.0.0.10:7777] (../lib/sbi/nnrf-handler.c:955)
mar 20 16:04:16 ubuntu-GL503VD open5gs-bsfd[769]: 03/20 16:04:16.589: [sbi] INFO: [106ebca8-246e-41f1-b7f2-2b7ab125942d] Subscription created until 2026-03-21T16:04:16.589168+01:00 [duration:86400000000,validity:86400.000000,patch:43200.000000] (../lib/sbi/nnrf-handler.c:874)
