mar 20 10:14:47 ubuntu-GL503VD systemd[1]: Started Open5GS NSSF Daemon.
mar 20 10:14:47 ubuntu-GL503VD open5gs-nssfd[3217]: Open5GS daemon v2.7.6
mar 20 10:14:47 ubuntu-GL503VD open5gs-nssfd[3217]: 03/20 10:14:47.973: [app] INFO: Configuration: '/etc/open5gs/nssf.yaml' (../lib/app/ogs-init.c:144)
mar 20 10:14:47 ubuntu-GL503VD open5gs-nssfd[3217]: 03/20 10:14:47.973: [app] INFO: File Logging: '/var/log/open5gs/nssf.log' (../lib/app/ogs-init.c:147)
mar 20 10:14:47 ubuntu-GL503VD open5gs-nssfd[3217]: 03/20 10:14:47.980: [sbi] INFO: Setup NF EndPoint(addr) [192.168.50.200:7777] (../lib/sbi/context.c:507)
mar 20 10:14:47 ubuntu-GL503VD open5gs-nssfd[3217]: 03/20 10:14:47.980: [sbi] INFO: NF Service [nnssf-nsselection] (../lib/sbi/context.c:1994)
mar 20 10:14:47 ubuntu-GL503VD open5gs-nssfd[3217]: 03/20 10:14:47.981: [sbi] INFO: nghttp2_server() [http://127.0.0.14]:7777 (../lib/sbi/nghttp2-server.c:439)
mar 20 10:14:47 ubuntu-GL503VD open5gs-nssfd[3217]: 03/20 10:14:47.981: [app] INFO: NSSF initialize...done (../src/nssf/app.c:31)
mar 20 10:14:47 ubuntu-GL503VD open5gs-nssfd[3217]: 03/20 10:14:47.981: [sbi] WARNING: Couldn't connect to server (7):  (../lib/sbi/client.c:757)
mar 20 10:14:47 ubuntu-GL503VD open5gs-nssfd[3217]: 03/20 10:14:47.981: [sbi] WARNING: ogs_sbi_client_handler() failed [-1] (../lib/sbi/path.c:62)
mar 20 10:14:58 ubuntu-GL503VD open5gs-nssfd[3217]: 03/20 10:14:58.991: [sbi] WARNING: [3e2aa0c0-243d-41f1-8478-7d5a5eddb3ea] Retry registration with NRF (../lib/sbi/nf-sm.c:256)
mar 20 10:14:58 ubuntu-GL503VD open5gs-nssfd[3217]: 03/20 10:14:58.991: [sbi] WARNING: Couldn't connect to server (7):  (../lib/sbi/client.c:757)
mar 20 10:14:58 ubuntu-GL503VD open5gs-nssfd[3217]: 03/20 10:14:58.991: [sbi] WARNING: ogs_sbi_client_handler() failed [-1] (../lib/sbi/path.c:62)
mar 20 10:15:10 ubuntu-GL503VD open5gs-nssfd[3217]: 03/20 10:15:10.002: [sbi] WARNING: [3e2aa0c0-243d-41f1-8478-7d5a5eddb3ea] Retry registration with NRF (../lib/sbi/nf-sm.c:256)
mar 20 10:15:10 ubuntu-GL503VD open5gs-nssfd[3217]: 03/20 10:15:10.002: [sbi] WARNING: Couldn't connect to server (7):  (../lib/sbi/client.c:757)
mar 20 10:15:10 ubuntu-GL503VD open5gs-nssfd[3217]: 03/20 10:15:10.002: [sbi] WARNING: ogs_sbi_client_handler() failed [-1] (../lib/sbi/path.c:62)
mar 20 10:15:21 ubuntu-GL503VD open5gs-nssfd[3217]: 03/20 10:15:21.013: [sbi] WARNING: [3e2aa0c0-243d-41f1-8478-7d5a5eddb3ea] Retry registration with NRF (../lib/sbi/nf-sm.c:256)
mar 20 10:15:21 ubuntu-GL503VD open5gs-nssfd[3217]: 03/20 10:15:21.013: [sbi] WARNING: Couldn't connect to server (7):  (../lib/sbi/client.c:757)
mar 20 10:15:21 ubuntu-GL503VD open5gs-nssfd[3217]: 03/20 10:15:21.013: [sbi] WARNING: ogs_sbi_client_handler() failed [-1] (../lib/sbi/path.c:62)
mar 20 10:15:32 ubuntu-GL503VD open5gs-nssfd[3217]: 03/20 10:15:32.024: [sbi] WARNING: [3e2aa0c0-243d-41f1-8478-7d5a5eddb3ea] Retry registration with NRF (../lib/sbi/nf-sm.c:256)
mar 20 10:15:32 ubuntu-GL503VD open5gs-nssfd[3217]: 03/20 10:15:32.024: [sbi] WARNING: Couldn't connect to server (7):  (../lib/sbi/client.c:757)
mar 20 10:15:32 ubuntu-GL503VD open5gs-nssfd[3217]: 03/20 10:15:32.024: [sbi] WARNING: ogs_sbi_client_handler() failed [-1] (../lib/sbi/path.c:62)
mar 20 10:15:43 ubuntu-GL503VD open5gs-nssfd[3217]: 03/20 10:15:43.035: [sbi] WARNING: [3e2aa0c0-243d-41f1-8478-7d5a5eddb3ea] Retry registration with NRF (../lib/sbi/nf-sm.c:256)
mar 20 10:15:43 ubuntu-GL503VD open5gs-nssfd[3217]: 03/20 10:15:43.035: [sbi] WARNING: Couldn't connect to server (7):  (../lib/sbi/client.c:757)
mar 20 10:15:43 ubuntu-GL503VD open5gs-nssfd[3217]: 03/20 10:15:43.035: [sbi] WARNING: ogs_sbi_client_handler() failed [-1] (../lib/sbi/path.c:62)
mar 20 10:15:54 ubuntu-GL503VD open5gs-nssfd[3217]: 03/20 10:15:54.046: [sbi] WARNING: [3e2aa0c0-243d-41f1-8478-7d5a5eddb3ea] Retry registration with NRF (../lib/sbi/nf-sm.c:256)
mar 20 10:15:54 ubuntu-GL503VD open5gs-nssfd[3217]: 03/20 10:15:54.046: [sbi] WARNING: Couldn't connect to server (7):  (../lib/sbi/client.c:757)
mar 20 10:15:54 ubuntu-GL503VD open5gs-nssfd[3217]: 03/20 10:15:54.046: [sbi] WARNING: ogs_sbi_client_handler() failed [-1] (../lib/sbi/path.c:62)
mar 20 10:16:05 ubuntu-GL503VD open5gs-nssfd[3217]: 03/20 10:16:05.057: [sbi] WARNING: [3e2aa0c0-243d-41f1-8478-7d5a5eddb3ea] Retry registration with NRF (../lib/sbi/nf-sm.c:256)
mar 20 10:16:05 ubuntu-GL503VD open5gs-nssfd[3217]: 03/20 10:16:05.057: [sbi] WARNING: Couldn't connect to server (7):  (../lib/sbi/client.c:757)
mar 20 10:16:05 ubuntu-GL503VD open5gs-nssfd[3217]: 03/20 10:16:05.057: [sbi] WARNING: ogs_sbi_client_handler() failed [-1] (../lib/sbi/path.c:62)
mar 20 10:16:16 ubuntu-GL503VD open5gs-nssfd[3217]: 03/20 10:16:16.068: [sbi] WARNING: [3e2aa0c0-243d-41f1-8478-7d5a5eddb3ea] Retry registration with NRF (../lib/sbi/nf-sm.c:256)
mar 20 10:16:16 ubuntu-GL503VD open5gs-nssfd[3217]: 03/20 10:16:16.068: [sbi] WARNING: Couldn't connect to server (7):  (../lib/sbi/client.c:757)
mar 20 10:16:16 ubuntu-GL503VD open5gs-nssfd[3217]: 03/20 10:16:16.068: [sbi] WARNING: ogs_sbi_client_handler() failed [-1] (../lib/sbi/path.c:62)
mar 20 10:16:27 ubuntu-GL503VD open5gs-nssfd[3217]: 03/20 10:16:27.080: [sbi] WARNING: [3e2aa0c0-243d-41f1-8478-7d5a5eddb3ea] Retry registration with NRF (../lib/sbi/nf-sm.c:256)
mar 20 10:16:27 ubuntu-GL503VD open5gs-nssfd[3217]: 03/20 10:16:27.080: [sbi] WARNING: Couldn't connect to server (7):  (../lib/sbi/client.c:757)
mar 20 10:16:27 ubuntu-GL503VD open5gs-nssfd[3217]: 03/20 10:16:27.080: [sbi] WARNING: ogs_sbi_client_handler() failed [-1] (../lib/sbi/path.c:62)
mar 20 10:16:38 ubuntu-GL503VD open5gs-nssfd[3217]: 03/20 10:16:38.091: [sbi] WARNING: [3e2aa0c0-243d-41f1-8478-7d5a5eddb3ea] Retry registration with NRF (../lib/sbi/nf-sm.c:256)
mar 20 10:16:38 ubuntu-GL503VD open5gs-nssfd[3217]: 03/20 10:16:38.106: [sbi] INFO: [3e2aa0c0-243d-41f1-8478-7d5a5eddb3ea] NF registered [Heartbeat:10s] (../lib/sbi/nf-sm.c:295)
mar 20 10:16:38 ubuntu-GL503VD open5gs-nssfd[3217]: 03/20 10:16:38.108: [sbi] INFO: Setup NF EndPoint(addr) [127.0.0.10:7777] (../lib/sbi/nnrf-handler.c:955)
mar 20 10:16:38 ubuntu-GL503VD open5gs-nssfd[3217]: 03/20 10:16:38.108: [sbi] INFO: [1dbbf80a-2435-41f1-962e-b3a79f774b83] Subscription created until 2026-03-21T09:16:37.592099+01:00 [duration:82800000000,validity:82800.000000,patch:41400.000000] (../lib/sbi/nnrf-handler.c:874)
mar 20 10:16:38 ubuntu-GL503VD open5gs-nssfd[3217]: 03/20 10:16:38.109: [core] ERROR: No item (../lib/sbi/custom/links.c:78)
mar 20 10:16:38 ubuntu-GL503VD open5gs-nssfd[3217]: 03/20 10:16:38.109: [sbi] ERROR: JSON parse error (../lib/sbi/message.c:1525)
mar 20 10:16:38 ubuntu-GL503VD open5gs-nssfd[3217]: 03/20 10:16:38.109: [sbi] ERROR: parse_content() failed (../lib/sbi/message.c:1086)
mar 20 10:16:38 ubuntu-GL503VD open5gs-nssfd[3217]: 03/20 10:16:38.109: [nssf] ERROR: cannot parse HTTP response (../src/nssf/nssf-sm.c:188)
mar 20 10:25:28 ubuntu-GL503VD open5gs-nssfd[3217]: 03/20 10:25:28.768: [sbi] ERROR: [3e2aa0c0-243d-41f1-8478-7d5a5eddb3ea] No heartbeat [type:NSSF] (../lib/sbi/nf-sm.c:431)
mar 20 10:25:28 ubuntu-GL503VD open5gs-nssfd[3217]: 03/20 10:25:28.768: [sbi] INFO: [3e2aa0c0-243d-41f1-8478-7d5a5eddb3ea] NF de-registered (../lib/sbi/nf-sm.c:324)
mar 20 10:25:34 ubuntu-GL503VD open5gs-nssfd[3217]: 03/20 10:25:34.439: [sbi] ERROR: [3e2aa0c0-243d-41f1-8478-7d5a5eddb3ea] HTTP Response Status Code [404] (../lib/sbi/nf-sm.c:232)
mar 20 10:25:36 ubuntu-GL503VD open5gs-nssfd[3217]: 03/20 10:25:36.441: [sbi] WARNING: [3e2aa0c0-243d-41f1-8478-7d5a5eddb3ea] Retry registration with NRF (../lib/sbi/nf-sm.c:529)
mar 20 10:25:36 ubuntu-GL503VD open5gs-nssfd[3217]: 03/20 10:25:36.472: [sbi] INFO: [3e2aa0c0-243d-41f1-8478-7d5a5eddb3ea] NF registered [Heartbeat:10s] (../lib/sbi/nf-sm.c:295)
mar 20 10:25:36 ubuntu-GL503VD open5gs-nssfd[3217]: 03/20 10:25:36.496: [sbi] INFO: Setup NF EndPoint(addr) [127.0.0.10:7777] (../lib/sbi/nnrf-handler.c:955)
mar 20 10:25:36 ubuntu-GL503VD open5gs-nssfd[3217]: 03/20 10:25:36.496: [sbi] INFO: [c0b65aec-243e-41f1-962e-b3a79f774b83] Subscription created until 2026-03-21T10:25:36.494717+01:00 [duration:86400000000,validity:86400.000000,patch:43200.000000] (../lib/sbi/nnrf-handler.c:874)
mar 20 10:25:36 ubuntu-GL503VD open5gs-nssfd[3217]: 03/20 10:25:36.497: [core] ERROR: No item (../lib/sbi/custom/links.c:78)
mar 20 10:25:36 ubuntu-GL503VD open5gs-nssfd[3217]: 03/20 10:25:36.498: [sbi] ERROR: JSON parse error (../lib/sbi/message.c:1525)
mar 20 10:25:36 ubuntu-GL503VD open5gs-nssfd[3217]: 03/20 10:25:36.498: [sbi] ERROR: parse_content() failed (../lib/sbi/message.c:1086)
mar 20 10:25:36 ubuntu-GL503VD open5gs-nssfd[3217]: 03/20 10:25:36.498: [nssf] ERROR: cannot parse HTTP response (../src/nssf/nssf-sm.c:188)
mar 20 10:25:47 ubuntu-GL503VD open5gs-nssfd[3217]: 03/20 10:25:47.473: [sbi] ERROR: [3e2aa0c0-243d-41f1-8478-7d5a5eddb3ea] No heartbeat [type:NSSF] (../lib/sbi/nf-sm.c:431)
mar 20 10:25:47 ubuntu-GL503VD open5gs-nssfd[3217]: 03/20 10:25:47.473: [sbi] INFO: [3e2aa0c0-243d-41f1-8478-7d5a5eddb3ea] NF de-registered (../lib/sbi/nf-sm.c:324)
mar 20 10:25:57 ubuntu-GL503VD open5gs-nssfd[3217]: 03/20 10:25:57.493: [sbi] ERROR: Connection timer expired [METHOD:PATCH] (../lib/sbi/client.c:658)
mar 20 10:25:57 ubuntu-GL503VD open5gs-nssfd[3217]: 03/20 10:25:57.493: [sbi] ERROR: Effective URL: http://192.168.50.200:7777/nnrf-nfm/v1/nf-instances/3e2aa0c0-243d-41f1-8478-7d5a5eddb3ea (../lib/sbi/client.c:662)
mar 20 10:25:57 ubuntu-GL503VD open5gs-nssfd[3217]: 03/20 10:25:57.493: [sbi] WARNING: ogs_sbi_client_handler() failed [-3] (../lib/sbi/path.c:62)
mar 20 10:25:58 ubuntu-GL503VD open5gs-nssfd[3217]: 03/20 10:25:58.474: [sbi] ERROR: Connection timer expired [METHOD:PUT] (../lib/sbi/client.c:658)
mar 20 10:25:58 ubuntu-GL503VD open5gs-nssfd[3217]: 03/20 10:25:58.474: [sbi] ERROR: Effective URL: http://192.168.50.200:7777/nnrf-nfm/v1/nf-instances/3e2aa0c0-243d-41f1-8478-7d5a5eddb3ea (../lib/sbi/client.c:662)
mar 20 10:25:58 ubuntu-GL503VD open5gs-nssfd[3217]: 03/20 10:25:58.474: [sbi] WARNING: ogs_sbi_client_handler() failed [-3] (../lib/sbi/path.c:62)
mar 20 10:25:58 ubuntu-GL503VD open5gs-nssfd[3217]: 03/20 10:25:58.474: [sbi] WARNING: [3e2aa0c0-243d-41f1-8478-7d5a5eddb3ea] Retry registration with NRF (../lib/sbi/nf-sm.c:256)
mar 20 10:25:58 ubuntu-GL503VD open5gs-nssfd[3217]: 03/20 10:25:58.490: [sbi] INFO: [3e2aa0c0-243d-41f1-8478-7d5a5eddb3ea] NF registered [Heartbeat:10s] (../lib/sbi/nf-sm.c:295)
mar 20 10:25:58 ubuntu-GL503VD open5gs-nssfd[3217]: 03/20 10:25:58.499: [sbi] INFO: Setup NF EndPoint(addr) [127.0.0.10:7777] (../lib/sbi/nnrf-handler.c:955)
mar 20 10:25:58 ubuntu-GL503VD open5gs-nssfd[3217]: 03/20 10:25:58.499: [sbi] INFO: [cdd38740-243e-41f1-962e-b3a79f774b83] Subscription created until 2026-03-21T10:25:58.496227+01:00 [duration:86400000000,validity:86400.000000,patch:43200.000000] (../lib/sbi/nnrf-handler.c:874)
mar 20 10:25:58 ubuntu-GL503VD open5gs-nssfd[3217]: 03/20 10:25:58.503: [core] ERROR: No item (../lib/sbi/custom/links.c:78)
mar 20 10:25:58 ubuntu-GL503VD open5gs-nssfd[3217]: 03/20 10:25:58.503: [sbi] ERROR: JSON parse error (../lib/sbi/message.c:1525)
mar 20 10:25:58 ubuntu-GL503VD open5gs-nssfd[3217]: 03/20 10:25:58.503: [sbi] ERROR: parse_content() failed (../lib/sbi/message.c:1086)
mar 20 10:25:58 ubuntu-GL503VD open5gs-nssfd[3217]: 03/20 10:25:58.503: [nssf] ERROR: cannot parse HTTP response (../src/nssf/nssf-sm.c:188)
mar 20 10:26:19 ubuntu-GL503VD open5gs-nssfd[3217]: 03/20 10:26:19.506: [sbi] ERROR: [3e2aa0c0-243d-41f1-8478-7d5a5eddb3ea] No heartbeat [type:NSSF] (../lib/sbi/nf-sm.c:431)
mar 20 10:26:19 ubuntu-GL503VD open5gs-nssfd[3217]: 03/20 10:26:19.506: [sbi] INFO: [3e2aa0c0-243d-41f1-8478-7d5a5eddb3ea] NF de-registered (../lib/sbi/nf-sm.c:324)
mar 20 10:26:29 ubuntu-GL503VD open5gs-nssfd[3217]: 03/20 10:26:29.519: [sbi] ERROR: Connection timer expired [METHOD:PATCH] (../lib/sbi/client.c:658)
mar 20 10:26:29 ubuntu-GL503VD open5gs-nssfd[3217]: 03/20 10:26:29.519: [sbi] ERROR: Effective URL: http://192.168.50.200:7777/nnrf-nfm/v1/nf-instances/3e2aa0c0-243d-41f1-8478-7d5a5eddb3ea (../lib/sbi/client.c:662)
mar 20 10:26:29 ubuntu-GL503VD open5gs-nssfd[3217]: 03/20 10:26:29.519: [sbi] WARNING: ogs_sbi_client_handler() failed [-3] (../lib/sbi/path.c:62)
mar 20 10:26:29 ubuntu-GL503VD open5gs-nssfd[3217]: 03/20 10:26:29.924: [app] INFO: SIGTERM received (../src/main.c:54)
mar 20 10:26:29 ubuntu-GL503VD open5gs-nssfd[3217]: 03/20 10:26:29.924: [app] INFO: Open5GS daemon terminating... (../src/main.c:231)
mar 20 10:26:29 ubuntu-GL503VD open5gs-nssfd[3217]: 03/20 10:26:29.930: [app] INFO: NSSF terminate...done (../src/nssf/app.c:39)
mar 20 10:26:29 ubuntu-GL503VD systemd[1]: Stopping Open5GS NSSF Daemon...
mar 20 10:26:30 ubuntu-GL503VD systemd[1]: open5gs-nssfd.service: Deactivated successfully.
mar 20 10:26:30 ubuntu-GL503VD systemd[1]: Stopped Open5GS NSSF Daemon.
-- Boot f831db6b34f64285849203987205fc77 --
mar 20 10:30:17 ubuntu-GL503VD systemd[1]: Started Open5GS NSSF Daemon.
mar 20 10:30:17 ubuntu-GL503VD open5gs-nssfd[4810]: Open5GS daemon v2.7.6
mar 20 10:30:17 ubuntu-GL503VD open5gs-nssfd[4810]: 03/20 10:30:17.471: [app] INFO: Configuration: '/etc/open5gs/nssf.yaml' (../lib/app/ogs-init.c:144)
mar 20 10:30:17 ubuntu-GL503VD open5gs-nssfd[4810]: 03/20 10:30:17.471: [app] INFO: File Logging: '/var/log/open5gs/nssf.log' (../lib/app/ogs-init.c:147)
mar 20 10:30:17 ubuntu-GL503VD open5gs-nssfd[4810]: 03/20 10:30:17.473: [sbi] INFO: Setup NF EndPoint(addr) [192.168.50.200:7777] (../lib/sbi/context.c:507)
mar 20 10:30:17 ubuntu-GL503VD open5gs-nssfd[4810]: 03/20 10:30:17.473: [sbi] INFO: NF Service [nnssf-nsselection] (../lib/sbi/context.c:1994)
mar 20 10:30:17 ubuntu-GL503VD open5gs-nssfd[4810]: 03/20 10:30:17.473: [sbi] INFO: nghttp2_server() [http://127.0.0.14]:7777 (../lib/sbi/nghttp2-server.c:439)
mar 20 10:30:17 ubuntu-GL503VD open5gs-nssfd[4810]: 03/20 10:30:17.475: [app] INFO: NSSF initialize...done (../src/nssf/app.c:31)
mar 20 10:30:17 ubuntu-GL503VD open5gs-nssfd[4810]: 03/20 10:30:17.480: [sbi] INFO: [6830507a-243f-41f1-bb43-534456236c92] NF registered [Heartbeat:10s] (../lib/sbi/nf-sm.c:295)
mar 20 10:30:17 ubuntu-GL503VD open5gs-nssfd[4810]: 03/20 10:30:17.484: [sbi] INFO: Setup NF EndPoint(addr) [127.0.0.10:7777] (../lib/sbi/nnrf-handler.c:955)
mar 20 10:30:17 ubuntu-GL503VD open5gs-nssfd[4810]: 03/20 10:30:17.484: [sbi] INFO: [6831ccc0-243f-41f1-951d-6d19baefd136] Subscription created until 2026-03-21T10:30:17.483013+01:00 [duration:86400000000,validity:86400.000000,patch:43200.000000] (../lib/sbi/nnrf-handler.c:874)
mar 20 11:40:12 ubuntu-GL503VD open5gs-nssfd[4810]: 03/20 11:40:12.684: [sbi] ERROR: [6830507a-243f-41f1-bb43-534456236c92] No heartbeat [type:NSSF] (../lib/sbi/nf-sm.c:431)
mar 20 11:40:12 ubuntu-GL503VD open5gs-nssfd[4810]: 03/20 11:40:12.684: [sbi] INFO: [6830507a-243f-41f1-bb43-534456236c92] NF de-registered (../lib/sbi/nf-sm.c:324)
mar 20 11:40:13 ubuntu-GL503VD open5gs-nssfd[4810]: 03/20 11:40:13.125: [sbi] ERROR: [6830507a-243f-41f1-bb43-534456236c92] HTTP Response Status Code [404] (../lib/sbi/nf-sm.c:232)
mar 20 11:40:15 ubuntu-GL503VD open5gs-nssfd[4810]: 03/20 11:40:15.128: [sbi] WARNING: [6830507a-243f-41f1-bb43-534456236c92] Retry registration with NRF (../lib/sbi/nf-sm.c:529)
mar 20 11:40:15 ubuntu-GL503VD open5gs-nssfd[4810]: 03/20 11:40:15.129: [sbi] INFO: [6830507a-243f-41f1-bb43-534456236c92] NF registered [Heartbeat:10s] (../lib/sbi/nf-sm.c:295)
mar 20 11:40:15 ubuntu-GL503VD open5gs-nssfd[4810]: 03/20 11:40:15.131: [sbi] INFO: Setup NF EndPoint(addr) [127.0.0.10:7777] (../lib/sbi/nnrf-handler.c:955)
mar 20 11:40:15 ubuntu-GL503VD open5gs-nssfd[4810]: 03/20 11:40:15.131: [sbi] INFO: [2e300406-2449-41f1-951d-6d19baefd136] Subscription created until 2026-03-21T11:40:15.130758+01:00 [duration:86400000000,validity:86400.000000,patch:43200.000000] (../lib/sbi/nnrf-handler.c:874)
mar 20 11:40:46 ubuntu-GL503VD open5gs-nssfd[4810]: 03/20 11:40:46.152: [sbi] ERROR: [6830507a-243f-41f1-bb43-534456236c92] No heartbeat [type:NSSF] (../lib/sbi/nf-sm.c:431)
mar 20 11:40:46 ubuntu-GL503VD open5gs-nssfd[4810]: 03/20 11:40:46.152: [sbi] INFO: [6830507a-243f-41f1-bb43-534456236c92] NF de-registered (../lib/sbi/nf-sm.c:324)
mar 20 11:40:46 ubuntu-GL503VD open5gs-nssfd[4810]: 03/20 11:40:46.154: [sbi] ERROR: [6830507a-243f-41f1-bb43-534456236c92] HTTP Response Status Code [404] (../lib/sbi/nf-sm.c:232)
mar 20 11:40:48 ubuntu-GL503VD open5gs-nssfd[4810]: 03/20 11:40:48.157: [sbi] WARNING: [6830507a-243f-41f1-bb43-534456236c92] Retry registration with NRF (../lib/sbi/nf-sm.c:529)
mar 20 11:40:48 ubuntu-GL503VD open5gs-nssfd[4810]: 03/20 11:40:48.160: [sbi] INFO: [6830507a-243f-41f1-bb43-534456236c92] NF registered [Heartbeat:10s] (../lib/sbi/nf-sm.c:295)
mar 20 11:40:48 ubuntu-GL503VD open5gs-nssfd[4810]: 03/20 11:40:48.161: [sbi] INFO: Setup NF EndPoint(addr) [127.0.0.10:7777] (../lib/sbi/nnrf-handler.c:955)
mar 20 11:40:48 ubuntu-GL503VD open5gs-nssfd[4810]: 03/20 11:40:48.161: [sbi] INFO: [41e0111c-2449-41f1-951d-6d19baefd136] Subscription created until 2026-03-21T11:40:48.161258+01:00 [duration:86400000000,validity:86400.000000,patch:43200.000000] (../lib/sbi/nnrf-handler.c:874)
mar 20 11:54:50 ubuntu-GL503VD open5gs-nssfd[4810]: 03/20 11:54:50.010: [sbi] ERROR: [6830507a-243f-41f1-bb43-534456236c92] No heartbeat [type:NSSF] (../lib/sbi/nf-sm.c:431)
mar 20 11:54:50 ubuntu-GL503VD open5gs-nssfd[4810]: 03/20 11:54:50.010: [sbi] INFO: [6830507a-243f-41f1-bb43-534456236c92] NF de-registered (../lib/sbi/nf-sm.c:324)
mar 20 11:55:00 ubuntu-GL503VD open5gs-nssfd[4810]: 03/20 11:55:00.028: [sbi] ERROR: Connection timer expired [METHOD:PATCH] (../lib/sbi/client.c:658)
mar 20 11:55:00 ubuntu-GL503VD open5gs-nssfd[4810]: 03/20 11:55:00.028: [sbi] ERROR: Effective URL: http://192.168.50.200:7777/nnrf-nfm/v1/nf-instances/6830507a-243f-41f1-bb43-534456236c92 (../lib/sbi/client.c:662)
mar 20 11:55:00 ubuntu-GL503VD open5gs-nssfd[4810]: 03/20 11:55:00.028: [sbi] WARNING: ogs_sbi_client_handler() failed [-3] (../lib/sbi/path.c:62)
mar 20 11:55:01 ubuntu-GL503VD open5gs-nssfd[4810]: 03/20 11:55:01.012: [sbi] ERROR: Connection timer expired [METHOD:PUT] (../lib/sbi/client.c:658)
mar 20 11:55:01 ubuntu-GL503VD open5gs-nssfd[4810]: 03/20 11:55:01.012: [sbi] ERROR: Effective URL: http://192.168.50.200:7777/nnrf-nfm/v1/nf-instances/6830507a-243f-41f1-bb43-534456236c92 (../lib/sbi/client.c:662)
mar 20 11:55:01 ubuntu-GL503VD open5gs-nssfd[4810]: 03/20 11:55:01.012: [sbi] WARNING: ogs_sbi_client_handler() failed [-3] (../lib/sbi/path.c:62)
mar 20 11:55:01 ubuntu-GL503VD open5gs-nssfd[4810]: 03/20 11:55:01.012: [sbi] WARNING: [6830507a-243f-41f1-bb43-534456236c92] Retry registration with NRF (../lib/sbi/nf-sm.c:256)
mar 20 11:55:12 ubuntu-GL503VD open5gs-nssfd[4810]: 03/20 11:55:12.017: [sbi] ERROR: Connection timer expired [METHOD:PUT] (../lib/sbi/client.c:658)
mar 20 11:55:12 ubuntu-GL503VD open5gs-nssfd[4810]: 03/20 11:55:12.017: [sbi] ERROR: Effective URL: http://192.168.50.200:7777/nnrf-nfm/v1/nf-instances/6830507a-243f-41f1-bb43-534456236c92 (../lib/sbi/client.c:662)
mar 20 11:55:12 ubuntu-GL503VD open5gs-nssfd[4810]: 03/20 11:55:12.017: [sbi] WARNING: ogs_sbi_client_handler() failed [-3] (../lib/sbi/path.c:62)
mar 20 11:55:12 ubuntu-GL503VD open5gs-nssfd[4810]: 03/20 11:55:12.017: [sbi] WARNING: [6830507a-243f-41f1-bb43-534456236c92] Retry registration with NRF (../lib/sbi/nf-sm.c:256)
mar 20 12:10:25 ubuntu-GL503VD open5gs-nssfd[4810]: 03/20 12:10:25.155: [core] ERROR: epoll failed (4:Interrupted system call) (../lib/core/ogs-epoll.c:221)
mar 20 12:10:25 ubuntu-GL503VD open5gs-nssfd[4810]: 03/20 12:10:25.155: [sbi] ERROR: Connection timer expired [METHOD:PUT] (../lib/sbi/client.c:658)
mar 20 12:10:25 ubuntu-GL503VD open5gs-nssfd[4810]: 03/20 12:10:25.155: [sbi] ERROR: Effective URL: http://192.168.50.200:7777/nnrf-nfm/v1/nf-instances/6830507a-243f-41f1-bb43-534456236c92 (../lib/sbi/client.c:662)
mar 20 12:10:25 ubuntu-GL503VD open5gs-nssfd[4810]: 03/20 12:10:25.155: [sbi] WARNING: ogs_sbi_client_handler() failed [-3] (../lib/sbi/path.c:62)
mar 20 12:10:25 ubuntu-GL503VD open5gs-nssfd[4810]: 03/20 12:10:25.155: [sbi] WARNING: [6830507a-243f-41f1-bb43-534456236c92] Retry registration with NRF (../lib/sbi/nf-sm.c:256)
mar 20 12:10:36 ubuntu-GL503VD open5gs-nssfd[4810]: 03/20 12:10:36.166: [sbi] ERROR: Connection timer expired [METHOD:PUT] (../lib/sbi/client.c:658)
mar 20 12:10:36 ubuntu-GL503VD open5gs-nssfd[4810]: 03/20 12:10:36.166: [sbi] ERROR: Effective URL: http://192.168.50.200:7777/nnrf-nfm/v1/nf-instances/6830507a-243f-41f1-bb43-534456236c92 (../lib/sbi/client.c:662)
mar 20 12:10:36 ubuntu-GL503VD open5gs-nssfd[4810]: 03/20 12:10:36.166: [sbi] WARNING: ogs_sbi_client_handler() failed [-3] (../lib/sbi/path.c:62)
mar 20 12:10:36 ubuntu-GL503VD open5gs-nssfd[4810]: 03/20 12:10:36.167: [sbi] WARNING: [6830507a-243f-41f1-bb43-534456236c92] Retry registration with NRF (../lib/sbi/nf-sm.c:256)
mar 20 12:10:36 ubuntu-GL503VD open5gs-nssfd[4810]: 03/20 12:10:36.245: [sbi] INFO: [6830507a-243f-41f1-bb43-534456236c92] NF registered [Heartbeat:10s] (../lib/sbi/nf-sm.c:295)
mar 20 12:10:36 ubuntu-GL503VD open5gs-nssfd[4810]: 03/20 12:10:36.265: [sbi] INFO: Setup NF EndPoint(addr) [127.0.0.10:7777] (../lib/sbi/nnrf-handler.c:955)
mar 20 12:10:36 ubuntu-GL503VD open5gs-nssfd[4810]: 03/20 12:10:36.265: [sbi] INFO: [6ba8c6c0-244d-41f1-951d-6d19baefd136] Subscription created until 2026-03-21T12:10:36.250179+01:00 [duration:86400000000,validity:86400.000000,patch:43200.000000] (../lib/sbi/nnrf-handler.c:874)
mar 20 12:11:07 ubuntu-GL503VD open5gs-nssfd[4810]: 03/20 12:11:07.266: [sbi] ERROR: [6830507a-243f-41f1-bb43-534456236c92] No heartbeat [type:NSSF] (../lib/sbi/nf-sm.c:431)
mar 20 12:11:07 ubuntu-GL503VD open5gs-nssfd[4810]: 03/20 12:11:07.266: [sbi] INFO: [6830507a-243f-41f1-bb43-534456236c92] NF de-registered (../lib/sbi/nf-sm.c:324)
mar 20 12:11:12 ubuntu-GL503VD open5gs-nssfd[4810]: 03/20 12:11:12.634: [sbi] ERROR: [6830507a-243f-41f1-bb43-534456236c92] HTTP Response Status Code [404] (../lib/sbi/nf-sm.c:232)
mar 20 12:11:14 ubuntu-GL503VD open5gs-nssfd[4810]: 03/20 12:11:14.636: [sbi] WARNING: [6830507a-243f-41f1-bb43-534456236c92] Retry registration with NRF (../lib/sbi/nf-sm.c:529)
mar 20 12:11:14 ubuntu-GL503VD open5gs-nssfd[4810]: 03/20 12:11:14.637: [sbi] ERROR: OVERFLOW NFProfile->plmn_list [12:12:12] (../lib/sbi/nnrf-handler.c:59)
mar 20 12:11:14 ubuntu-GL503VD open5gs-nssfd[4810]: 03/20 12:11:14.638: [sbi] INFO: [6830507a-243f-41f1-bb43-534456236c92] NF registered [Heartbeat:10s] (../lib/sbi/nf-sm.c:295)
mar 20 12:11:14 ubuntu-GL503VD open5gs-nssfd[4810]: 03/20 12:11:14.639: [sbi] INFO: Setup NF EndPoint(addr) [127.0.0.10:7777] (../lib/sbi/nnrf-handler.c:955)
mar 20 12:11:14 ubuntu-GL503VD open5gs-nssfd[4810]: 03/20 12:11:14.639: [sbi] INFO: [828a60f6-244d-41f1-951d-6d19baefd136] Subscription created until 2026-03-21T12:11:14.638508+01:00 [duration:86400000000,validity:86400.000000,patch:43200.000000] (../lib/sbi/nnrf-handler.c:874)
mar 20 12:11:45 ubuntu-GL503VD open5gs-nssfd[4810]: 03/20 12:11:45.660: [sbi] ERROR: [6830507a-243f-41f1-bb43-534456236c92] No heartbeat [type:NSSF] (../lib/sbi/nf-sm.c:431)
mar 20 12:11:45 ubuntu-GL503VD open5gs-nssfd[4810]: 03/20 12:11:45.660: [sbi] INFO: [6830507a-243f-41f1-bb43-534456236c92] NF de-registered (../lib/sbi/nf-sm.c:324)
mar 20 12:11:55 ubuntu-GL503VD open5gs-nssfd[4810]: 03/20 12:11:55.678: [sbi] ERROR: Connection timer expired [METHOD:PATCH] (../lib/sbi/client.c:658)
mar 20 12:11:55 ubuntu-GL503VD open5gs-nssfd[4810]: 03/20 12:11:55.678: [sbi] ERROR: Effective URL: http://192.168.50.200:7777/nnrf-nfm/v1/nf-instances/6830507a-243f-41f1-bb43-534456236c92 (../lib/sbi/client.c:662)
mar 20 12:11:55 ubuntu-GL503VD open5gs-nssfd[4810]: 03/20 12:11:55.678: [sbi] WARNING: ogs_sbi_client_handler() failed [-3] (../lib/sbi/path.c:62)
mar 20 12:11:55 ubuntu-GL503VD open5gs-nssfd[4810]: 03/20 12:11:55.687: [sbi] ERROR: OVERFLOW NFProfile->plmn_list [12:12:12] (../lib/sbi/nnrf-handler.c:59)
mar 20 12:11:55 ubuntu-GL503VD open5gs-nssfd[4810]: 03/20 12:11:55.687: [sbi] INFO: [6830507a-243f-41f1-bb43-534456236c92] NF registered [Heartbeat:10s] (../lib/sbi/nf-sm.c:295)
mar 20 12:11:55 ubuntu-GL503VD open5gs-nssfd[4810]: 03/20 12:11:55.691: [sbi] INFO: Setup NF EndPoint(addr) [127.0.0.10:7777] (../lib/sbi/nnrf-handler.c:955)
mar 20 12:11:55 ubuntu-GL503VD open5gs-nssfd[4810]: 03/20 12:11:55.691: [sbi] INFO: [9b0255e4-244d-41f1-951d-6d19baefd136] Subscription created until 2026-03-21T12:11:55.689947+01:00 [duration:86400000000,validity:86400.000000,patch:43200.000000] (../lib/sbi/nnrf-handler.c:874)
mar 20 12:12:36 ubuntu-GL503VD open5gs-nssfd[4810]: 03/20 12:12:36.712: [sbi] ERROR: [6830507a-243f-41f1-bb43-534456236c92] No heartbeat [type:NSSF] (../lib/sbi/nf-sm.c:431)
mar 20 12:12:36 ubuntu-GL503VD open5gs-nssfd[4810]: 03/20 12:12:36.712: [sbi] INFO: [6830507a-243f-41f1-bb43-534456236c92] NF de-registered (../lib/sbi/nf-sm.c:324)
mar 20 12:12:38 ubuntu-GL503VD open5gs-nssfd[4810]: 03/20 12:12:38.845: [sbi] ERROR: [6830507a-243f-41f1-bb43-534456236c92] HTTP Response Status Code [404] (../lib/sbi/nf-sm.c:232)
mar 20 12:12:40 ubuntu-GL503VD open5gs-nssfd[4810]: 03/20 12:12:40.846: [sbi] WARNING: [6830507a-243f-41f1-bb43-534456236c92] Retry registration with NRF (../lib/sbi/nf-sm.c:529)
mar 20 12:12:40 ubuntu-GL503VD open5gs-nssfd[4810]: 03/20 12:12:40.848: [sbi] ERROR: OVERFLOW NFProfile->plmn_list [12:12:12] (../lib/sbi/nnrf-handler.c:59)
mar 20 12:12:40 ubuntu-GL503VD open5gs-nssfd[4810]: 03/20 12:12:40.848: [sbi] INFO: [6830507a-243f-41f1-bb43-534456236c92] NF registered [Heartbeat:10s] (../lib/sbi/nf-sm.c:295)
mar 20 12:12:40 ubuntu-GL503VD open5gs-nssfd[4810]: 03/20 12:12:40.850: [sbi] INFO: Setup NF EndPoint(addr) [127.0.0.10:7777] (../lib/sbi/nnrf-handler.c:955)
mar 20 12:12:40 ubuntu-GL503VD open5gs-nssfd[4810]: 03/20 12:12:40.850: [sbi] INFO: [b5ed0778-244d-41f1-951d-6d19baefd136] Subscription created until 2026-03-21T12:12:40.848821+01:00 [duration:86400000000,validity:86400.000000,patch:43200.000000] (../lib/sbi/nnrf-handler.c:874)
mar 20 12:13:11 ubuntu-GL503VD open5gs-nssfd[4810]: 03/20 12:13:11.869: [sbi] ERROR: [6830507a-243f-41f1-bb43-534456236c92] No heartbeat [type:NSSF] (../lib/sbi/nf-sm.c:431)
mar 20 12:13:11 ubuntu-GL503VD open5gs-nssfd[4810]: 03/20 12:13:11.869: [sbi] INFO: [6830507a-243f-41f1-bb43-534456236c92] NF de-registered (../lib/sbi/nf-sm.c:324)
mar 20 12:13:21 ubuntu-GL503VD open5gs-nssfd[4810]: 03/20 12:13:21.887: [sbi] ERROR: Connection timer expired [METHOD:PATCH] (../lib/sbi/client.c:658)
mar 20 12:13:21 ubuntu-GL503VD open5gs-nssfd[4810]: 03/20 12:13:21.887: [sbi] ERROR: Effective URL: http://192.168.50.200:7777/nnrf-nfm/v1/nf-instances/6830507a-243f-41f1-bb43-534456236c92 (../lib/sbi/client.c:662)
mar 20 12:13:21 ubuntu-GL503VD open5gs-nssfd[4810]: 03/20 12:13:21.887: [sbi] WARNING: ogs_sbi_client_handler() failed [-3] (../lib/sbi/path.c:62)
mar 20 12:13:21 ubuntu-GL503VD open5gs-nssfd[4810]: 03/20 12:13:21.892: [sbi] ERROR: OVERFLOW NFProfile->plmn_list [12:12:12] (../lib/sbi/nnrf-handler.c:59)
mar 20 12:13:21 ubuntu-GL503VD open5gs-nssfd[4810]: 03/20 12:13:21.892: [sbi] INFO: [6830507a-243f-41f1-bb43-534456236c92] NF registered [Heartbeat:10s] (../lib/sbi/nf-sm.c:295)
mar 20 12:13:21 ubuntu-GL503VD open5gs-nssfd[4810]: 03/20 12:13:21.893: [sbi] INFO: Setup NF EndPoint(addr) [127.0.0.10:7777] (../lib/sbi/nnrf-handler.c:955)
mar 20 12:13:21 ubuntu-GL503VD open5gs-nssfd[4810]: 03/20 12:13:21.893: [sbi] INFO: [ce63dbec-244d-41f1-951d-6d19baefd136] Subscription created until 2026-03-21T12:13:21.892884+01:00 [duration:86400000000,validity:86400.000000,patch:43200.000000] (../lib/sbi/nnrf-handler.c:874)
mar 20 12:13:52 ubuntu-GL503VD open5gs-nssfd[4810]: 03/20 12:13:52.914: [sbi] ERROR: [6830507a-243f-41f1-bb43-534456236c92] No heartbeat [type:NSSF] (../lib/sbi/nf-sm.c:431)
mar 20 12:13:52 ubuntu-GL503VD open5gs-nssfd[4810]: 03/20 12:13:52.914: [sbi] INFO: [6830507a-243f-41f1-bb43-534456236c92] NF de-registered (../lib/sbi/nf-sm.c:324)
mar 20 12:14:02 ubuntu-GL503VD open5gs-nssfd[4810]: 03/20 12:14:02.933: [sbi] ERROR: Connection timer expired [METHOD:PATCH] (../lib/sbi/client.c:658)
mar 20 12:14:02 ubuntu-GL503VD open5gs-nssfd[4810]: 03/20 12:14:02.933: [sbi] ERROR: Effective URL: http://192.168.50.200:7777/nnrf-nfm/v1/nf-instances/6830507a-243f-41f1-bb43-534456236c92 (../lib/sbi/client.c:662)
mar 20 12:14:02 ubuntu-GL503VD open5gs-nssfd[4810]: 03/20 12:14:02.933: [sbi] WARNING: ogs_sbi_client_handler() failed [-3] (../lib/sbi/path.c:62)
mar 20 12:14:02 ubuntu-GL503VD open5gs-nssfd[4810]: 03/20 12:14:02.941: [sbi] ERROR: OVERFLOW NFProfile->plmn_list [12:12:12] (../lib/sbi/nnrf-handler.c:59)
mar 20 12:14:02 ubuntu-GL503VD open5gs-nssfd[4810]: 03/20 12:14:02.941: [sbi] INFO: [6830507a-243f-41f1-bb43-534456236c92] NF registered [Heartbeat:10s] (../lib/sbi/nf-sm.c:295)
mar 20 12:14:02 ubuntu-GL503VD open5gs-nssfd[4810]: 03/20 12:14:02.943: [sbi] INFO: Setup NF EndPoint(addr) [127.0.0.10:7777] (../lib/sbi/nnrf-handler.c:955)
mar 20 12:14:02 ubuntu-GL503VD open5gs-nssfd[4810]: 03/20 12:14:02.943: [sbi] INFO: [e6db73f6-244d-41f1-951d-6d19baefd136] Subscription created until 2026-03-21T12:14:02.941971+01:00 [duration:86400000000,validity:86400.000000,patch:43200.000000] (../lib/sbi/nnrf-handler.c:874)
mar 20 15:35:52 ubuntu-GL503VD open5gs-nssfd[4810]: 03/20 15:35:52.138: [core] ERROR: epoll failed (4:Interrupted system call) (../lib/core/ogs-epoll.c:221)
mar 20 15:35:52 ubuntu-GL503VD open5gs-nssfd[4810]: 03/20 15:35:52.138: [sbi] ERROR: [6830507a-243f-41f1-bb43-534456236c92] No heartbeat [type:NSSF] (../lib/sbi/nf-sm.c:431)
mar 20 15:35:52 ubuntu-GL503VD open5gs-nssfd[4810]: 03/20 15:35:52.138: [sbi] INFO: [6830507a-243f-41f1-bb43-534456236c92] NF de-registered (../lib/sbi/nf-sm.c:324)
mar 20 15:36:00 ubuntu-GL503VD open5gs-nssfd[4810]: 03/20 15:36:00.564: [sbi] ERROR: Connection timer expired [METHOD:PATCH] (../lib/sbi/client.c:658)
mar 20 15:36:00 ubuntu-GL503VD open5gs-nssfd[4810]: 03/20 15:36:00.564: [sbi] ERROR: Effective URL: http://192.168.50.200:7777/nnrf-nfm/v1/nf-instances/6830507a-243f-41f1-bb43-534456236c92 (../lib/sbi/client.c:662)
mar 20 15:36:00 ubuntu-GL503VD open5gs-nssfd[4810]: 03/20 15:36:00.564: [sbi] WARNING: ogs_sbi_client_handler() failed [-3] (../lib/sbi/path.c:62)
mar 20 15:36:00 ubuntu-GL503VD open5gs-nssfd[4810]: 03/20 15:36:00.566: [sbi] ERROR: OVERFLOW NFProfile->plmn_list [12:12:12] (../lib/sbi/nnrf-handler.c:59)
mar 20 15:36:00 ubuntu-GL503VD open5gs-nssfd[4810]: 03/20 15:36:00.566: [sbi] INFO: [6830507a-243f-41f1-bb43-534456236c92] NF registered [Heartbeat:10s] (../lib/sbi/nf-sm.c:295)
mar 20 15:36:00 ubuntu-GL503VD open5gs-nssfd[4810]: 03/20 15:36:00.568: [sbi] INFO: Setup NF EndPoint(addr) [127.0.0.10:7777] (../lib/sbi/nnrf-handler.c:955)
mar 20 15:36:00 ubuntu-GL503VD open5gs-nssfd[4810]: 03/20 15:36:00.568: [sbi] INFO: [1d866dae-246a-41f1-951d-6d19baefd136] Subscription created until 2026-03-21T15:36:00.567879+01:00 [duration:86400000000,validity:86400.000000,patch:43200.000000] (../lib/sbi/nnrf-handler.c:874)
mar 20 15:36:31 ubuntu-GL503VD open5gs-nssfd[4810]: 03/20 15:36:31.590: [sbi] ERROR: [6830507a-243f-41f1-bb43-534456236c92] No heartbeat [type:NSSF] (../lib/sbi/nf-sm.c:431)
mar 20 15:36:31 ubuntu-GL503VD open5gs-nssfd[4810]: 03/20 15:36:31.590: [sbi] INFO: [6830507a-243f-41f1-bb43-534456236c92] NF de-registered (../lib/sbi/nf-sm.c:324)
mar 20 15:36:41 ubuntu-GL503VD open5gs-nssfd[4810]: 03/20 15:36:41.608: [sbi] ERROR: Connection timer expired [METHOD:PATCH] (../lib/sbi/client.c:658)
mar 20 15:36:41 ubuntu-GL503VD open5gs-nssfd[4810]: 03/20 15:36:41.608: [sbi] ERROR: Effective URL: http://192.168.50.200:7777/nnrf-nfm/v1/nf-instances/6830507a-243f-41f1-bb43-534456236c92 (../lib/sbi/client.c:662)
mar 20 15:36:41 ubuntu-GL503VD open5gs-nssfd[4810]: 03/20 15:36:41.608: [sbi] WARNING: ogs_sbi_client_handler() failed [-3] (../lib/sbi/path.c:62)
mar 20 15:36:41 ubuntu-GL503VD open5gs-nssfd[4810]: 03/20 15:36:41.610: [sbi] ERROR: OVERFLOW NFProfile->plmn_list [12:12:12] (../lib/sbi/nnrf-handler.c:59)
mar 20 15:36:41 ubuntu-GL503VD open5gs-nssfd[4810]: 03/20 15:36:41.610: [sbi] INFO: [6830507a-243f-41f1-bb43-534456236c92] NF registered [Heartbeat:10s] (../lib/sbi/nf-sm.c:295)
mar 20 15:36:41 ubuntu-GL503VD open5gs-nssfd[4810]: 03/20 15:36:41.611: [sbi] INFO: Setup NF EndPoint(addr) [127.0.0.10:7777] (../lib/sbi/nnrf-handler.c:955)
mar 20 15:36:41 ubuntu-GL503VD open5gs-nssfd[4810]: 03/20 15:36:41.611: [sbi] INFO: [35fd10c2-246a-41f1-951d-6d19baefd136] Subscription created until 2026-03-21T15:36:41.610694+01:00 [duration:86400000000,validity:86400.000000,patch:43200.000000] (../lib/sbi/nnrf-handler.c:874)
mar 20 15:37:22 ubuntu-GL503VD open5gs-nssfd[4810]: 03/20 15:37:22.642: [sbi] ERROR: [6830507a-243f-41f1-bb43-534456236c92] No heartbeat [type:NSSF] (../lib/sbi/nf-sm.c:431)
mar 20 15:37:22 ubuntu-GL503VD open5gs-nssfd[4810]: 03/20 15:37:22.642: [sbi] INFO: [6830507a-243f-41f1-bb43-534456236c92] NF de-registered (../lib/sbi/nf-sm.c:324)
mar 20 15:37:23 ubuntu-GL503VD open5gs-nssfd[4810]: 03/20 15:37:23.080: [sbi] ERROR: [6830507a-243f-41f1-bb43-534456236c92] HTTP Response Status Code [404] (../lib/sbi/nf-sm.c:232)
mar 20 15:37:25 ubuntu-GL503VD open5gs-nssfd[4810]: 03/20 15:37:25.082: [sbi] WARNING: [6830507a-243f-41f1-bb43-534456236c92] Retry registration with NRF (../lib/sbi/nf-sm.c:529)
mar 20 15:37:25 ubuntu-GL503VD open5gs-nssfd[4810]: 03/20 15:37:25.083: [sbi] ERROR: OVERFLOW NFProfile->plmn_list [12:12:12] (../lib/sbi/nnrf-handler.c:59)
mar 20 15:37:25 ubuntu-GL503VD open5gs-nssfd[4810]: 03/20 15:37:25.083: [sbi] INFO: [6830507a-243f-41f1-bb43-534456236c92] NF registered [Heartbeat:10s] (../lib/sbi/nf-sm.c:295)
mar 20 15:37:25 ubuntu-GL503VD open5gs-nssfd[4810]: 03/20 15:37:25.085: [sbi] INFO: Setup NF EndPoint(addr) [127.0.0.10:7777] (../lib/sbi/nnrf-handler.c:955)
mar 20 15:37:25 ubuntu-GL503VD open5gs-nssfd[4810]: 03/20 15:37:25.085: [sbi] INFO: [4fe6a0ca-246a-41f1-951d-6d19baefd136] Subscription created until 2026-03-21T15:37:25.084429+01:00 [duration:86400000000,validity:86400.000000,patch:43200.000000] (../lib/sbi/nnrf-handler.c:874)
mar 20 15:37:56 ubuntu-GL503VD open5gs-nssfd[4810]: 03/20 15:37:56.107: [sbi] ERROR: [6830507a-243f-41f1-bb43-534456236c92] No heartbeat [type:NSSF] (../lib/sbi/nf-sm.c:431)
mar 20 15:37:56 ubuntu-GL503VD open5gs-nssfd[4810]: 03/20 15:37:56.107: [sbi] INFO: [6830507a-243f-41f1-bb43-534456236c92] NF de-registered (../lib/sbi/nf-sm.c:324)
mar 20 15:38:06 ubuntu-GL503VD open5gs-nssfd[4810]: 03/20 15:38:06.126: [sbi] ERROR: Connection timer expired [METHOD:PATCH] (../lib/sbi/client.c:658)
mar 20 15:38:06 ubuntu-GL503VD open5gs-nssfd[4810]: 03/20 15:38:06.126: [sbi] ERROR: Effective URL: http://192.168.50.200:7777/nnrf-nfm/v1/nf-instances/6830507a-243f-41f1-bb43-534456236c92 (../lib/sbi/client.c:662)
mar 20 15:38:06 ubuntu-GL503VD open5gs-nssfd[4810]: 03/20 15:38:06.126: [sbi] WARNING: ogs_sbi_client_handler() failed [-3] (../lib/sbi/path.c:62)
mar 20 15:38:06 ubuntu-GL503VD open5gs-nssfd[4810]: 03/20 15:38:06.131: [sbi] ERROR: OVERFLOW NFProfile->plmn_list [12:12:12] (../lib/sbi/nnrf-handler.c:59)
mar 20 15:38:06 ubuntu-GL503VD open5gs-nssfd[4810]: 03/20 15:38:06.131: [sbi] INFO: [6830507a-243f-41f1-bb43-534456236c92] NF registered [Heartbeat:10s] (../lib/sbi/nf-sm.c:295)
mar 20 15:38:06 ubuntu-GL503VD open5gs-nssfd[4810]: 03/20 15:38:06.132: [sbi] INFO: Setup NF EndPoint(addr) [127.0.0.10:7777] (../lib/sbi/nnrf-handler.c:955)
mar 20 15:38:06 ubuntu-GL503VD open5gs-nssfd[4810]: 03/20 15:38:06.132: [sbi] INFO: [685df11c-246a-41f1-951d-6d19baefd136] Subscription created until 2026-03-21T15:38:06.131656+01:00 [duration:86400000000,validity:86400.000000,patch:43200.000000] (../lib/sbi/nnrf-handler.c:874)
mar 20 15:38:37 ubuntu-GL503VD open5gs-nssfd[4810]: 03/20 15:38:37.154: [sbi] ERROR: [6830507a-243f-41f1-bb43-534456236c92] No heartbeat [type:NSSF] (../lib/sbi/nf-sm.c:431)
mar 20 15:38:37 ubuntu-GL503VD open5gs-nssfd[4810]: 03/20 15:38:37.154: [sbi] INFO: [6830507a-243f-41f1-bb43-534456236c92] NF de-registered (../lib/sbi/nf-sm.c:324)
mar 20 15:38:47 ubuntu-GL503VD open5gs-nssfd[4810]: 03/20 15:38:47.173: [sbi] ERROR: Connection timer expired [METHOD:PATCH] (../lib/sbi/client.c:658)
mar 20 15:38:47 ubuntu-GL503VD open5gs-nssfd[4810]: 03/20 15:38:47.173: [sbi] ERROR: Effective URL: http://192.168.50.200:7777/nnrf-nfm/v1/nf-instances/6830507a-243f-41f1-bb43-534456236c92 (../lib/sbi/client.c:662)
mar 20 15:38:47 ubuntu-GL503VD open5gs-nssfd[4810]: 03/20 15:38:47.173: [sbi] WARNING: ogs_sbi_client_handler() failed [-3] (../lib/sbi/path.c:62)
mar 20 15:38:47 ubuntu-GL503VD open5gs-nssfd[4810]: 03/20 15:38:47.179: [sbi] ERROR: OVERFLOW NFProfile->plmn_list [12:12:12] (../lib/sbi/nnrf-handler.c:59)
mar 20 15:38:47 ubuntu-GL503VD open5gs-nssfd[4810]: 03/20 15:38:47.179: [sbi] INFO: [6830507a-243f-41f1-bb43-534456236c92] NF registered [Heartbeat:10s] (../lib/sbi/nf-sm.c:295)
mar 20 15:38:47 ubuntu-GL503VD open5gs-nssfd[4810]: 03/20 15:38:47.180: [sbi] INFO: Setup NF EndPoint(addr) [127.0.0.10:7777] (../lib/sbi/nnrf-handler.c:955)
mar 20 15:38:47 ubuntu-GL503VD open5gs-nssfd[4810]: 03/20 15:38:47.180: [sbi] INFO: [80d57328-246a-41f1-951d-6d19baefd136] Subscription created until 2026-03-21T15:38:47.180188+01:00 [duration:86400000000,validity:86400.000000,patch:43200.000000] (../lib/sbi/nnrf-handler.c:874)
mar 20 15:39:28 ubuntu-GL503VD open5gs-nssfd[4810]: 03/20 15:39:28.211: [sbi] ERROR: [6830507a-243f-41f1-bb43-534456236c92] No heartbeat [type:NSSF] (../lib/sbi/nf-sm.c:431)
mar 20 15:39:28 ubuntu-GL503VD open5gs-nssfd[4810]: 03/20 15:39:28.211: [sbi] INFO: [6830507a-243f-41f1-bb43-534456236c92] NF de-registered (../lib/sbi/nf-sm.c:324)
mar 20 15:39:28 ubuntu-GL503VD open5gs-nssfd[4810]: 03/20 15:39:28.645: [sbi] ERROR: [6830507a-243f-41f1-bb43-534456236c92] HTTP Response Status Code [404] (../lib/sbi/nf-sm.c:232)
mar 20 15:39:30 ubuntu-GL503VD open5gs-nssfd[4810]: 03/20 15:39:30.648: [sbi] WARNING: [6830507a-243f-41f1-bb43-534456236c92] Retry registration with NRF (../lib/sbi/nf-sm.c:529)
mar 20 15:39:30 ubuntu-GL503VD open5gs-nssfd[4810]: 03/20 15:39:30.649: [sbi] ERROR: OVERFLOW NFProfile->plmn_list [12:12:12] (../lib/sbi/nnrf-handler.c:59)
mar 20 15:39:30 ubuntu-GL503VD open5gs-nssfd[4810]: 03/20 15:39:30.649: [sbi] INFO: [6830507a-243f-41f1-bb43-534456236c92] NF registered [Heartbeat:10s] (../lib/sbi/nf-sm.c:295)
mar 20 15:39:30 ubuntu-GL503VD open5gs-nssfd[4810]: 03/20 15:39:30.650: [sbi] INFO: Setup NF EndPoint(addr) [127.0.0.10:7777] (../lib/sbi/nnrf-handler.c:955)
mar 20 15:39:30 ubuntu-GL503VD open5gs-nssfd[4810]: 03/20 15:39:30.650: [sbi] INFO: [9abe6092-246a-41f1-951d-6d19baefd136] Subscription created until 2026-03-21T15:39:30.649759+01:00 [duration:86400000000,validity:86400.000000,patch:43200.000000] (../lib/sbi/nnrf-handler.c:874)
mar 20 15:40:01 ubuntu-GL503VD open5gs-nssfd[4810]: 03/20 15:40:01.674: [sbi] ERROR: [6830507a-243f-41f1-bb43-534456236c92] No heartbeat [type:NSSF] (../lib/sbi/nf-sm.c:431)
mar 20 15:40:01 ubuntu-GL503VD open5gs-nssfd[4810]: 03/20 15:40:01.674: [sbi] INFO: [6830507a-243f-41f1-bb43-534456236c92] NF de-registered (../lib/sbi/nf-sm.c:324)
mar 20 15:40:11 ubuntu-GL503VD open5gs-nssfd[4810]: 03/20 15:40:11.691: [sbi] ERROR: Connection timer expired [METHOD:PATCH] (../lib/sbi/client.c:658)
mar 20 15:40:11 ubuntu-GL503VD open5gs-nssfd[4810]: 03/20 15:40:11.691: [sbi] ERROR: Effective URL: http://192.168.50.200:7777/nnrf-nfm/v1/nf-instances/6830507a-243f-41f1-bb43-534456236c92 (../lib/sbi/client.c:662)
mar 20 15:40:11 ubuntu-GL503VD open5gs-nssfd[4810]: 03/20 15:40:11.691: [sbi] WARNING: ogs_sbi_client_handler() failed [-3] (../lib/sbi/path.c:62)
mar 20 15:40:11 ubuntu-GL503VD open5gs-nssfd[4810]: 03/20 15:40:11.693: [sbi] ERROR: OVERFLOW NFProfile->plmn_list [12:12:12] (../lib/sbi/nnrf-handler.c:59)
mar 20 15:40:11 ubuntu-GL503VD open5gs-nssfd[4810]: 03/20 15:40:11.693: [sbi] INFO: [6830507a-243f-41f1-bb43-534456236c92] NF registered [Heartbeat:10s] (../lib/sbi/nf-sm.c:295)
mar 20 15:40:11 ubuntu-GL503VD open5gs-nssfd[4810]: 03/20 15:40:11.694: [sbi] INFO: Setup NF EndPoint(addr) [127.0.0.10:7777] (../lib/sbi/nnrf-handler.c:955)
mar 20 15:40:11 ubuntu-GL503VD open5gs-nssfd[4810]: 03/20 15:40:11.695: [sbi] INFO: [b3353740-246a-41f1-951d-6d19baefd136] Subscription created until 2026-03-21T15:40:11.693899+01:00 [duration:86400000000,validity:86400.000000,patch:43200.000000] (../lib/sbi/nnrf-handler.c:874)
mar 20 15:40:42 ubuntu-GL503VD open5gs-nssfd[4810]: 03/20 15:40:42.716: [sbi] ERROR: [6830507a-243f-41f1-bb43-534456236c92] No heartbeat [type:NSSF] (../lib/sbi/nf-sm.c:431)
mar 20 15:40:42 ubuntu-GL503VD open5gs-nssfd[4810]: 03/20 15:40:42.716: [sbi] INFO: [6830507a-243f-41f1-bb43-534456236c92] NF de-registered (../lib/sbi/nf-sm.c:324)
mar 20 15:40:52 ubuntu-GL503VD open5gs-nssfd[4810]: 03/20 15:40:52.734: [sbi] ERROR: Connection timer expired [METHOD:PATCH] (../lib/sbi/client.c:658)
mar 20 15:40:52 ubuntu-GL503VD open5gs-nssfd[4810]: 03/20 15:40:52.734: [sbi] ERROR: Effective URL: http://192.168.50.200:7777/nnrf-nfm/v1/nf-instances/6830507a-243f-41f1-bb43-534456236c92 (../lib/sbi/client.c:662)
mar 20 15:40:52 ubuntu-GL503VD open5gs-nssfd[4810]: 03/20 15:40:52.734: [sbi] WARNING: ogs_sbi_client_handler() failed [-3] (../lib/sbi/path.c:62)
mar 20 15:40:52 ubuntu-GL503VD open5gs-nssfd[4810]: 03/20 15:40:52.745: [sbi] ERROR: OVERFLOW NFProfile->plmn_list [12:12:12] (../lib/sbi/nnrf-handler.c:59)
mar 20 15:40:52 ubuntu-GL503VD open5gs-nssfd[4810]: 03/20 15:40:52.745: [sbi] INFO: [6830507a-243f-41f1-bb43-534456236c92] NF registered [Heartbeat:10s] (../lib/sbi/nf-sm.c:295)
mar 20 15:40:52 ubuntu-GL503VD open5gs-nssfd[4810]: 03/20 15:40:52.749: [sbi] INFO: Setup NF EndPoint(addr) [127.0.0.10:7777] (../lib/sbi/nnrf-handler.c:955)
mar 20 15:40:52 ubuntu-GL503VD open5gs-nssfd[4810]: 03/20 15:40:52.749: [sbi] INFO: [cbad8eda-246a-41f1-951d-6d19baefd136] Subscription created until 2026-03-21T15:40:52.747865+01:00 [duration:86400000000,validity:86400.000000,patch:43200.000000] (../lib/sbi/nnrf-handler.c:874)
mar 20 15:41:33 ubuntu-GL503VD open5gs-nssfd[4810]: 03/20 15:41:33.778: [sbi] ERROR: [6830507a-243f-41f1-bb43-534456236c92] No heartbeat [type:NSSF] (../lib/sbi/nf-sm.c:431)
mar 20 15:41:33 ubuntu-GL503VD open5gs-nssfd[4810]: 03/20 15:41:33.778: [sbi] INFO: [6830507a-243f-41f1-bb43-534456236c92] NF de-registered (../lib/sbi/nf-sm.c:324)
mar 20 15:41:36 ubuntu-GL503VD open5gs-nssfd[4810]: 03/20 15:41:36.454: [sbi] ERROR: [6830507a-243f-41f1-bb43-534456236c92] HTTP Response Status Code [404] (../lib/sbi/nf-sm.c:232)
mar 20 15:41:38 ubuntu-GL503VD open5gs-nssfd[4810]: 03/20 15:41:38.456: [sbi] WARNING: [6830507a-243f-41f1-bb43-534456236c92] Retry registration with NRF (../lib/sbi/nf-sm.c:529)
mar 20 15:41:38 ubuntu-GL503VD open5gs-nssfd[4810]: 03/20 15:41:38.457: [sbi] ERROR: OVERFLOW NFProfile->plmn_list [12:12:12] (../lib/sbi/nnrf-handler.c:59)
mar 20 15:41:38 ubuntu-GL503VD open5gs-nssfd[4810]: 03/20 15:41:38.457: [sbi] INFO: [6830507a-243f-41f1-bb43-534456236c92] NF registered [Heartbeat:10s] (../lib/sbi/nf-sm.c:295)
mar 20 15:41:38 ubuntu-GL503VD open5gs-nssfd[4810]: 03/20 15:41:38.458: [sbi] INFO: Setup NF EndPoint(addr) [127.0.0.10:7777] (../lib/sbi/nnrf-handler.c:955)
mar 20 15:41:38 ubuntu-GL503VD open5gs-nssfd[4810]: 03/20 15:41:38.458: [sbi] INFO: [e6ec5744-246a-41f1-951d-6d19baefd136] Subscription created until 2026-03-21T15:41:38.457828+01:00 [duration:86400000000,validity:86400.000000,patch:43200.000000] (../lib/sbi/nnrf-handler.c:874)
mar 20 15:42:09 ubuntu-GL503VD open5gs-nssfd[4810]: 03/20 15:42:09.479: [sbi] ERROR: [6830507a-243f-41f1-bb43-534456236c92] No heartbeat [type:NSSF] (../lib/sbi/nf-sm.c:431)
mar 20 15:42:09 ubuntu-GL503VD open5gs-nssfd[4810]: 03/20 15:42:09.479: [sbi] INFO: [6830507a-243f-41f1-bb43-534456236c92] NF de-registered (../lib/sbi/nf-sm.c:324)
mar 20 15:42:19 ubuntu-GL503VD open5gs-nssfd[4810]: 03/20 15:42:19.497: [sbi] ERROR: Connection timer expired [METHOD:PATCH] (../lib/sbi/client.c:658)
mar 20 15:42:19 ubuntu-GL503VD open5gs-nssfd[4810]: 03/20 15:42:19.497: [sbi] ERROR: Effective URL: http://192.168.50.200:7777/nnrf-nfm/v1/nf-instances/6830507a-243f-41f1-bb43-534456236c92 (../lib/sbi/client.c:662)
mar 20 15:42:19 ubuntu-GL503VD open5gs-nssfd[4810]: 03/20 15:42:19.497: [sbi] WARNING: ogs_sbi_client_handler() failed [-3] (../lib/sbi/path.c:62)
mar 20 15:42:19 ubuntu-GL503VD open5gs-nssfd[4810]: 03/20 15:42:19.499: [sbi] ERROR: OVERFLOW NFProfile->plmn_list [12:12:12] (../lib/sbi/nnrf-handler.c:59)
mar 20 15:42:19 ubuntu-GL503VD open5gs-nssfd[4810]: 03/20 15:42:19.499: [sbi] INFO: [6830507a-243f-41f1-bb43-534456236c92] NF registered [Heartbeat:10s] (../lib/sbi/nf-sm.c:295)
mar 20 15:42:19 ubuntu-GL503VD open5gs-nssfd[4810]: 03/20 15:42:19.500: [sbi] INFO: Setup NF EndPoint(addr) [127.0.0.10:7777] (../lib/sbi/nnrf-handler.c:955)
mar 20 15:42:19 ubuntu-GL503VD open5gs-nssfd[4810]: 03/20 15:42:19.500: [sbi] INFO: [ff62dfdc-246a-41f1-951d-6d19baefd136] Subscription created until 2026-03-21T15:42:19.499951+01:00 [duration:86400000000,validity:86400.000000,patch:43200.000000] (../lib/sbi/nnrf-handler.c:874)
mar 20 15:42:50 ubuntu-GL503VD open5gs-nssfd[4810]: 03/20 15:42:50.522: [sbi] ERROR: [6830507a-243f-41f1-bb43-534456236c92] No heartbeat [type:NSSF] (../lib/sbi/nf-sm.c:431)
mar 20 15:42:50 ubuntu-GL503VD open5gs-nssfd[4810]: 03/20 15:42:50.522: [sbi] INFO: [6830507a-243f-41f1-bb43-534456236c92] NF de-registered (../lib/sbi/nf-sm.c:324)
mar 20 15:43:00 ubuntu-GL503VD open5gs-nssfd[4810]: 03/20 15:43:00.540: [sbi] ERROR: Connection timer expired [METHOD:PATCH] (../lib/sbi/client.c:658)
mar 20 15:43:00 ubuntu-GL503VD open5gs-nssfd[4810]: 03/20 15:43:00.540: [sbi] ERROR: Effective URL: http://192.168.50.200:7777/nnrf-nfm/v1/nf-instances/6830507a-243f-41f1-bb43-534456236c92 (../lib/sbi/client.c:662)
mar 20 15:43:00 ubuntu-GL503VD open5gs-nssfd[4810]: 03/20 15:43:00.540: [sbi] WARNING: ogs_sbi_client_handler() failed [-3] (../lib/sbi/path.c:62)
mar 20 15:43:00 ubuntu-GL503VD open5gs-nssfd[4810]: 03/20 15:43:00.543: [sbi] ERROR: OVERFLOW NFProfile->plmn_list [12:12:12] (../lib/sbi/nnrf-handler.c:59)
mar 20 15:43:00 ubuntu-GL503VD open5gs-nssfd[4810]: 03/20 15:43:00.543: [sbi] INFO: [6830507a-243f-41f1-bb43-534456236c92] NF registered [Heartbeat:10s] (../lib/sbi/nf-sm.c:295)
mar 20 15:43:00 ubuntu-GL503VD open5gs-nssfd[4810]: 03/20 15:43:00.546: [sbi] INFO: Setup NF EndPoint(addr) [127.0.0.10:7777] (../lib/sbi/nnrf-handler.c:955)
mar 20 15:43:00 ubuntu-GL503VD open5gs-nssfd[4810]: 03/20 15:43:00.546: [sbi] INFO: [17d9d688-246b-41f1-951d-6d19baefd136] Subscription created until 2026-03-21T15:43:00.544978+01:00 [duration:86400000000,validity:86400.000000,patch:43200.000000] (../lib/sbi/nnrf-handler.c:874)
mar 20 15:43:31 ubuntu-GL503VD open5gs-nssfd[4810]: 03/20 15:43:31.565: [sbi] ERROR: [6830507a-243f-41f1-bb43-534456236c92] No heartbeat [type:NSSF] (../lib/sbi/nf-sm.c:431)
mar 20 15:43:31 ubuntu-GL503VD open5gs-nssfd[4810]: 03/20 15:43:31.565: [sbi] INFO: [6830507a-243f-41f1-bb43-534456236c92] NF de-registered (../lib/sbi/nf-sm.c:324)
mar 20 15:43:33 ubuntu-GL503VD open5gs-nssfd[4810]: 03/20 15:43:33.578: [sbi] ERROR: [6830507a-243f-41f1-bb43-534456236c92] HTTP Response Status Code [404] (../lib/sbi/nf-sm.c:232)
mar 20 15:43:35 ubuntu-GL503VD open5gs-nssfd[4810]: 03/20 15:43:35.580: [sbi] WARNING: [6830507a-243f-41f1-bb43-534456236c92] Retry registration with NRF (../lib/sbi/nf-sm.c:529)
mar 20 15:43:35 ubuntu-GL503VD open5gs-nssfd[4810]: 03/20 15:43:35.582: [sbi] ERROR: OVERFLOW NFProfile->plmn_list [12:12:12] (../lib/sbi/nnrf-handler.c:59)
mar 20 15:43:35 ubuntu-GL503VD open5gs-nssfd[4810]: 03/20 15:43:35.583: [sbi] INFO: [6830507a-243f-41f1-bb43-534456236c92] NF registered [Heartbeat:10s] (../lib/sbi/nf-sm.c:295)
mar 20 15:43:35 ubuntu-GL503VD open5gs-nssfd[4810]: 03/20 15:43:35.587: [sbi] INFO: Setup NF EndPoint(addr) [127.0.0.10:7777] (../lib/sbi/nnrf-handler.c:955)
mar 20 15:43:35 ubuntu-GL503VD open5gs-nssfd[4810]: 03/20 15:43:35.587: [sbi] INFO: [2cbc4de2-246b-41f1-951d-6d19baefd136] Subscription created until 2026-03-21T15:43:35.583510+01:00 [duration:86400000000,validity:86400.000000,patch:43200.000000] (../lib/sbi/nnrf-handler.c:874)
mar 20 15:44:36 ubuntu-GL503VD open5gs-nssfd[4810]: 03/20 15:44:36.632: [sbi] ERROR: [6830507a-243f-41f1-bb43-534456236c92] No heartbeat [type:NSSF] (../lib/sbi/nf-sm.c:431)
mar 20 15:44:36 ubuntu-GL503VD open5gs-nssfd[4810]: 03/20 15:44:36.632: [sbi] INFO: [6830507a-243f-41f1-bb43-534456236c92] NF de-registered (../lib/sbi/nf-sm.c:324)
mar 20 15:44:37 ubuntu-GL503VD open5gs-nssfd[4810]: 03/20 15:44:37.063: [sbi] ERROR: [6830507a-243f-41f1-bb43-534456236c92] HTTP Response Status Code [404] (../lib/sbi/nf-sm.c:232)
mar 20 15:44:39 ubuntu-GL503VD open5gs-nssfd[4810]: 03/20 15:44:39.065: [sbi] WARNING: [6830507a-243f-41f1-bb43-534456236c92] Retry registration with NRF (../lib/sbi/nf-sm.c:529)
mar 20 15:44:39 ubuntu-GL503VD open5gs-nssfd[4810]: 03/20 15:44:39.067: [sbi] ERROR: OVERFLOW NFProfile->plmn_list [12:12:12] (../lib/sbi/nnrf-handler.c:59)
mar 20 15:44:39 ubuntu-GL503VD open5gs-nssfd[4810]: 03/20 15:44:39.067: [sbi] INFO: [6830507a-243f-41f1-bb43-534456236c92] NF registered [Heartbeat:10s] (../lib/sbi/nf-sm.c:295)
mar 20 15:44:39 ubuntu-GL503VD open5gs-nssfd[4810]: 03/20 15:44:39.068: [sbi] INFO: Setup NF EndPoint(addr) [127.0.0.10:7777] (../lib/sbi/nnrf-handler.c:955)
mar 20 15:44:39 ubuntu-GL503VD open5gs-nssfd[4810]: 03/20 15:44:39.068: [sbi] INFO: [52934598-246b-41f1-951d-6d19baefd136] Subscription created until 2026-03-21T15:44:39.068011+01:00 [duration:86400000000,validity:86400.000000,patch:43200.000000] (../lib/sbi/nnrf-handler.c:874)
mar 20 15:45:10 ubuntu-GL503VD open5gs-nssfd[4810]: 03/20 15:45:10.086: [sbi] ERROR: [6830507a-243f-41f1-bb43-534456236c92] No heartbeat [type:NSSF] (../lib/sbi/nf-sm.c:431)
mar 20 15:45:10 ubuntu-GL503VD open5gs-nssfd[4810]: 03/20 15:45:10.086: [sbi] INFO: [6830507a-243f-41f1-bb43-534456236c92] NF de-registered (../lib/sbi/nf-sm.c:324)
mar 20 15:45:10 ubuntu-GL503VD open5gs-nssfd[4810]: 03/20 15:45:10.533: [sbi] ERROR: [6830507a-243f-41f1-bb43-534456236c92] HTTP Response Status Code [404] (../lib/sbi/nf-sm.c:232)
mar 20 15:45:12 ubuntu-GL503VD open5gs-nssfd[4810]: 03/20 15:45:12.536: [sbi] WARNING: [6830507a-243f-41f1-bb43-534456236c92] Retry registration with NRF (../lib/sbi/nf-sm.c:529)
mar 20 15:45:12 ubuntu-GL503VD open5gs-nssfd[4810]: 03/20 15:45:12.538: [sbi] ERROR: OVERFLOW NFProfile->plmn_list [12:12:12] (../lib/sbi/nnrf-handler.c:59)
mar 20 15:45:12 ubuntu-GL503VD open5gs-nssfd[4810]: 03/20 15:45:12.538: [sbi] INFO: [6830507a-243f-41f1-bb43-534456236c92] NF registered [Heartbeat:10s] (../lib/sbi/nf-sm.c:295)
mar 20 15:45:12 ubuntu-GL503VD open5gs-nssfd[4810]: 03/20 15:45:12.540: [sbi] INFO: Setup NF EndPoint(addr) [127.0.0.10:7777] (../lib/sbi/nnrf-handler.c:955)
mar 20 15:45:12 ubuntu-GL503VD open5gs-nssfd[4810]: 03/20 15:45:12.540: [sbi] INFO: [66868d08-246b-41f1-951d-6d19baefd136] Subscription created until 2026-03-21T15:45:12.539074+01:00 [duration:86400000000,validity:86400.000000,patch:43200.000000] (../lib/sbi/nnrf-handler.c:874)
mar 20 15:45:43 ubuntu-GL503VD open5gs-nssfd[4810]: 03/20 15:45:43.559: [sbi] ERROR: [6830507a-243f-41f1-bb43-534456236c92] No heartbeat [type:NSSF] (../lib/sbi/nf-sm.c:431)
mar 20 15:45:43 ubuntu-GL503VD open5gs-nssfd[4810]: 03/20 15:45:43.559: [sbi] INFO: [6830507a-243f-41f1-bb43-534456236c92] NF de-registered (../lib/sbi/nf-sm.c:324)
mar 20 15:45:45 ubuntu-GL503VD open5gs-nssfd[4810]: 03/20 15:45:45.669: [sbi] ERROR: [6830507a-243f-41f1-bb43-534456236c92] HTTP Response Status Code [404] (../lib/sbi/nf-sm.c:232)
mar 20 15:45:47 ubuntu-GL503VD open5gs-nssfd[4810]: 03/20 15:45:47.671: [sbi] WARNING: [6830507a-243f-41f1-bb43-534456236c92] Retry registration with NRF (../lib/sbi/nf-sm.c:529)
mar 20 15:45:47 ubuntu-GL503VD open5gs-nssfd[4810]: 03/20 15:45:47.672: [sbi] ERROR: OVERFLOW NFProfile->plmn_list [12:12:12] (../lib/sbi/nnrf-handler.c:59)
mar 20 15:45:47 ubuntu-GL503VD open5gs-nssfd[4810]: 03/20 15:45:47.672: [sbi] INFO: [6830507a-243f-41f1-bb43-534456236c92] NF registered [Heartbeat:10s] (../lib/sbi/nf-sm.c:295)
mar 20 15:45:47 ubuntu-GL503VD open5gs-nssfd[4810]: 03/20 15:45:47.673: [sbi] INFO: Setup NF EndPoint(addr) [127.0.0.10:7777] (../lib/sbi/nnrf-handler.c:955)
mar 20 15:45:47 ubuntu-GL503VD open5gs-nssfd[4810]: 03/20 15:45:47.673: [sbi] INFO: [7b779220-246b-41f1-951d-6d19baefd136] Subscription created until 2026-03-21T15:45:47.673080+01:00 [duration:86400000000,validity:86400.000000,patch:43200.000000] (../lib/sbi/nnrf-handler.c:874)
mar 20 15:46:18 ubuntu-GL503VD open5gs-nssfd[4810]: 03/20 15:46:18.695: [sbi] ERROR: [6830507a-243f-41f1-bb43-534456236c92] No heartbeat [type:NSSF] (../lib/sbi/nf-sm.c:431)
mar 20 15:46:18 ubuntu-GL503VD open5gs-nssfd[4810]: 03/20 15:46:18.695: [sbi] INFO: [6830507a-243f-41f1-bb43-534456236c92] NF de-registered (../lib/sbi/nf-sm.c:324)
mar 20 15:46:20 ubuntu-GL503VD open5gs-nssfd[4810]: 03/20 15:46:20.997: [sbi] ERROR: [6830507a-243f-41f1-bb43-534456236c92] HTTP Response Status Code [404] (../lib/sbi/nf-sm.c:232)
mar 20 15:46:23 ubuntu-GL503VD open5gs-nssfd[4810]: 03/20 15:46:23.000: [sbi] WARNING: [6830507a-243f-41f1-bb43-534456236c92] Retry registration with NRF (../lib/sbi/nf-sm.c:529)
mar 20 15:46:23 ubuntu-GL503VD open5gs-nssfd[4810]: 03/20 15:46:23.003: [sbi] ERROR: OVERFLOW NFProfile->plmn_list [12:12:12] (../lib/sbi/nnrf-handler.c:59)
mar 20 15:46:23 ubuntu-GL503VD open5gs-nssfd[4810]: 03/20 15:46:23.003: [sbi] INFO: [6830507a-243f-41f1-bb43-534456236c92] NF registered [Heartbeat:10s] (../lib/sbi/nf-sm.c:295)
mar 20 15:46:23 ubuntu-GL503VD open5gs-nssfd[4810]: 03/20 15:46:23.004: [sbi] INFO: Setup NF EndPoint(addr) [127.0.0.10:7777] (../lib/sbi/nnrf-handler.c:955)
mar 20 15:46:23 ubuntu-GL503VD open5gs-nssfd[4810]: 03/20 15:46:23.004: [sbi] INFO: [9086a76e-246b-41f1-951d-6d19baefd136] Subscription created until 2026-03-21T15:46:23.004079+01:00 [duration:86400000000,validity:86400.000000,patch:43200.000000] (../lib/sbi/nnrf-handler.c:874)
-- Boot 4f9106f592b640c3910030f2aa9084de --
mar 20 16:06:05 ubuntu-GL503VD systemd[1]: Started Open5GS NSSF Daemon.
mar 20 16:06:05 ubuntu-GL503VD open5gs-nssfd[3312]: Open5GS daemon v2.7.6
mar 20 16:06:05 ubuntu-GL503VD open5gs-nssfd[3312]: 03/20 16:06:05.532: [app] INFO: Configuration: '/etc/open5gs/nssf.yaml' (../lib/app/ogs-init.c:144)
mar 20 16:06:05 ubuntu-GL503VD open5gs-nssfd[3312]: 03/20 16:06:05.532: [app] INFO: File Logging: '/var/log/open5gs/nssf.log' (../lib/app/ogs-init.c:147)
mar 20 16:06:05 ubuntu-GL503VD open5gs-nssfd[3312]: 03/20 16:06:05.533: [sbi] INFO: Setup NF EndPoint(addr) [192.168.50.200:7777] (../lib/sbi/context.c:507)
mar 20 16:06:05 ubuntu-GL503VD open5gs-nssfd[3312]: 03/20 16:06:05.534: [sbi] INFO: NF Service [nnssf-nsselection] (../lib/sbi/context.c:1994)
mar 20 16:06:05 ubuntu-GL503VD open5gs-nssfd[3312]: 03/20 16:06:05.534: [sbi] INFO: nghttp2_server() [http://127.0.0.14]:7777 (../lib/sbi/nghttp2-server.c:439)
mar 20 16:06:05 ubuntu-GL503VD open5gs-nssfd[3312]: 03/20 16:06:05.540: [app] INFO: NSSF initialize...done (../src/nssf/app.c:31)
mar 20 16:06:05 ubuntu-GL503VD open5gs-nssfd[3312]: 03/20 16:06:05.548: [sbi] INFO: [515e643e-246e-41f1-a75a-9d0f33f1ea4e] NF registered [Heartbeat:10s] (../lib/sbi/nf-sm.c:295)
mar 20 16:06:05 ubuntu-GL503VD open5gs-nssfd[3312]: 03/20 16:06:05.553: [sbi] INFO: Setup NF EndPoint(addr) [127.0.0.10:7777] (../lib/sbi/nnrf-handler.c:955)
mar 20 16:06:05 ubuntu-GL503VD open5gs-nssfd[3312]: 03/20 16:06:05.553: [sbi] INFO: [5160ea10-246e-41f1-b7f2-2b7ab125942d] Subscription created until 2026-03-21T16:06:05.550469+01:00 [duration:86400000000,validity:86400.000000,patch:43200.000000] (../lib/sbi/nnrf-handler.c:874)
