mar 20 10:14:47 ubuntu-GL503VD systemd[1]: Started Open5GS UDM Daemon.
mar 20 10:14:47 ubuntu-GL503VD open5gs-udmd[3219]: Open5GS daemon v2.7.6
mar 20 10:14:47 ubuntu-GL503VD open5gs-udmd[3219]: 03/20 10:14:47.981: [app] INFO: Configuration: '/etc/open5gs/udm.yaml' (../lib/app/ogs-init.c:144)
mar 20 10:14:47 ubuntu-GL503VD open5gs-udmd[3219]: 03/20 10:14:47.981: [app] INFO: File Logging: '/var/log/open5gs/udm.log' (../lib/app/ogs-init.c:147)
mar 20 10:14:47 ubuntu-GL503VD open5gs-udmd[3219]: 03/20 10:14:47.983: [sbi] INFO: Setup NF EndPoint(addr) [192.168.50.200:7777] (../lib/sbi/context.c:507)
mar 20 10:14:47 ubuntu-GL503VD open5gs-udmd[3219]: 03/20 10:14:47.986: [sbi] INFO: NF Service [nudm-ueau] (../lib/sbi/context.c:1994)
mar 20 10:14:47 ubuntu-GL503VD open5gs-udmd[3219]: 03/20 10:14:47.986: [sbi] INFO: NF Service [nudm-uecm] (../lib/sbi/context.c:1994)
mar 20 10:14:47 ubuntu-GL503VD open5gs-udmd[3219]: 03/20 10:14:47.986: [sbi] INFO: NF Service [nudm-sdm] (../lib/sbi/context.c:1994)
mar 20 10:14:47 ubuntu-GL503VD open5gs-udmd[3219]: 03/20 10:14:47.986: [sbi] INFO: nghttp2_server() [http://127.0.0.12]:7777 (../lib/sbi/nghttp2-server.c:439)
mar 20 10:14:47 ubuntu-GL503VD open5gs-udmd[3219]: 03/20 10:14:47.987: [sbi] WARNING: Couldn't connect to server (7):  (../lib/sbi/client.c:757)
mar 20 10:14:47 ubuntu-GL503VD open5gs-udmd[3219]: 03/20 10:14:47.987: [sbi] WARNING: ogs_sbi_client_handler() failed [-1] (../lib/sbi/path.c:62)
mar 20 10:14:47 ubuntu-GL503VD open5gs-udmd[3219]: 03/20 10:14:47.987: [app] INFO: UDM initialize...done (../src/udm/app.c:31)
mar 20 10:14:58 ubuntu-GL503VD open5gs-udmd[3219]: 03/20 10:14:58.997: [sbi] WARNING: [3e2b5d76-243d-41f1-90ac-ff4e565cb2a9] Retry registration with NRF (../lib/sbi/nf-sm.c:256)
mar 20 10:14:58 ubuntu-GL503VD open5gs-udmd[3219]: 03/20 10:14:58.997: [sbi] WARNING: Couldn't connect to server (7):  (../lib/sbi/client.c:757)
mar 20 10:14:58 ubuntu-GL503VD open5gs-udmd[3219]: 03/20 10:14:58.997: [sbi] WARNING: ogs_sbi_client_handler() failed [-1] (../lib/sbi/path.c:62)
mar 20 10:15:10 ubuntu-GL503VD open5gs-udmd[3219]: 03/20 10:15:10.008: [sbi] WARNING: [3e2b5d76-243d-41f1-90ac-ff4e565cb2a9] Retry registration with NRF (../lib/sbi/nf-sm.c:256)
mar 20 10:15:10 ubuntu-GL503VD open5gs-udmd[3219]: 03/20 10:15:10.008: [sbi] WARNING: Couldn't connect to server (7):  (../lib/sbi/client.c:757)
mar 20 10:15:10 ubuntu-GL503VD open5gs-udmd[3219]: 03/20 10:15:10.008: [sbi] WARNING: ogs_sbi_client_handler() failed [-1] (../lib/sbi/path.c:62)
mar 20 10:15:21 ubuntu-GL503VD open5gs-udmd[3219]: 03/20 10:15:21.019: [sbi] WARNING: [3e2b5d76-243d-41f1-90ac-ff4e565cb2a9] Retry registration with NRF (../lib/sbi/nf-sm.c:256)
mar 20 10:15:21 ubuntu-GL503VD open5gs-udmd[3219]: 03/20 10:15:21.019: [sbi] WARNING: Couldn't connect to server (7):  (../lib/sbi/client.c:757)
mar 20 10:15:21 ubuntu-GL503VD open5gs-udmd[3219]: 03/20 10:15:21.019: [sbi] WARNING: ogs_sbi_client_handler() failed [-1] (../lib/sbi/path.c:62)
mar 20 10:15:32 ubuntu-GL503VD open5gs-udmd[3219]: 03/20 10:15:32.030: [sbi] WARNING: [3e2b5d76-243d-41f1-90ac-ff4e565cb2a9] Retry registration with NRF (../lib/sbi/nf-sm.c:256)
mar 20 10:15:32 ubuntu-GL503VD open5gs-udmd[3219]: 03/20 10:15:32.030: [sbi] WARNING: Couldn't connect to server (7):  (../lib/sbi/client.c:757)
mar 20 10:15:32 ubuntu-GL503VD open5gs-udmd[3219]: 03/20 10:15:32.030: [sbi] WARNING: ogs_sbi_client_handler() failed [-1] (../lib/sbi/path.c:62)
mar 20 10:15:43 ubuntu-GL503VD open5gs-udmd[3219]: 03/20 10:15:43.041: [sbi] WARNING: [3e2b5d76-243d-41f1-90ac-ff4e565cb2a9] Retry registration with NRF (../lib/sbi/nf-sm.c:256)
mar 20 10:15:43 ubuntu-GL503VD open5gs-udmd[3219]: 03/20 10:15:43.041: [sbi] WARNING: Couldn't connect to server (7):  (../lib/sbi/client.c:757)
mar 20 10:15:43 ubuntu-GL503VD open5gs-udmd[3219]: 03/20 10:15:43.041: [sbi] WARNING: ogs_sbi_client_handler() failed [-1] (../lib/sbi/path.c:62)
mar 20 10:15:54 ubuntu-GL503VD open5gs-udmd[3219]: 03/20 10:15:54.052: [sbi] WARNING: [3e2b5d76-243d-41f1-90ac-ff4e565cb2a9] Retry registration with NRF (../lib/sbi/nf-sm.c:256)
mar 20 10:15:54 ubuntu-GL503VD open5gs-udmd[3219]: 03/20 10:15:54.052: [sbi] WARNING: Couldn't connect to server (7):  (../lib/sbi/client.c:757)
mar 20 10:15:54 ubuntu-GL503VD open5gs-udmd[3219]: 03/20 10:15:54.052: [sbi] WARNING: ogs_sbi_client_handler() failed [-1] (../lib/sbi/path.c:62)
mar 20 10:16:05 ubuntu-GL503VD open5gs-udmd[3219]: 03/20 10:16:05.063: [sbi] WARNING: [3e2b5d76-243d-41f1-90ac-ff4e565cb2a9] Retry registration with NRF (../lib/sbi/nf-sm.c:256)
mar 20 10:16:05 ubuntu-GL503VD open5gs-udmd[3219]: 03/20 10:16:05.063: [sbi] WARNING: Couldn't connect to server (7):  (../lib/sbi/client.c:757)
mar 20 10:16:05 ubuntu-GL503VD open5gs-udmd[3219]: 03/20 10:16:05.063: [sbi] WARNING: ogs_sbi_client_handler() failed [-1] (../lib/sbi/path.c:62)
mar 20 10:16:16 ubuntu-GL503VD open5gs-udmd[3219]: 03/20 10:16:16.074: [sbi] WARNING: [3e2b5d76-243d-41f1-90ac-ff4e565cb2a9] Retry registration with NRF (../lib/sbi/nf-sm.c:256)
mar 20 10:16:16 ubuntu-GL503VD open5gs-udmd[3219]: 03/20 10:16:16.074: [sbi] WARNING: Couldn't connect to server (7):  (../lib/sbi/client.c:757)
mar 20 10:16:16 ubuntu-GL503VD open5gs-udmd[3219]: 03/20 10:16:16.074: [sbi] WARNING: ogs_sbi_client_handler() failed [-1] (../lib/sbi/path.c:62)
mar 20 10:16:27 ubuntu-GL503VD open5gs-udmd[3219]: 03/20 10:16:27.080: [sbi] WARNING: [3e2b5d76-243d-41f1-90ac-ff4e565cb2a9] Retry registration with NRF (../lib/sbi/nf-sm.c:256)
mar 20 10:16:27 ubuntu-GL503VD open5gs-udmd[3219]: 03/20 10:16:27.080: [sbi] WARNING: Couldn't connect to server (7):  (../lib/sbi/client.c:757)
mar 20 10:16:27 ubuntu-GL503VD open5gs-udmd[3219]: 03/20 10:16:27.080: [sbi] WARNING: ogs_sbi_client_handler() failed [-1] (../lib/sbi/path.c:62)
mar 20 10:16:38 ubuntu-GL503VD open5gs-udmd[3219]: 03/20 10:16:38.091: [sbi] WARNING: [3e2b5d76-243d-41f1-90ac-ff4e565cb2a9] Retry registration with NRF (../lib/sbi/nf-sm.c:256)
mar 20 10:16:38 ubuntu-GL503VD open5gs-udmd[3219]: 03/20 10:16:38.108: [sbi] INFO: [3e2b5d76-243d-41f1-90ac-ff4e565cb2a9] NF registered [Heartbeat:10s] (../lib/sbi/nf-sm.c:295)
mar 20 10:16:38 ubuntu-GL503VD open5gs-udmd[3219]: 03/20 10:16:38.113: [sbi] INFO: Setup NF EndPoint(addr) [127.0.0.10:7777] (../lib/sbi/nnrf-handler.c:955)
mar 20 10:16:38 ubuntu-GL503VD open5gs-udmd[3219]: 03/20 10:16:38.113: [sbi] INFO: [1dbc5412-2435-41f1-962e-b3a79f774b83] Subscription created until 2026-03-21T09:16:37.594448+01:00 [duration:82800000000,validity:82800.000000,patch:41400.000000] (../lib/sbi/nnrf-handler.c:874)
mar 20 10:16:38 ubuntu-GL503VD open5gs-udmd[3219]: 03/20 10:16:38.113: [sbi] INFO: Setup NF EndPoint(addr) [127.0.0.10:7777] (../lib/sbi/nnrf-handler.c:955)
mar 20 10:16:38 ubuntu-GL503VD open5gs-udmd[3219]: 03/20 10:16:38.113: [sbi] INFO: [1dbc5a8e-2435-41f1-962e-b3a79f774b83] Subscription created until 2026-03-21T09:16:37.594612+01:00 [duration:82800000000,validity:82800.000000,patch:41400.000000] (../lib/sbi/nnrf-handler.c:874)
mar 20 10:16:38 ubuntu-GL503VD open5gs-udmd[3219]: 03/20 10:16:38.113: [core] ERROR: No item (../lib/sbi/custom/links.c:78)
mar 20 10:16:38 ubuntu-GL503VD open5gs-udmd[3219]: 03/20 10:16:38.113: [sbi] ERROR: JSON parse error (../lib/sbi/message.c:1525)
mar 20 10:16:38 ubuntu-GL503VD open5gs-udmd[3219]: 03/20 10:16:38.113: [sbi] ERROR: parse_content() failed (../lib/sbi/message.c:1086)
mar 20 10:16:38 ubuntu-GL503VD open5gs-udmd[3219]: 03/20 10:16:38.113: [udm] ERROR: cannot parse HTTP response (../src/udm/udm-sm.c:263)
mar 20 10:25:22 ubuntu-GL503VD open5gs-udmd[3219]: 03/20 10:25:22.600: [sbi] ERROR: [3e2b5d76-243d-41f1-90ac-ff4e565cb2a9] No heartbeat [type:UDM] (../lib/sbi/nf-sm.c:431)
mar 20 10:25:22 ubuntu-GL503VD open5gs-udmd[3219]: 03/20 10:25:22.600: [sbi] INFO: [3e2b5d76-243d-41f1-90ac-ff4e565cb2a9] NF de-registered (../lib/sbi/nf-sm.c:324)
mar 20 10:25:32 ubuntu-GL503VD open5gs-udmd[3219]: 03/20 10:25:32.615: [sbi] ERROR: Connection timer expired [METHOD:PATCH] (../lib/sbi/client.c:658)
mar 20 10:25:32 ubuntu-GL503VD open5gs-udmd[3219]: 03/20 10:25:32.616: [sbi] ERROR: Effective URL: http://192.168.50.200:7777/nnrf-nfm/v1/nf-instances/3e2b5d76-243d-41f1-90ac-ff4e565cb2a9 (../lib/sbi/client.c:662)
mar 20 10:25:32 ubuntu-GL503VD open5gs-udmd[3219]: 03/20 10:25:32.616: [sbi] WARNING: ogs_sbi_client_handler() failed [-3] (../lib/sbi/path.c:62)
mar 20 10:25:33 ubuntu-GL503VD open5gs-udmd[3219]: 03/20 10:25:33.601: [sbi] ERROR: Connection timer expired [METHOD:PUT] (../lib/sbi/client.c:658)
mar 20 10:25:33 ubuntu-GL503VD open5gs-udmd[3219]: 03/20 10:25:33.601: [sbi] ERROR: Effective URL: http://192.168.50.200:7777/nnrf-nfm/v1/nf-instances/3e2b5d76-243d-41f1-90ac-ff4e565cb2a9 (../lib/sbi/client.c:662)
mar 20 10:25:33 ubuntu-GL503VD open5gs-udmd[3219]: 03/20 10:25:33.602: [sbi] WARNING: ogs_sbi_client_handler() failed [-3] (../lib/sbi/path.c:62)
mar 20 10:25:33 ubuntu-GL503VD open5gs-udmd[3219]: 03/20 10:25:33.602: [sbi] WARNING: [3e2b5d76-243d-41f1-90ac-ff4e565cb2a9] Retry registration with NRF (../lib/sbi/nf-sm.c:256)
mar 20 10:25:33 ubuntu-GL503VD open5gs-udmd[3219]: 03/20 10:25:33.740: [sbi] INFO: [3e2b5d76-243d-41f1-90ac-ff4e565cb2a9] NF registered [Heartbeat:10s] (../lib/sbi/nf-sm.c:295)
mar 20 10:25:33 ubuntu-GL503VD open5gs-udmd[3219]: 03/20 10:25:33.743: [sbi] INFO: Setup NF EndPoint(addr) [127.0.0.10:7777] (../lib/sbi/nnrf-handler.c:955)
mar 20 10:25:33 ubuntu-GL503VD open5gs-udmd[3219]: 03/20 10:25:33.743: [sbi] INFO: [bf128d32-243e-41f1-962e-b3a79f774b83] Subscription created until 2026-03-21T10:25:33.743269+01:00 [duration:86401000000,validity:86401.000000,patch:43200.500000] (../lib/sbi/nnrf-handler.c:874)
mar 20 10:25:33 ubuntu-GL503VD open5gs-udmd[3219]: 03/20 10:25:33.743: [sbi] INFO: Setup NF EndPoint(addr) [127.0.0.10:7777] (../lib/sbi/nnrf-handler.c:955)
mar 20 10:25:33 ubuntu-GL503VD open5gs-udmd[3219]: 03/20 10:25:33.743: [sbi] INFO: [bf1292e6-243e-41f1-962e-b3a79f774b83] Subscription created until 2026-03-21T10:25:33.743402+01:00 [duration:86401000000,validity:86401.000000,patch:43200.500000] (../lib/sbi/nnrf-handler.c:874)
mar 20 10:25:33 ubuntu-GL503VD open5gs-udmd[3219]: 03/20 10:25:33.744: [core] ERROR: No item (../lib/sbi/custom/links.c:78)
mar 20 10:25:33 ubuntu-GL503VD open5gs-udmd[3219]: 03/20 10:25:33.744: [sbi] ERROR: JSON parse error (../lib/sbi/message.c:1525)
mar 20 10:25:33 ubuntu-GL503VD open5gs-udmd[3219]: 03/20 10:25:33.744: [sbi] ERROR: parse_content() failed (../lib/sbi/message.c:1086)
mar 20 10:25:33 ubuntu-GL503VD open5gs-udmd[3219]: 03/20 10:25:33.744: [udm] ERROR: cannot parse HTTP response (../src/udm/udm-sm.c:263)
mar 20 10:25:44 ubuntu-GL503VD open5gs-udmd[3219]: 03/20 10:25:44.742: [sbi] ERROR: [3e2b5d76-243d-41f1-90ac-ff4e565cb2a9] No heartbeat [type:UDM] (../lib/sbi/nf-sm.c:431)
mar 20 10:25:44 ubuntu-GL503VD open5gs-udmd[3219]: 03/20 10:25:44.742: [sbi] INFO: [3e2b5d76-243d-41f1-90ac-ff4e565cb2a9] NF de-registered (../lib/sbi/nf-sm.c:324)
mar 20 10:25:54 ubuntu-GL503VD open5gs-udmd[3219]: 03/20 10:25:54.761: [sbi] ERROR: Connection timer expired [METHOD:PATCH] (../lib/sbi/client.c:658)
mar 20 10:25:54 ubuntu-GL503VD open5gs-udmd[3219]: 03/20 10:25:54.761: [sbi] ERROR: Effective URL: http://192.168.50.200:7777/nnrf-nfm/v1/nf-instances/3e2b5d76-243d-41f1-90ac-ff4e565cb2a9 (../lib/sbi/client.c:662)
mar 20 10:25:54 ubuntu-GL503VD open5gs-udmd[3219]: 03/20 10:25:54.761: [sbi] WARNING: ogs_sbi_client_handler() failed [-3] (../lib/sbi/path.c:62)
mar 20 10:25:55 ubuntu-GL503VD open5gs-udmd[3219]: 03/20 10:25:55.743: [sbi] ERROR: Connection timer expired [METHOD:PUT] (../lib/sbi/client.c:658)
mar 20 10:25:55 ubuntu-GL503VD open5gs-udmd[3219]: 03/20 10:25:55.743: [sbi] ERROR: Effective URL: http://192.168.50.200:7777/nnrf-nfm/v1/nf-instances/3e2b5d76-243d-41f1-90ac-ff4e565cb2a9 (../lib/sbi/client.c:662)
mar 20 10:25:55 ubuntu-GL503VD open5gs-udmd[3219]: 03/20 10:25:55.743: [sbi] WARNING: ogs_sbi_client_handler() failed [-3] (../lib/sbi/path.c:62)
mar 20 10:25:55 ubuntu-GL503VD open5gs-udmd[3219]: 03/20 10:25:55.743: [sbi] WARNING: [3e2b5d76-243d-41f1-90ac-ff4e565cb2a9] Retry registration with NRF (../lib/sbi/nf-sm.c:256)
mar 20 10:25:58 ubuntu-GL503VD open5gs-udmd[3219]: 03/20 10:25:58.150: [sbi] INFO: [3e2b5d76-243d-41f1-90ac-ff4e565cb2a9] NF registered [Heartbeat:10s] (../lib/sbi/nf-sm.c:295)
mar 20 10:25:58 ubuntu-GL503VD open5gs-udmd[3219]: 03/20 10:25:58.154: [sbi] INFO: Setup NF EndPoint(addr) [127.0.0.10:7777] (../lib/sbi/nnrf-handler.c:955)
mar 20 10:25:58 ubuntu-GL503VD open5gs-udmd[3219]: 03/20 10:25:58.154: [sbi] INFO: [cd9f3bd4-243e-41f1-962e-b3a79f774b83] Subscription created until 2026-03-21T10:25:58.153335+01:00 [duration:86400000000,validity:86400.000000,patch:43200.000000] (../lib/sbi/nnrf-handler.c:874)
mar 20 10:25:58 ubuntu-GL503VD open5gs-udmd[3219]: 03/20 10:25:58.154: [sbi] INFO: Setup NF EndPoint(addr) [127.0.0.10:7777] (../lib/sbi/nnrf-handler.c:955)
mar 20 10:25:58 ubuntu-GL503VD open5gs-udmd[3219]: 03/20 10:25:58.154: [sbi] INFO: [cd9f49a8-243e-41f1-962e-b3a79f774b83] Subscription created until 2026-03-21T10:25:58.153687+01:00 [duration:86400000000,validity:86400.000000,patch:43200.000000] (../lib/sbi/nnrf-handler.c:874)
mar 20 10:25:58 ubuntu-GL503VD open5gs-udmd[3219]: 03/20 10:25:58.154: [core] ERROR: No item (../lib/sbi/custom/links.c:78)
mar 20 10:25:58 ubuntu-GL503VD open5gs-udmd[3219]: 03/20 10:25:58.154: [sbi] ERROR: JSON parse error (../lib/sbi/message.c:1525)
mar 20 10:25:58 ubuntu-GL503VD open5gs-udmd[3219]: 03/20 10:25:58.154: [sbi] ERROR: parse_content() failed (../lib/sbi/message.c:1086)
mar 20 10:25:58 ubuntu-GL503VD open5gs-udmd[3219]: 03/20 10:25:58.154: [udm] ERROR: cannot parse HTTP response (../src/udm/udm-sm.c:263)
mar 20 10:26:19 ubuntu-GL503VD open5gs-udmd[3219]: 03/20 10:26:19.166: [sbi] ERROR: [3e2b5d76-243d-41f1-90ac-ff4e565cb2a9] No heartbeat [type:UDM] (../lib/sbi/nf-sm.c:431)
mar 20 10:26:19 ubuntu-GL503VD open5gs-udmd[3219]: 03/20 10:26:19.166: [sbi] INFO: [3e2b5d76-243d-41f1-90ac-ff4e565cb2a9] NF de-registered (../lib/sbi/nf-sm.c:324)
mar 20 10:26:29 ubuntu-GL503VD open5gs-udmd[3219]: 03/20 10:26:29.181: [sbi] ERROR: Connection timer expired [METHOD:PATCH] (../lib/sbi/client.c:658)
mar 20 10:26:29 ubuntu-GL503VD open5gs-udmd[3219]: 03/20 10:26:29.181: [sbi] ERROR: Effective URL: http://192.168.50.200:7777/nnrf-nfm/v1/nf-instances/3e2b5d76-243d-41f1-90ac-ff4e565cb2a9 (../lib/sbi/client.c:662)
mar 20 10:26:29 ubuntu-GL503VD open5gs-udmd[3219]: 03/20 10:26:29.181: [sbi] WARNING: ogs_sbi_client_handler() failed [-3] (../lib/sbi/path.c:62)
mar 20 10:26:29 ubuntu-GL503VD open5gs-udmd[3219]: 03/20 10:26:29.924: [app] INFO: SIGTERM received (../src/main.c:54)
mar 20 10:26:29 ubuntu-GL503VD open5gs-udmd[3219]: 03/20 10:26:29.924: [app] INFO: Open5GS daemon terminating... (../src/main.c:231)
mar 20 10:26:29 ubuntu-GL503VD open5gs-udmd[3219]: 03/20 10:26:29.929: [app] INFO: UDM terminate...done (../src/udm/app.c:39)
mar 20 10:26:29 ubuntu-GL503VD systemd[1]: Stopping Open5GS UDM Daemon...
mar 20 10:26:30 ubuntu-GL503VD systemd[1]: open5gs-udmd.service: Deactivated successfully.
mar 20 10:26:30 ubuntu-GL503VD systemd[1]: Stopped Open5GS UDM Daemon.
-- Boot f831db6b34f64285849203987205fc77 --
mar 20 10:30:17 ubuntu-GL503VD systemd[1]: Started Open5GS UDM Daemon.
mar 20 10:30:17 ubuntu-GL503VD open5gs-udmd[4813]: Open5GS daemon v2.7.6
mar 20 10:30:17 ubuntu-GL503VD open5gs-udmd[4813]: 03/20 10:30:17.478: [app] INFO: Configuration: '/etc/open5gs/udm.yaml' (../lib/app/ogs-init.c:144)
mar 20 10:30:17 ubuntu-GL503VD open5gs-udmd[4813]: 03/20 10:30:17.478: [app] INFO: File Logging: '/var/log/open5gs/udm.log' (../lib/app/ogs-init.c:147)
mar 20 10:30:17 ubuntu-GL503VD open5gs-udmd[4813]: 03/20 10:30:17.482: [sbi] INFO: Setup NF EndPoint(addr) [192.168.50.200:7777] (../lib/sbi/context.c:507)
mar 20 10:30:17 ubuntu-GL503VD open5gs-udmd[4813]: 03/20 10:30:17.485: [sbi] INFO: NF Service [nudm-ueau] (../lib/sbi/context.c:1994)
mar 20 10:30:17 ubuntu-GL503VD open5gs-udmd[4813]: 03/20 10:30:17.485: [sbi] INFO: NF Service [nudm-uecm] (../lib/sbi/context.c:1994)
mar 20 10:30:17 ubuntu-GL503VD open5gs-udmd[4813]: 03/20 10:30:17.485: [sbi] INFO: NF Service [nudm-sdm] (../lib/sbi/context.c:1994)
mar 20 10:30:17 ubuntu-GL503VD open5gs-udmd[4813]: 03/20 10:30:17.485: [sbi] INFO: nghttp2_server() [http://127.0.0.12]:7777 (../lib/sbi/nghttp2-server.c:439)
mar 20 10:30:17 ubuntu-GL503VD open5gs-udmd[4813]: 03/20 10:30:17.486: [app] INFO: UDM initialize...done (../src/udm/app.c:31)
mar 20 10:30:17 ubuntu-GL503VD open5gs-udmd[4813]: 03/20 10:30:17.491: [sbi] INFO: [6831a628-243f-41f1-a624-4f4fd3d3bb9d] NF registered [Heartbeat:10s] (../lib/sbi/nf-sm.c:295)
mar 20 10:30:17 ubuntu-GL503VD open5gs-udmd[4813]: 03/20 10:30:17.503: [sbi] INFO: Setup NF EndPoint(addr) [127.0.0.10:7777] (../lib/sbi/nnrf-handler.c:955)
mar 20 10:30:17 ubuntu-GL503VD open5gs-udmd[4813]: 03/20 10:30:17.503: [sbi] INFO: [6833d98e-243f-41f1-951d-6d19baefd136] Subscription created until 2026-03-21T10:30:17.496443+01:00 [duration:86400000000,validity:86400.000000,patch:43200.000000] (../lib/sbi/nnrf-handler.c:874)
mar 20 10:30:17 ubuntu-GL503VD open5gs-udmd[4813]: 03/20 10:30:17.503: [sbi] INFO: Setup NF EndPoint(addr) [127.0.0.10:7777] (../lib/sbi/nnrf-handler.c:955)
mar 20 10:30:17 ubuntu-GL503VD open5gs-udmd[4813]: 03/20 10:30:17.504: [sbi] INFO: [6833e42e-243f-41f1-951d-6d19baefd136] Subscription created until 2026-03-21T10:30:17.496695+01:00 [duration:86400000000,validity:86400.000000,patch:43200.000000] (../lib/sbi/nnrf-handler.c:874)
mar 20 10:30:18 ubuntu-GL503VD open5gs-udmd[4813]: 03/20 10:30:18.878: [sbi] INFO: [6905e0d2-243f-41f1-9428-9dba15e65a20] (NRF-notify) NF registered (../lib/sbi/nnrf-handler.c:1140)
mar 20 10:30:18 ubuntu-GL503VD open5gs-udmd[4813]: 03/20 10:30:18.878: [sbi] INFO: [6905e0d2-243f-41f1-9428-9dba15e65a20] (NRF-notify) NF Profile updated [type:UDR] (../lib/sbi/nnrf-handler.c:1154)
mar 20 10:30:18 ubuntu-GL503VD open5gs-udmd[4813]: 03/20 10:30:18.878: [sbi] INFO: Setup NF EndPoint(addr) [127.0.0.20:80] (../lib/sbi/context.c:2374)
mar 20 10:30:18 ubuntu-GL503VD open5gs-udmd[4813]: 03/20 10:30:18.878: [sbi] INFO: Setup NF EndPoint(addr) [127.0.0.20:7777] (../lib/sbi/context.c:2113)
mar 20 10:37:49 ubuntu-GL503VD open5gs-udmd[4813]: 03/20 10:37:49.096: [sbi] INFO: [6905e0d2-243f-41f1-9428-9dba15e65a20] Setup NF Instance [type:UDR] (../lib/sbi/path.c:307)
mar 20 10:37:49 ubuntu-GL503VD open5gs-udmd[4813]: 03/20 10:37:49.816: [sbi] INFO: [6905e0d2-243f-41f1-9428-9dba15e65a20] Setup NF Instance [type:UDR] (../lib/sbi/path.c:307)
mar 20 10:37:52 ubuntu-GL503VD open5gs-udmd[4813]: 03/20 10:37:52.620: [sbi] INFO: [6905e0d2-243f-41f1-9428-9dba15e65a20] Setup NF Instance [type:UDR] (../lib/sbi/path.c:307)
mar 20 10:37:52 ubuntu-GL503VD open5gs-udmd[4813]: 03/20 10:37:52.921: [sbi] INFO: [6905e0d2-243f-41f1-9428-9dba15e65a20] Setup NF Instance [type:UDR] (../lib/sbi/path.c:307)
mar 20 10:37:56 ubuntu-GL503VD open5gs-udmd[4813]: 03/20 10:37:56.240: [sbi] INFO: [6905e0d2-243f-41f1-9428-9dba15e65a20] Setup NF Instance [type:UDR] (../lib/sbi/path.c:307)
mar 20 10:37:56 ubuntu-GL503VD open5gs-udmd[4813]: 03/20 10:37:56.580: [sbi] INFO: [6905e0d2-243f-41f1-9428-9dba15e65a20] Setup NF Instance [type:UDR] (../lib/sbi/path.c:307)
mar 20 10:38:01 ubuntu-GL503VD open5gs-udmd[4813]: 03/20 10:38:01.746: [sbi] INFO: [6905e0d2-243f-41f1-9428-9dba15e65a20] Setup NF Instance [type:UDR] (../lib/sbi/path.c:307)
mar 20 10:38:01 ubuntu-GL503VD open5gs-udmd[4813]: 03/20 10:38:01.748: [udm] WARNING: [suci-0-262-01-0-0-0-0000071637] HTTP response error [404] (../src/udm/nudr-handler.c:87)
mar 20 10:38:01 ubuntu-GL503VD open5gs-udmd[4813]: 03/20 10:38:01.748: [udm] WARNING: udm_nudr_dr_handle_subscription_authentication() failed (../src/udm/ue-sm.c:307)
mar 20 10:38:01 ubuntu-GL503VD open5gs-udmd[4813]: 03/20 10:38:01.748: [udm] WARNING: [suci-0-262-01-0-0-0-0000071637] State machine exception (../src/udm/udm-sm.c:505)
mar 20 10:38:52 ubuntu-GL503VD open5gs-udmd[4813]: 03/20 10:38:52.270: [sbi] INFO: [6905e0d2-243f-41f1-9428-9dba15e65a20] Setup NF Instance [type:UDR] (../lib/sbi/path.c:307)
mar 20 10:38:52 ubuntu-GL503VD open5gs-udmd[4813]: 03/20 10:38:52.271: [udm] WARNING: [suci-0-999-70-0-0-0-0000071639] HTTP response error [404] (../src/udm/nudr-handler.c:87)
mar 20 10:38:52 ubuntu-GL503VD open5gs-udmd[4813]: 03/20 10:38:52.271: [udm] WARNING: udm_nudr_dr_handle_subscription_authentication() failed (../src/udm/ue-sm.c:307)
mar 20 10:38:52 ubuntu-GL503VD open5gs-udmd[4813]: 03/20 10:38:52.271: [udm] WARNING: [suci-0-999-70-0-0-0-0000071639] State machine exception (../src/udm/udm-sm.c:505)
mar 20 10:55:09 ubuntu-GL503VD open5gs-udmd[4813]: 03/20 10:55:09.336: [sbi] INFO: [6905e0d2-243f-41f1-9428-9dba15e65a20] Setup NF Instance [type:UDR] (../lib/sbi/path.c:307)
mar 20 11:07:59 ubuntu-GL503VD open5gs-udmd[4813]: 03/20 11:07:59.610: [sbi] INFO: [6905e0d2-243f-41f1-9428-9dba15e65a20] Setup NF Instance [type:UDR] (../lib/sbi/path.c:307)
mar 20 11:36:08 ubuntu-GL503VD open5gs-udmd[4813]: 03/20 11:36:08.411: [sbi] INFO: [6905e0d2-243f-41f1-9428-9dba15e65a20] Setup NF Instance [type:UDR] (../lib/sbi/path.c:307)
mar 20 11:36:08 ubuntu-GL503VD open5gs-udmd[4813]: 03/20 11:36:08.624: [sbi] INFO: [6905e0d2-243f-41f1-9428-9dba15e65a20] Setup NF Instance [type:UDR] (../lib/sbi/path.c:307)
mar 20 11:36:48 ubuntu-GL503VD open5gs-udmd[4813]: 03/20 11:36:48.615: [sbi] INFO: [6905e0d2-243f-41f1-9428-9dba15e65a20] Setup NF Instance [type:UDR] (../lib/sbi/path.c:307)
mar 20 11:36:53 ubuntu-GL503VD open5gs-udmd[4813]: 03/20 11:36:53.289: [sbi] INFO: [6905e0d2-243f-41f1-9428-9dba15e65a20] Setup NF Instance [type:UDR] (../lib/sbi/path.c:307)
mar 20 11:40:12 ubuntu-GL503VD open5gs-udmd[4813]: 03/20 11:40:12.493: [sbi] ERROR: [6831a628-243f-41f1-a624-4f4fd3d3bb9d] No heartbeat [type:UDM] (../lib/sbi/nf-sm.c:431)
mar 20 11:40:12 ubuntu-GL503VD open5gs-udmd[4813]: 03/20 11:40:12.493: [sbi] INFO: [6831a628-243f-41f1-a624-4f4fd3d3bb9d] NF de-registered (../lib/sbi/nf-sm.c:324)
mar 20 11:40:12 ubuntu-GL503VD open5gs-udmd[4813]: 03/20 11:40:12.932: [sbi] ERROR: [6831a628-243f-41f1-a624-4f4fd3d3bb9d] HTTP Response Status Code [404] (../lib/sbi/nf-sm.c:232)
mar 20 11:40:14 ubuntu-GL503VD open5gs-udmd[4813]: 03/20 11:40:14.935: [sbi] WARNING: [6831a628-243f-41f1-a624-4f4fd3d3bb9d] Retry registration with NRF (../lib/sbi/nf-sm.c:529)
mar 20 11:40:14 ubuntu-GL503VD open5gs-udmd[4813]: 03/20 11:40:14.936: [sbi] INFO: [6831a628-243f-41f1-a624-4f4fd3d3bb9d] NF registered [Heartbeat:10s] (../lib/sbi/nf-sm.c:295)
mar 20 11:40:14 ubuntu-GL503VD open5gs-udmd[4813]: 03/20 11:40:14.937: [sbi] INFO: Setup NF EndPoint(addr) [127.0.0.10:7777] (../lib/sbi/nnrf-handler.c:955)
mar 20 11:40:14 ubuntu-GL503VD open5gs-udmd[4813]: 03/20 11:40:14.937: [sbi] INFO: [2e126fae-2449-41f1-951d-6d19baefd136] Subscription created until 2026-03-21T11:40:14.936903+01:00 [duration:86400000000,validity:86400.000000,patch:43200.000000] (../lib/sbi/nnrf-handler.c:874)
mar 20 11:40:14 ubuntu-GL503VD open5gs-udmd[4813]: 03/20 11:40:14.937: [sbi] INFO: Setup NF EndPoint(addr) [127.0.0.10:7777] (../lib/sbi/nnrf-handler.c:955)
mar 20 11:40:14 ubuntu-GL503VD open5gs-udmd[4813]: 03/20 11:40:14.937: [sbi] INFO: [2e127a26-2449-41f1-951d-6d19baefd136] Subscription created until 2026-03-21T11:40:14.937197+01:00 [duration:86400000000,validity:86400.000000,patch:43200.000000] (../lib/sbi/nnrf-handler.c:874)
mar 20 11:40:15 ubuntu-GL503VD open5gs-udmd[4813]: 03/20 11:40:15.941: [sbi] WARNING: [6905e0d2-243f-41f1-9428-9dba15e65a20] (NRF-notify) NF has already been added [type:UDR] (../lib/sbi/nnrf-handler.c:1142)
mar 20 11:40:15 ubuntu-GL503VD open5gs-udmd[4813]: 03/20 11:40:15.941: [sbi] INFO: [6905e0d2-243f-41f1-9428-9dba15e65a20] (NRF-notify) NF Profile updated [type:UDR] (../lib/sbi/nnrf-handler.c:1154)
mar 20 11:40:15 ubuntu-GL503VD open5gs-udmd[4813]: 03/20 11:40:15.941: [sbi] WARNING: UnRef NF EndPoint(addr) [127.0.0.20:80] (../lib/sbi/context.c:2374)
mar 20 11:40:15 ubuntu-GL503VD open5gs-udmd[4813]: 03/20 11:40:15.941: [sbi] INFO: Setup NF EndPoint(addr) [127.0.0.20:80] (../lib/sbi/context.c:2374)
mar 20 11:40:15 ubuntu-GL503VD open5gs-udmd[4813]: 03/20 11:40:15.941: [sbi] WARNING: UnRef NF EndPoint(addr) [127.0.0.20:7777] (../lib/sbi/context.c:2113)
mar 20 11:40:15 ubuntu-GL503VD open5gs-udmd[4813]: 03/20 11:40:15.941: [sbi] INFO: Setup NF EndPoint(addr) [127.0.0.20:7777] (../lib/sbi/context.c:2113)
mar 20 11:40:33 ubuntu-GL503VD open5gs-udmd[4813]: 03/20 11:40:33.879: [sbi] INFO: [6905e0d2-243f-41f1-9428-9dba15e65a20] Setup NF Instance [type:UDR] (../lib/sbi/path.c:307)
mar 20 11:40:36 ubuntu-GL503VD open5gs-udmd[4813]: 03/20 11:40:36.117: [sbi] INFO: [6905e0d2-243f-41f1-9428-9dba15e65a20] Setup NF Instance [type:UDR] (../lib/sbi/path.c:307)
mar 20 11:40:45 ubuntu-GL503VD open5gs-udmd[4813]: 03/20 11:40:45.948: [sbi] ERROR: [6831a628-243f-41f1-a624-4f4fd3d3bb9d] No heartbeat [type:UDM] (../lib/sbi/nf-sm.c:431)
mar 20 11:40:45 ubuntu-GL503VD open5gs-udmd[4813]: 03/20 11:40:45.948: [sbi] INFO: [6831a628-243f-41f1-a624-4f4fd3d3bb9d] NF de-registered (../lib/sbi/nf-sm.c:324)
mar 20 11:40:46 ubuntu-GL503VD open5gs-udmd[4813]: 03/20 11:40:46.404: [sbi] ERROR: [6831a628-243f-41f1-a624-4f4fd3d3bb9d] HTTP Response Status Code [404] (../lib/sbi/nf-sm.c:232)
mar 20 11:40:48 ubuntu-GL503VD open5gs-udmd[4813]: 03/20 11:40:48.407: [sbi] WARNING: [6831a628-243f-41f1-a624-4f4fd3d3bb9d] Retry registration with NRF (../lib/sbi/nf-sm.c:529)
mar 20 11:40:48 ubuntu-GL503VD open5gs-udmd[4813]: 03/20 11:40:48.409: [sbi] INFO: [6831a628-243f-41f1-a624-4f4fd3d3bb9d] NF registered [Heartbeat:10s] (../lib/sbi/nf-sm.c:295)
mar 20 11:40:48 ubuntu-GL503VD open5gs-udmd[4813]: 03/20 11:40:48.410: [sbi] INFO: Setup NF EndPoint(addr) [127.0.0.10:7777] (../lib/sbi/nnrf-handler.c:955)
mar 20 11:40:48 ubuntu-GL503VD open5gs-udmd[4813]: 03/20 11:40:48.410: [sbi] INFO: [42060034-2449-41f1-951d-6d19baefd136] Subscription created until 2026-03-21T11:40:48.409901+01:00 [duration:86400000000,validity:86400.000000,patch:43200.000000] (../lib/sbi/nnrf-handler.c:874)
mar 20 11:40:48 ubuntu-GL503VD open5gs-udmd[4813]: 03/20 11:40:48.411: [sbi] INFO: Setup NF EndPoint(addr) [127.0.0.10:7777] (../lib/sbi/nnrf-handler.c:955)
mar 20 11:40:48 ubuntu-GL503VD open5gs-udmd[4813]: 03/20 11:40:48.411: [sbi] INFO: [420609da-2449-41f1-951d-6d19baefd136] Subscription created until 2026-03-21T11:40:48.410075+01:00 [duration:86400000000,validity:86400.000000,patch:43200.000000] (../lib/sbi/nnrf-handler.c:874)
mar 20 11:43:15 ubuntu-GL503VD open5gs-udmd[4813]: 03/20 11:43:15.073: [sbi] INFO: [6905e0d2-243f-41f1-9428-9dba15e65a20] Setup NF Instance [type:UDR] (../lib/sbi/path.c:307)
mar 20 11:43:17 ubuntu-GL503VD open5gs-udmd[4813]: 03/20 11:43:17.573: [sbi] INFO: [6905e0d2-243f-41f1-9428-9dba15e65a20] Setup NF Instance [type:UDR] (../lib/sbi/path.c:307)
mar 20 11:46:10 ubuntu-GL503VD open5gs-udmd[4813]: 03/20 11:46:10.817: [sbi] INFO: [6905e0d2-243f-41f1-9428-9dba15e65a20] Setup NF Instance [type:UDR] (../lib/sbi/path.c:307)
mar 20 11:46:12 ubuntu-GL503VD open5gs-udmd[4813]: 03/20 11:46:12.222: [sbi] INFO: [6905e0d2-243f-41f1-9428-9dba15e65a20] Setup NF Instance [type:UDR] (../lib/sbi/path.c:307)
mar 20 11:47:57 ubuntu-GL503VD open5gs-udmd[4813]: 03/20 11:47:57.069: [sbi] INFO: [6905e0d2-243f-41f1-9428-9dba15e65a20] Setup NF Instance [type:UDR] (../lib/sbi/path.c:307)
mar 20 11:54:49 ubuntu-GL503VD open5gs-udmd[4813]: 03/20 11:54:49.985: [sbi] ERROR: [6831a628-243f-41f1-a624-4f4fd3d3bb9d] No heartbeat [type:UDM] (../lib/sbi/nf-sm.c:431)
mar 20 11:54:49 ubuntu-GL503VD open5gs-udmd[4813]: 03/20 11:54:49.985: [sbi] INFO: [6831a628-243f-41f1-a624-4f4fd3d3bb9d] NF de-registered (../lib/sbi/nf-sm.c:324)
mar 20 11:55:00 ubuntu-GL503VD open5gs-udmd[4813]: 03/20 11:55:00.003: [sbi] ERROR: Connection timer expired [METHOD:PATCH] (../lib/sbi/client.c:658)
mar 20 11:55:00 ubuntu-GL503VD open5gs-udmd[4813]: 03/20 11:55:00.003: [sbi] ERROR: Effective URL: http://192.168.50.200:7777/nnrf-nfm/v1/nf-instances/6831a628-243f-41f1-a624-4f4fd3d3bb9d (../lib/sbi/client.c:662)
mar 20 11:55:00 ubuntu-GL503VD open5gs-udmd[4813]: 03/20 11:55:00.003: [sbi] WARNING: ogs_sbi_client_handler() failed [-3] (../lib/sbi/path.c:62)
mar 20 11:55:00 ubuntu-GL503VD open5gs-udmd[4813]: 03/20 11:55:00.986: [sbi] ERROR: Connection timer expired [METHOD:PUT] (../lib/sbi/client.c:658)
mar 20 11:55:00 ubuntu-GL503VD open5gs-udmd[4813]: 03/20 11:55:00.986: [sbi] ERROR: Effective URL: http://192.168.50.200:7777/nnrf-nfm/v1/nf-instances/6831a628-243f-41f1-a624-4f4fd3d3bb9d (../lib/sbi/client.c:662)
mar 20 11:55:00 ubuntu-GL503VD open5gs-udmd[4813]: 03/20 11:55:00.986: [sbi] WARNING: ogs_sbi_client_handler() failed [-3] (../lib/sbi/path.c:62)
mar 20 11:55:00 ubuntu-GL503VD open5gs-udmd[4813]: 03/20 11:55:00.986: [sbi] WARNING: [6831a628-243f-41f1-a624-4f4fd3d3bb9d] Retry registration with NRF (../lib/sbi/nf-sm.c:256)
mar 20 11:55:11 ubuntu-GL503VD open5gs-udmd[4813]: 03/20 11:55:11.998: [sbi] ERROR: Connection timer expired [METHOD:PUT] (../lib/sbi/client.c:658)
mar 20 11:55:11 ubuntu-GL503VD open5gs-udmd[4813]: 03/20 11:55:11.998: [sbi] ERROR: Effective URL: http://192.168.50.200:7777/nnrf-nfm/v1/nf-instances/6831a628-243f-41f1-a624-4f4fd3d3bb9d (../lib/sbi/client.c:662)
mar 20 11:55:11 ubuntu-GL503VD open5gs-udmd[4813]: 03/20 11:55:11.998: [sbi] WARNING: ogs_sbi_client_handler() failed [-3] (../lib/sbi/path.c:62)
mar 20 11:55:11 ubuntu-GL503VD open5gs-udmd[4813]: 03/20 11:55:11.998: [sbi] WARNING: [6831a628-243f-41f1-a624-4f4fd3d3bb9d] Retry registration with NRF (../lib/sbi/nf-sm.c:256)
mar 20 12:10:25 ubuntu-GL503VD open5gs-udmd[4813]: 03/20 12:10:25.153: [core] ERROR: epoll failed (4:Interrupted system call) (../lib/core/ogs-epoll.c:221)
mar 20 12:10:25 ubuntu-GL503VD open5gs-udmd[4813]: 03/20 12:10:25.153: [sbi] ERROR: Connection timer expired [METHOD:PUT] (../lib/sbi/client.c:658)
mar 20 12:10:25 ubuntu-GL503VD open5gs-udmd[4813]: 03/20 12:10:25.153: [sbi] ERROR: Effective URL: http://192.168.50.200:7777/nnrf-nfm/v1/nf-instances/6831a628-243f-41f1-a624-4f4fd3d3bb9d (../lib/sbi/client.c:662)
mar 20 12:10:25 ubuntu-GL503VD open5gs-udmd[4813]: 03/20 12:10:25.153: [sbi] WARNING: ogs_sbi_client_handler() failed [-3] (../lib/sbi/path.c:62)
mar 20 12:10:25 ubuntu-GL503VD open5gs-udmd[4813]: 03/20 12:10:25.153: [sbi] WARNING: [6831a628-243f-41f1-a624-4f4fd3d3bb9d] Retry registration with NRF (../lib/sbi/nf-sm.c:256)
mar 20 12:10:36 ubuntu-GL503VD open5gs-udmd[4813]: 03/20 12:10:36.169: [sbi] ERROR: Connection timer expired [METHOD:PUT] (../lib/sbi/client.c:658)
mar 20 12:10:36 ubuntu-GL503VD open5gs-udmd[4813]: 03/20 12:10:36.169: [sbi] ERROR: Effective URL: http://192.168.50.200:7777/nnrf-nfm/v1/nf-instances/6831a628-243f-41f1-a624-4f4fd3d3bb9d (../lib/sbi/client.c:662)
mar 20 12:10:36 ubuntu-GL503VD open5gs-udmd[4813]: 03/20 12:10:36.169: [sbi] WARNING: ogs_sbi_client_handler() failed [-3] (../lib/sbi/path.c:62)
mar 20 12:10:36 ubuntu-GL503VD open5gs-udmd[4813]: 03/20 12:10:36.169: [sbi] WARNING: [6831a628-243f-41f1-a624-4f4fd3d3bb9d] Retry registration with NRF (../lib/sbi/nf-sm.c:256)
mar 20 12:10:36 ubuntu-GL503VD open5gs-udmd[4813]: 03/20 12:10:36.254: [sbi] INFO: [6831a628-243f-41f1-a624-4f4fd3d3bb9d] NF registered [Heartbeat:10s] (../lib/sbi/nf-sm.c:295)
mar 20 12:10:36 ubuntu-GL503VD open5gs-udmd[4813]: 03/20 12:10:36.268: [sbi] INFO: Setup NF EndPoint(addr) [127.0.0.10:7777] (../lib/sbi/nnrf-handler.c:955)
mar 20 12:10:36 ubuntu-GL503VD open5gs-udmd[4813]: 03/20 12:10:36.268: [sbi] INFO: [6ba9ea82-244d-41f1-951d-6d19baefd136] Subscription created until 2026-03-21T12:10:36.257810+01:00 [duration:86400000000,validity:86400.000000,patch:43200.000000] (../lib/sbi/nnrf-handler.c:874)
mar 20 12:10:36 ubuntu-GL503VD open5gs-udmd[4813]: 03/20 12:10:36.271: [sbi] INFO: Setup NF EndPoint(addr) [127.0.0.10:7777] (../lib/sbi/nnrf-handler.c:955)
mar 20 12:10:36 ubuntu-GL503VD open5gs-udmd[4813]: 03/20 12:10:36.271: [sbi] INFO: [6baa9518-244d-41f1-951d-6d19baefd136] Subscription created until 2026-03-21T12:10:36.262013+01:00 [duration:86400000000,validity:86400.000000,patch:43200.000000] (../lib/sbi/nnrf-handler.c:874)
mar 20 12:11:07 ubuntu-GL503VD open5gs-udmd[4813]: 03/20 12:11:07.276: [sbi] ERROR: [6831a628-243f-41f1-a624-4f4fd3d3bb9d] No heartbeat [type:UDM] (../lib/sbi/nf-sm.c:431)
mar 20 12:11:07 ubuntu-GL503VD open5gs-udmd[4813]: 03/20 12:11:07.276: [sbi] INFO: [6831a628-243f-41f1-a624-4f4fd3d3bb9d] NF de-registered (../lib/sbi/nf-sm.c:324)
mar 20 12:11:12 ubuntu-GL503VD open5gs-udmd[4813]: 03/20 12:11:12.635: [sbi] INFO: [6905e0d2-243f-41f1-9428-9dba15e65a20] (NRF-notify) NF_DEREGISTERED event [type:UDR] (../lib/sbi/nnrf-handler.c:1172)
mar 20 12:11:12 ubuntu-GL503VD open5gs-udmd[4813]: 03/20 12:11:12.699: [sbi] ERROR: [6831a628-243f-41f1-a624-4f4fd3d3bb9d] HTTP Response Status Code [404] (../lib/sbi/nf-sm.c:232)
mar 20 12:11:14 ubuntu-GL503VD open5gs-udmd[4813]: 03/20 12:11:14.701: [sbi] WARNING: [6831a628-243f-41f1-a624-4f4fd3d3bb9d] Retry registration with NRF (../lib/sbi/nf-sm.c:529)
mar 20 12:11:14 ubuntu-GL503VD open5gs-udmd[4813]: 03/20 12:11:14.703: [sbi] ERROR: OVERFLOW NFProfile->plmn_list [12:12:12] (../lib/sbi/nnrf-handler.c:59)
mar 20 12:11:14 ubuntu-GL503VD open5gs-udmd[4813]: 03/20 12:11:14.703: [sbi] INFO: [6831a628-243f-41f1-a624-4f4fd3d3bb9d] NF registered [Heartbeat:10s] (../lib/sbi/nf-sm.c:295)
mar 20 12:11:14 ubuntu-GL503VD open5gs-udmd[4813]: 03/20 12:11:14.703: [sbi] INFO: Setup NF EndPoint(addr) [127.0.0.10:7777] (../lib/sbi/nnrf-handler.c:955)
mar 20 12:11:14 ubuntu-GL503VD open5gs-udmd[4813]: 03/20 12:11:14.703: [sbi] INFO: [82944e86-244d-41f1-951d-6d19baefd136] Subscription created until 2026-03-21T12:11:14.703574+01:00 [duration:86400000000,validity:86400.000000,patch:43200.000000] (../lib/sbi/nnrf-handler.c:874)
mar 20 12:11:14 ubuntu-GL503VD open5gs-udmd[4813]: 03/20 12:11:14.704: [sbi] INFO: Setup NF EndPoint(addr) [127.0.0.10:7777] (../lib/sbi/nnrf-handler.c:955)
mar 20 12:11:14 ubuntu-GL503VD open5gs-udmd[4813]: 03/20 12:11:14.704: [sbi] INFO: [829458a4-244d-41f1-951d-6d19baefd136] Subscription created until 2026-03-21T12:11:14.703829+01:00 [duration:86400000000,validity:86400.000000,patch:43200.000000] (../lib/sbi/nnrf-handler.c:874)
mar 20 12:11:14 ubuntu-GL503VD open5gs-udmd[4813]: 03/20 12:11:14.707: [sbi] INFO: [6905e0d2-243f-41f1-9428-9dba15e65a20] (NRF-profile-get) NF registered (../lib/sbi/nf-sm.c:81)
mar 20 12:11:14 ubuntu-GL503VD open5gs-udmd[4813]: 03/20 12:11:14.707: [sbi] INFO: Setup NF EndPoint(addr) [127.0.0.20:80] (../lib/sbi/context.c:2374)
mar 20 12:11:14 ubuntu-GL503VD open5gs-udmd[4813]: 03/20 12:11:14.707: [sbi] INFO: Setup NF EndPoint(addr) [127.0.0.20:7777] (../lib/sbi/context.c:2113)
mar 20 12:11:45 ubuntu-GL503VD open5gs-udmd[4813]: 03/20 12:11:45.725: [sbi] ERROR: [6831a628-243f-41f1-a624-4f4fd3d3bb9d] No heartbeat [type:UDM] (../lib/sbi/nf-sm.c:431)
mar 20 12:11:45 ubuntu-GL503VD open5gs-udmd[4813]: 03/20 12:11:45.725: [sbi] INFO: [6831a628-243f-41f1-a624-4f4fd3d3bb9d] NF de-registered (../lib/sbi/nf-sm.c:324)
mar 20 12:11:55 ubuntu-GL503VD open5gs-udmd[4813]: 03/20 12:11:55.685: [sbi] INFO: [6905e0d2-243f-41f1-9428-9dba15e65a20] (NRF-notify) NF_DEREGISTERED event [type:UDR] (../lib/sbi/nnrf-handler.c:1172)
mar 20 12:11:55 ubuntu-GL503VD open5gs-udmd[4813]: 03/20 12:11:55.734: [sbi] ERROR: Connection timer expired [METHOD:PATCH] (../lib/sbi/client.c:658)
mar 20 12:11:55 ubuntu-GL503VD open5gs-udmd[4813]: 03/20 12:11:55.734: [sbi] ERROR: Effective URL: http://192.168.50.200:7777/nnrf-nfm/v1/nf-instances/6831a628-243f-41f1-a624-4f4fd3d3bb9d (../lib/sbi/client.c:662)
mar 20 12:11:55 ubuntu-GL503VD open5gs-udmd[4813]: 03/20 12:11:55.734: [sbi] WARNING: ogs_sbi_client_handler() failed [-3] (../lib/sbi/path.c:62)
mar 20 12:11:55 ubuntu-GL503VD open5gs-udmd[4813]: 03/20 12:11:55.738: [sbi] ERROR: OVERFLOW NFProfile->plmn_list [12:12:12] (../lib/sbi/nnrf-handler.c:59)
mar 20 12:11:55 ubuntu-GL503VD open5gs-udmd[4813]: 03/20 12:11:55.738: [sbi] INFO: [6831a628-243f-41f1-a624-4f4fd3d3bb9d] NF registered [Heartbeat:10s] (../lib/sbi/nf-sm.c:295)
mar 20 12:11:55 ubuntu-GL503VD open5gs-udmd[4813]: 03/20 12:11:55.739: [sbi] INFO: Setup NF EndPoint(addr) [127.0.0.10:7777] (../lib/sbi/nnrf-handler.c:955)
mar 20 12:11:55 ubuntu-GL503VD open5gs-udmd[4813]: 03/20 12:11:55.739: [sbi] INFO: [9b09c694-244d-41f1-951d-6d19baefd136] Subscription created until 2026-03-21T12:11:55.738734+01:00 [duration:86400000000,validity:86400.000000,patch:43200.000000] (../lib/sbi/nnrf-handler.c:874)
mar 20 12:11:55 ubuntu-GL503VD open5gs-udmd[4813]: 03/20 12:11:55.739: [sbi] INFO: Setup NF EndPoint(addr) [127.0.0.10:7777] (../lib/sbi/nnrf-handler.c:955)
mar 20 12:11:55 ubuntu-GL503VD open5gs-udmd[4813]: 03/20 12:11:55.739: [sbi] INFO: [9b09d260-244d-41f1-951d-6d19baefd136] Subscription created until 2026-03-21T12:11:55.739019+01:00 [duration:86400000000,validity:86400.000000,patch:43200.000000] (../lib/sbi/nnrf-handler.c:874)
mar 20 12:11:55 ubuntu-GL503VD open5gs-udmd[4813]: 03/20 12:11:55.742: [sbi] INFO: [6905e0d2-243f-41f1-9428-9dba15e65a20] (NRF-profile-get) NF registered (../lib/sbi/nf-sm.c:81)
mar 20 12:11:55 ubuntu-GL503VD open5gs-udmd[4813]: 03/20 12:11:55.742: [sbi] INFO: Setup NF EndPoint(addr) [127.0.0.20:80] (../lib/sbi/context.c:2374)
mar 20 12:11:55 ubuntu-GL503VD open5gs-udmd[4813]: 03/20 12:11:55.742: [sbi] INFO: Setup NF EndPoint(addr) [127.0.0.20:7777] (../lib/sbi/context.c:2113)
mar 20 12:12:36 ubuntu-GL503VD open5gs-udmd[4813]: 03/20 12:12:36.769: [sbi] ERROR: [6831a628-243f-41f1-a624-4f4fd3d3bb9d] No heartbeat [type:UDM] (../lib/sbi/nf-sm.c:431)
mar 20 12:12:36 ubuntu-GL503VD open5gs-udmd[4813]: 03/20 12:12:36.769: [sbi] INFO: [6831a628-243f-41f1-a624-4f4fd3d3bb9d] NF de-registered (../lib/sbi/nf-sm.c:324)
mar 20 12:12:38 ubuntu-GL503VD open5gs-udmd[4813]: 03/20 12:12:38.842: [sbi] INFO: [6905e0d2-243f-41f1-9428-9dba15e65a20] (NRF-notify) NF_DEREGISTERED event [type:UDR] (../lib/sbi/nnrf-handler.c:1172)
mar 20 12:12:38 ubuntu-GL503VD open5gs-udmd[4813]: 03/20 12:12:38.906: [sbi] ERROR: [6831a628-243f-41f1-a624-4f4fd3d3bb9d] HTTP Response Status Code [404] (../lib/sbi/nf-sm.c:232)
mar 20 12:12:40 ubuntu-GL503VD open5gs-udmd[4813]: 03/20 12:12:40.909: [sbi] WARNING: [6831a628-243f-41f1-a624-4f4fd3d3bb9d] Retry registration with NRF (../lib/sbi/nf-sm.c:529)
mar 20 12:12:40 ubuntu-GL503VD open5gs-udmd[4813]: 03/20 12:12:40.910: [sbi] ERROR: OVERFLOW NFProfile->plmn_list [12:12:12] (../lib/sbi/nnrf-handler.c:59)
mar 20 12:12:40 ubuntu-GL503VD open5gs-udmd[4813]: 03/20 12:12:40.910: [sbi] INFO: [6831a628-243f-41f1-a624-4f4fd3d3bb9d] NF registered [Heartbeat:10s] (../lib/sbi/nf-sm.c:295)
mar 20 12:12:40 ubuntu-GL503VD open5gs-udmd[4813]: 03/20 12:12:40.911: [sbi] INFO: Setup NF EndPoint(addr) [127.0.0.10:7777] (../lib/sbi/nnrf-handler.c:955)
mar 20 12:12:40 ubuntu-GL503VD open5gs-udmd[4813]: 03/20 12:12:40.911: [sbi] INFO: [b5f68244-244d-41f1-951d-6d19baefd136] Subscription created until 2026-03-21T12:12:40.910932+01:00 [duration:86400000000,validity:86400.000000,patch:43200.000000] (../lib/sbi/nnrf-handler.c:874)
mar 20 12:12:40 ubuntu-GL503VD open5gs-udmd[4813]: 03/20 12:12:40.911: [sbi] INFO: Setup NF EndPoint(addr) [127.0.0.10:7777] (../lib/sbi/nnrf-handler.c:955)
mar 20 12:12:40 ubuntu-GL503VD open5gs-udmd[4813]: 03/20 12:12:40.911: [sbi] INFO: [b5f68c3a-244d-41f1-951d-6d19baefd136] Subscription created until 2026-03-21T12:12:40.911184+01:00 [duration:86400000000,validity:86400.000000,patch:43200.000000] (../lib/sbi/nnrf-handler.c:874)
mar 20 12:12:40 ubuntu-GL503VD open5gs-udmd[4813]: 03/20 12:12:40.914: [sbi] INFO: [6905e0d2-243f-41f1-9428-9dba15e65a20] (NRF-profile-get) NF registered (../lib/sbi/nf-sm.c:81)
mar 20 12:12:40 ubuntu-GL503VD open5gs-udmd[4813]: 03/20 12:12:40.914: [sbi] INFO: Setup NF EndPoint(addr) [127.0.0.20:80] (../lib/sbi/context.c:2374)
mar 20 12:12:40 ubuntu-GL503VD open5gs-udmd[4813]: 03/20 12:12:40.914: [sbi] INFO: Setup NF EndPoint(addr) [127.0.0.20:7777] (../lib/sbi/context.c:2113)
mar 20 12:13:11 ubuntu-GL503VD open5gs-udmd[4813]: 03/20 12:13:11.926: [sbi] ERROR: [6831a628-243f-41f1-a624-4f4fd3d3bb9d] No heartbeat [type:UDM] (../lib/sbi/nf-sm.c:431)
mar 20 12:13:11 ubuntu-GL503VD open5gs-udmd[4813]: 03/20 12:13:11.926: [sbi] INFO: [6831a628-243f-41f1-a624-4f4fd3d3bb9d] NF de-registered (../lib/sbi/nf-sm.c:324)
mar 20 12:13:21 ubuntu-GL503VD open5gs-udmd[4813]: 03/20 12:13:21.888: [sbi] INFO: [6905e0d2-243f-41f1-9428-9dba15e65a20] (NRF-notify) NF_DEREGISTERED event [type:UDR] (../lib/sbi/nnrf-handler.c:1172)
mar 20 12:13:21 ubuntu-GL503VD open5gs-udmd[4813]: 03/20 12:13:21.936: [sbi] ERROR: Connection timer expired [METHOD:PATCH] (../lib/sbi/client.c:658)
mar 20 12:13:21 ubuntu-GL503VD open5gs-udmd[4813]: 03/20 12:13:21.936: [sbi] ERROR: Effective URL: http://192.168.50.200:7777/nnrf-nfm/v1/nf-instances/6831a628-243f-41f1-a624-4f4fd3d3bb9d (../lib/sbi/client.c:662)
mar 20 12:13:21 ubuntu-GL503VD open5gs-udmd[4813]: 03/20 12:13:21.936: [sbi] WARNING: ogs_sbi_client_handler() failed [-3] (../lib/sbi/path.c:62)
mar 20 12:13:21 ubuntu-GL503VD open5gs-udmd[4813]: 03/20 12:13:21.939: [sbi] ERROR: OVERFLOW NFProfile->plmn_list [12:12:12] (../lib/sbi/nnrf-handler.c:59)
mar 20 12:13:21 ubuntu-GL503VD open5gs-udmd[4813]: 03/20 12:13:21.939: [sbi] INFO: [6831a628-243f-41f1-a624-4f4fd3d3bb9d] NF registered [Heartbeat:10s] (../lib/sbi/nf-sm.c:295)
mar 20 12:13:21 ubuntu-GL503VD open5gs-udmd[4813]: 03/20 12:13:21.940: [sbi] INFO: Setup NF EndPoint(addr) [127.0.0.10:7777] (../lib/sbi/nnrf-handler.c:955)
mar 20 12:13:21 ubuntu-GL503VD open5gs-udmd[4813]: 03/20 12:13:21.940: [sbi] INFO: [ce6b0d22-244d-41f1-951d-6d19baefd136] Subscription created until 2026-03-21T12:13:21.940035+01:00 [duration:86400000000,validity:86400.000000,patch:43200.000000] (../lib/sbi/nnrf-handler.c:874)
mar 20 12:13:21 ubuntu-GL503VD open5gs-udmd[4813]: 03/20 12:13:21.941: [sbi] INFO: Setup NF EndPoint(addr) [127.0.0.10:7777] (../lib/sbi/nnrf-handler.c:955)
mar 20 12:13:21 ubuntu-GL503VD open5gs-udmd[4813]: 03/20 12:13:21.941: [sbi] INFO: [ce6b1740-244d-41f1-951d-6d19baefd136] Subscription created until 2026-03-21T12:13:21.940298+01:00 [duration:86400000000,validity:86400.000000,patch:43200.000000] (../lib/sbi/nnrf-handler.c:874)
mar 20 12:13:21 ubuntu-GL503VD open5gs-udmd[4813]: 03/20 12:13:21.943: [sbi] INFO: [6905e0d2-243f-41f1-9428-9dba15e65a20] (NRF-profile-get) NF registered (../lib/sbi/nf-sm.c:81)
mar 20 12:13:21 ubuntu-GL503VD open5gs-udmd[4813]: 03/20 12:13:21.943: [sbi] INFO: Setup NF EndPoint(addr) [127.0.0.20:80] (../lib/sbi/context.c:2374)
mar 20 12:13:21 ubuntu-GL503VD open5gs-udmd[4813]: 03/20 12:13:21.943: [sbi] INFO: Setup NF EndPoint(addr) [127.0.0.20:7777] (../lib/sbi/context.c:2113)
mar 20 12:13:52 ubuntu-GL503VD open5gs-udmd[4813]: 03/20 12:13:52.962: [sbi] ERROR: [6831a628-243f-41f1-a624-4f4fd3d3bb9d] No heartbeat [type:UDM] (../lib/sbi/nf-sm.c:431)
mar 20 12:13:52 ubuntu-GL503VD open5gs-udmd[4813]: 03/20 12:13:52.962: [sbi] INFO: [6831a628-243f-41f1-a624-4f4fd3d3bb9d] NF de-registered (../lib/sbi/nf-sm.c:324)
mar 20 12:14:02 ubuntu-GL503VD open5gs-udmd[4813]: 03/20 12:14:02.936: [sbi] INFO: [6905e0d2-243f-41f1-9428-9dba15e65a20] (NRF-notify) NF_DEREGISTERED event [type:UDR] (../lib/sbi/nnrf-handler.c:1172)
mar 20 12:14:02 ubuntu-GL503VD open5gs-udmd[4813]: 03/20 12:14:02.971: [sbi] ERROR: Connection timer expired [METHOD:PATCH] (../lib/sbi/client.c:658)
mar 20 12:14:02 ubuntu-GL503VD open5gs-udmd[4813]: 03/20 12:14:02.971: [sbi] ERROR: Effective URL: http://192.168.50.200:7777/nnrf-nfm/v1/nf-instances/6831a628-243f-41f1-a624-4f4fd3d3bb9d (../lib/sbi/client.c:662)
mar 20 12:14:02 ubuntu-GL503VD open5gs-udmd[4813]: 03/20 12:14:02.971: [sbi] WARNING: ogs_sbi_client_handler() failed [-3] (../lib/sbi/path.c:62)
mar 20 12:14:02 ubuntu-GL503VD open5gs-udmd[4813]: 03/20 12:14:02.973: [sbi] ERROR: OVERFLOW NFProfile->plmn_list [12:12:12] (../lib/sbi/nnrf-handler.c:59)
mar 20 12:14:02 ubuntu-GL503VD open5gs-udmd[4813]: 03/20 12:14:02.973: [sbi] INFO: [6831a628-243f-41f1-a624-4f4fd3d3bb9d] NF registered [Heartbeat:10s] (../lib/sbi/nf-sm.c:295)
mar 20 12:14:02 ubuntu-GL503VD open5gs-udmd[4813]: 03/20 12:14:02.975: [sbi] INFO: Setup NF EndPoint(addr) [127.0.0.10:7777] (../lib/sbi/nnrf-handler.c:955)
mar 20 12:14:02 ubuntu-GL503VD open5gs-udmd[4813]: 03/20 12:14:02.975: [sbi] INFO: [e6e063a2-244d-41f1-951d-6d19baefd136] Subscription created until 2026-03-21T12:14:02.974342+01:00 [duration:86400000000,validity:86400.000000,patch:43200.000000] (../lib/sbi/nnrf-handler.c:874)
mar 20 12:14:02 ubuntu-GL503VD open5gs-udmd[4813]: 03/20 12:14:02.975: [sbi] INFO: Setup NF EndPoint(addr) [127.0.0.10:7777] (../lib/sbi/nnrf-handler.c:955)
mar 20 12:14:02 ubuntu-GL503VD open5gs-udmd[4813]: 03/20 12:14:02.975: [sbi] INFO: [e6e06a5a-244d-41f1-951d-6d19baefd136] Subscription created until 2026-03-21T12:14:02.974493+01:00 [duration:86400000000,validity:86400.000000,patch:43200.000000] (../lib/sbi/nnrf-handler.c:874)
mar 20 12:14:02 ubuntu-GL503VD open5gs-udmd[4813]: 03/20 12:14:02.980: [sbi] INFO: [6905e0d2-243f-41f1-9428-9dba15e65a20] (NRF-profile-get) NF registered (../lib/sbi/nf-sm.c:81)
mar 20 12:14:02 ubuntu-GL503VD open5gs-udmd[4813]: 03/20 12:14:02.980: [sbi] INFO: Setup NF EndPoint(addr) [127.0.0.20:80] (../lib/sbi/context.c:2374)
mar 20 12:14:02 ubuntu-GL503VD open5gs-udmd[4813]: 03/20 12:14:02.980: [sbi] INFO: Setup NF EndPoint(addr) [127.0.0.20:7777] (../lib/sbi/context.c:2113)
mar 20 12:30:31 ubuntu-GL503VD open5gs-udmd[4813]: 03/20 12:30:31.164: [sbi] INFO: [6905e0d2-243f-41f1-9428-9dba15e65a20] Setup NF Instance [type:UDR] (../lib/sbi/path.c:307)
mar 20 12:30:32 ubuntu-GL503VD open5gs-udmd[4813]: 03/20 12:30:32.325: [sbi] INFO: [6905e0d2-243f-41f1-9428-9dba15e65a20] Setup NF Instance [type:UDR] (../lib/sbi/path.c:307)
mar 20 14:27:21 ubuntu-GL503VD open5gs-udmd[4813]: 03/20 14:27:21.123: [sbi] ERROR: [6831a628-243f-41f1-a624-4f4fd3d3bb9d] No heartbeat [type:UDM] (../lib/sbi/nf-sm.c:431)
mar 20 14:27:21 ubuntu-GL503VD open5gs-udmd[4813]: 03/20 14:27:21.123: [sbi] INFO: [6831a628-243f-41f1-a624-4f4fd3d3bb9d] NF de-registered (../lib/sbi/nf-sm.c:324)
mar 20 15:35:52 ubuntu-GL503VD open5gs-udmd[4813]: 03/20 15:35:52.145: [core] ERROR: epoll failed (4:Interrupted system call) (../lib/core/ogs-epoll.c:221)
mar 20 15:35:59 ubuntu-GL503VD open5gs-udmd[4813]: 03/20 15:35:59.552: [sbi] ERROR: Connection timer expired [METHOD:PATCH] (../lib/sbi/client.c:658)
mar 20 15:35:59 ubuntu-GL503VD open5gs-udmd[4813]: 03/20 15:35:59.552: [sbi] ERROR: Effective URL: http://192.168.50.200:7777/nnrf-nfm/v1/nf-instances/6831a628-243f-41f1-a624-4f4fd3d3bb9d (../lib/sbi/client.c:662)
mar 20 15:35:59 ubuntu-GL503VD open5gs-udmd[4813]: 03/20 15:35:59.552: [sbi] WARNING: ogs_sbi_client_handler() failed [-3] (../lib/sbi/path.c:62)
mar 20 15:35:59 ubuntu-GL503VD open5gs-udmd[4813]: 03/20 15:35:59.555: [sbi] ERROR: OVERFLOW NFProfile->plmn_list [12:12:12] (../lib/sbi/nnrf-handler.c:59)
mar 20 15:35:59 ubuntu-GL503VD open5gs-udmd[4813]: 03/20 15:35:59.555: [sbi] INFO: [6831a628-243f-41f1-a624-4f4fd3d3bb9d] NF registered [Heartbeat:10s] (../lib/sbi/nf-sm.c:295)
mar 20 15:35:59 ubuntu-GL503VD open5gs-udmd[4813]: 03/20 15:35:59.556: [sbi] INFO: Setup NF EndPoint(addr) [127.0.0.10:7777] (../lib/sbi/nnrf-handler.c:955)
mar 20 15:35:59 ubuntu-GL503VD open5gs-udmd[4813]: 03/20 15:35:59.556: [sbi] INFO: [1cec0962-246a-41f1-951d-6d19baefd136] Subscription created until 2026-03-21T15:35:59.556055+01:00 [duration:86400000000,validity:86400.000000,patch:43200.000000] (../lib/sbi/nnrf-handler.c:874)
mar 20 15:35:59 ubuntu-GL503VD open5gs-udmd[4813]: 03/20 15:35:59.556: [sbi] INFO: Setup NF EndPoint(addr) [127.0.0.10:7777] (../lib/sbi/nnrf-handler.c:955)
mar 20 15:35:59 ubuntu-GL503VD open5gs-udmd[4813]: 03/20 15:35:59.556: [sbi] INFO: [1cec1178-246a-41f1-951d-6d19baefd136] Subscription created until 2026-03-21T15:35:59.556284+01:00 [duration:86400000000,validity:86400.000000,patch:43200.000000] (../lib/sbi/nnrf-handler.c:874)
mar 20 15:36:40 ubuntu-GL503VD open5gs-udmd[4813]: 03/20 15:36:40.528: [sbi] INFO: [6905e0d2-243f-41f1-9428-9dba15e65a20] (NRF-notify) NF_DEREGISTERED event [type:UDR] (../lib/sbi/nnrf-handler.c:1172)
mar 20 15:36:40 ubuntu-GL503VD open5gs-udmd[4813]: 03/20 15:36:40.530: [sbi] INFO: [6905e0d2-243f-41f1-9428-9dba15e65a20] (NRF-notify) NF registered (../lib/sbi/nnrf-handler.c:1140)
mar 20 15:36:40 ubuntu-GL503VD open5gs-udmd[4813]: 03/20 15:36:40.530: [sbi] INFO: [6905e0d2-243f-41f1-9428-9dba15e65a20] (NRF-notify) NF Profile updated [type:UDR] (../lib/sbi/nnrf-handler.c:1154)
mar 20 15:36:40 ubuntu-GL503VD open5gs-udmd[4813]: 03/20 15:36:40.530: [sbi] INFO: Setup NF EndPoint(addr) [127.0.0.20:80] (../lib/sbi/context.c:2374)
mar 20 15:36:40 ubuntu-GL503VD open5gs-udmd[4813]: 03/20 15:36:40.530: [sbi] INFO: Setup NF EndPoint(addr) [127.0.0.20:7777] (../lib/sbi/context.c:2113)
mar 20 15:36:40 ubuntu-GL503VD open5gs-udmd[4813]: 03/20 15:36:40.588: [sbi] ERROR: [6831a628-243f-41f1-a624-4f4fd3d3bb9d] No heartbeat [type:UDM] (../lib/sbi/nf-sm.c:431)
mar 20 15:36:40 ubuntu-GL503VD open5gs-udmd[4813]: 03/20 15:36:40.588: [sbi] INFO: [6831a628-243f-41f1-a624-4f4fd3d3bb9d] NF de-registered (../lib/sbi/nf-sm.c:324)
mar 20 15:36:43 ubuntu-GL503VD open5gs-udmd[4813]: 03/20 15:36:43.271: [sbi] ERROR: [6831a628-243f-41f1-a624-4f4fd3d3bb9d] HTTP Response Status Code [404] (../lib/sbi/nf-sm.c:232)
mar 20 15:36:45 ubuntu-GL503VD open5gs-udmd[4813]: 03/20 15:36:45.273: [sbi] WARNING: [6831a628-243f-41f1-a624-4f4fd3d3bb9d] Retry registration with NRF (../lib/sbi/nf-sm.c:529)
mar 20 15:36:45 ubuntu-GL503VD open5gs-udmd[4813]: 03/20 15:36:45.274: [sbi] ERROR: OVERFLOW NFProfile->plmn_list [12:12:12] (../lib/sbi/nnrf-handler.c:59)
mar 20 15:36:45 ubuntu-GL503VD open5gs-udmd[4813]: 03/20 15:36:45.274: [sbi] INFO: [6831a628-243f-41f1-a624-4f4fd3d3bb9d] NF registered [Heartbeat:10s] (../lib/sbi/nf-sm.c:295)
mar 20 15:36:45 ubuntu-GL503VD open5gs-udmd[4813]: 03/20 15:36:45.275: [sbi] INFO: Setup NF EndPoint(addr) [127.0.0.10:7777] (../lib/sbi/nnrf-handler.c:955)
mar 20 15:36:45 ubuntu-GL503VD open5gs-udmd[4813]: 03/20 15:36:45.275: [sbi] INFO: [382c34fe-246a-41f1-951d-6d19baefd136] Subscription created until 2026-03-21T15:36:45.275085+01:00 [duration:86400000000,validity:86400.000000,patch:43200.000000] (../lib/sbi/nnrf-handler.c:874)
mar 20 15:36:45 ubuntu-GL503VD open5gs-udmd[4813]: 03/20 15:36:45.276: [sbi] INFO: Setup NF EndPoint(addr) [127.0.0.10:7777] (../lib/sbi/nnrf-handler.c:955)
mar 20 15:36:45 ubuntu-GL503VD open5gs-udmd[4813]: 03/20 15:36:45.276: [sbi] INFO: [382c4f2a-246a-41f1-951d-6d19baefd136] Subscription created until 2026-03-21T15:36:45.275749+01:00 [duration:86400000000,validity:86400.000000,patch:43200.000000] (../lib/sbi/nnrf-handler.c:874)
mar 20 15:37:16 ubuntu-GL503VD open5gs-udmd[4813]: 03/20 15:37:16.297: [sbi] ERROR: [6831a628-243f-41f1-a624-4f4fd3d3bb9d] No heartbeat [type:UDM] (../lib/sbi/nf-sm.c:431)
mar 20 15:37:16 ubuntu-GL503VD open5gs-udmd[4813]: 03/20 15:37:16.297: [sbi] INFO: [6831a628-243f-41f1-a624-4f4fd3d3bb9d] NF de-registered (../lib/sbi/nf-sm.c:324)
mar 20 15:37:23 ubuntu-GL503VD open5gs-udmd[4813]: 03/20 15:37:23.080: [sbi] INFO: [6905e0d2-243f-41f1-9428-9dba15e65a20] (NRF-notify) NF_DEREGISTERED event [type:UDR] (../lib/sbi/nnrf-handler.c:1172)
mar 20 15:37:26 ubuntu-GL503VD open5gs-udmd[4813]: 03/20 15:37:26.308: [sbi] ERROR: Connection timer expired [METHOD:PATCH] (../lib/sbi/client.c:658)
mar 20 15:37:26 ubuntu-GL503VD open5gs-udmd[4813]: 03/20 15:37:26.308: [sbi] ERROR: Effective URL: http://192.168.50.200:7777/nnrf-nfm/v1/nf-instances/6831a628-243f-41f1-a624-4f4fd3d3bb9d (../lib/sbi/client.c:662)
mar 20 15:37:26 ubuntu-GL503VD open5gs-udmd[4813]: 03/20 15:37:26.308: [sbi] WARNING: ogs_sbi_client_handler() failed [-3] (../lib/sbi/path.c:62)
mar 20 15:37:26 ubuntu-GL503VD open5gs-udmd[4813]: 03/20 15:37:26.311: [sbi] ERROR: OVERFLOW NFProfile->plmn_list [12:12:12] (../lib/sbi/nnrf-handler.c:59)
mar 20 15:37:26 ubuntu-GL503VD open5gs-udmd[4813]: 03/20 15:37:26.311: [sbi] INFO: [6831a628-243f-41f1-a624-4f4fd3d3bb9d] NF registered [Heartbeat:10s] (../lib/sbi/nf-sm.c:295)
mar 20 15:37:26 ubuntu-GL503VD open5gs-udmd[4813]: 03/20 15:37:26.312: [sbi] INFO: Setup NF EndPoint(addr) [127.0.0.10:7777] (../lib/sbi/nnrf-handler.c:955)
mar 20 15:37:26 ubuntu-GL503VD open5gs-udmd[4813]: 03/20 15:37:26.312: [sbi] INFO: [50a1eab0-246a-41f1-951d-6d19baefd136] Subscription created until 2026-03-21T15:37:26.311825+01:00 [duration:86400000000,validity:86400.000000,patch:43200.000000] (../lib/sbi/nnrf-handler.c:874)
mar 20 15:37:26 ubuntu-GL503VD open5gs-udmd[4813]: 03/20 15:37:26.312: [sbi] INFO: Setup NF EndPoint(addr) [127.0.0.10:7777] (../lib/sbi/nnrf-handler.c:955)
mar 20 15:37:26 ubuntu-GL503VD open5gs-udmd[4813]: 03/20 15:37:26.312: [sbi] INFO: [50a1f384-246a-41f1-951d-6d19baefd136] Subscription created until 2026-03-21T15:37:26.312042+01:00 [duration:86400000000,validity:86400.000000,patch:43200.000000] (../lib/sbi/nnrf-handler.c:874)
mar 20 15:37:26 ubuntu-GL503VD open5gs-udmd[4813]: 03/20 15:37:26.316: [sbi] INFO: [6905e0d2-243f-41f1-9428-9dba15e65a20] (NRF-profile-get) NF registered (../lib/sbi/nf-sm.c:81)
mar 20 15:37:26 ubuntu-GL503VD open5gs-udmd[4813]: 03/20 15:37:26.316: [sbi] INFO: Setup NF EndPoint(addr) [127.0.0.20:80] (../lib/sbi/context.c:2374)
mar 20 15:37:26 ubuntu-GL503VD open5gs-udmd[4813]: 03/20 15:37:26.316: [sbi] INFO: Setup NF EndPoint(addr) [127.0.0.20:7777] (../lib/sbi/context.c:2113)
mar 20 15:37:57 ubuntu-GL503VD open5gs-udmd[4813]: 03/20 15:37:57.333: [sbi] ERROR: [6831a628-243f-41f1-a624-4f4fd3d3bb9d] No heartbeat [type:UDM] (../lib/sbi/nf-sm.c:431)
mar 20 15:37:57 ubuntu-GL503VD open5gs-udmd[4813]: 03/20 15:37:57.333: [sbi] INFO: [6831a628-243f-41f1-a624-4f4fd3d3bb9d] NF de-registered (../lib/sbi/nf-sm.c:324)
mar 20 15:38:07 ubuntu-GL503VD open5gs-udmd[4813]: 03/20 15:38:07.351: [sbi] ERROR: Connection timer expired [METHOD:PATCH] (../lib/sbi/client.c:658)
mar 20 15:38:07 ubuntu-GL503VD open5gs-udmd[4813]: 03/20 15:38:07.351: [sbi] ERROR: Effective URL: http://192.168.50.200:7777/nnrf-nfm/v1/nf-instances/6831a628-243f-41f1-a624-4f4fd3d3bb9d (../lib/sbi/client.c:662)
mar 20 15:38:07 ubuntu-GL503VD open5gs-udmd[4813]: 03/20 15:38:07.351: [sbi] WARNING: ogs_sbi_client_handler() failed [-3] (../lib/sbi/path.c:62)
mar 20 15:38:07 ubuntu-GL503VD open5gs-udmd[4813]: 03/20 15:38:07.354: [sbi] ERROR: OVERFLOW NFProfile->plmn_list [12:12:12] (../lib/sbi/nnrf-handler.c:59)
mar 20 15:38:07 ubuntu-GL503VD open5gs-udmd[4813]: 03/20 15:38:07.354: [sbi] INFO: [6831a628-243f-41f1-a624-4f4fd3d3bb9d] NF registered [Heartbeat:10s] (../lib/sbi/nf-sm.c:295)
mar 20 15:38:07 ubuntu-GL503VD open5gs-udmd[4813]: 03/20 15:38:07.356: [sbi] INFO: Setup NF EndPoint(addr) [127.0.0.10:7777] (../lib/sbi/nnrf-handler.c:955)
mar 20 15:38:07 ubuntu-GL503VD open5gs-udmd[4813]: 03/20 15:38:07.356: [sbi] INFO: [6918b3bc-246a-41f1-951d-6d19baefd136] Subscription created until 2026-03-21T15:38:07.355623+01:00 [duration:86400000000,validity:86400.000000,patch:43200.000000] (../lib/sbi/nnrf-handler.c:874)
mar 20 15:38:07 ubuntu-GL503VD open5gs-udmd[4813]: 03/20 15:38:07.356: [sbi] INFO: Setup NF EndPoint(addr) [127.0.0.10:7777] (../lib/sbi/nnrf-handler.c:955)
mar 20 15:38:07 ubuntu-GL503VD open5gs-udmd[4813]: 03/20 15:38:07.356: [sbi] INFO: [6918b74a-246a-41f1-951d-6d19baefd136] Subscription created until 2026-03-21T15:38:07.355694+01:00 [duration:86400000000,validity:86400.000000,patch:43200.000000] (../lib/sbi/nnrf-handler.c:874)
mar 20 15:38:08 ubuntu-GL503VD open5gs-udmd[4813]: 03/20 15:38:08.135: [sbi] WARNING: [6905e0d2-243f-41f1-9428-9dba15e65a20] (NRF-notify) NF has already been added [type:UDR] (../lib/sbi/nnrf-handler.c:1142)
mar 20 15:38:08 ubuntu-GL503VD open5gs-udmd[4813]: 03/20 15:38:08.135: [sbi] INFO: [6905e0d2-243f-41f1-9428-9dba15e65a20] (NRF-notify) NF Profile updated [type:UDR] (../lib/sbi/nnrf-handler.c:1154)
mar 20 15:38:08 ubuntu-GL503VD open5gs-udmd[4813]: 03/20 15:38:08.135: [sbi] WARNING: UnRef NF EndPoint(addr) [127.0.0.20:80] (../lib/sbi/context.c:2374)
mar 20 15:38:08 ubuntu-GL503VD open5gs-udmd[4813]: 03/20 15:38:08.135: [sbi] INFO: Setup NF EndPoint(addr) [127.0.0.20:80] (../lib/sbi/context.c:2374)
mar 20 15:38:08 ubuntu-GL503VD open5gs-udmd[4813]: 03/20 15:38:08.135: [sbi] WARNING: UnRef NF EndPoint(addr) [127.0.0.20:7777] (../lib/sbi/context.c:2113)
mar 20 15:38:08 ubuntu-GL503VD open5gs-udmd[4813]: 03/20 15:38:08.135: [sbi] INFO: Setup NF EndPoint(addr) [127.0.0.20:7777] (../lib/sbi/context.c:2113)
mar 20 15:38:38 ubuntu-GL503VD open5gs-udmd[4813]: 03/20 15:38:38.377: [sbi] ERROR: [6831a628-243f-41f1-a624-4f4fd3d3bb9d] No heartbeat [type:UDM] (../lib/sbi/nf-sm.c:431)
mar 20 15:38:38 ubuntu-GL503VD open5gs-udmd[4813]: 03/20 15:38:38.377: [sbi] INFO: [6831a628-243f-41f1-a624-4f4fd3d3bb9d] NF de-registered (../lib/sbi/nf-sm.c:324)
mar 20 15:38:48 ubuntu-GL503VD open5gs-udmd[4813]: 03/20 15:38:48.395: [sbi] ERROR: Connection timer expired [METHOD:PATCH] (../lib/sbi/client.c:658)
mar 20 15:38:48 ubuntu-GL503VD open5gs-udmd[4813]: 03/20 15:38:48.395: [sbi] ERROR: Effective URL: http://192.168.50.200:7777/nnrf-nfm/v1/nf-instances/6831a628-243f-41f1-a624-4f4fd3d3bb9d (../lib/sbi/client.c:662)
mar 20 15:38:48 ubuntu-GL503VD open5gs-udmd[4813]: 03/20 15:38:48.395: [sbi] WARNING: ogs_sbi_client_handler() failed [-3] (../lib/sbi/path.c:62)
mar 20 15:38:48 ubuntu-GL503VD open5gs-udmd[4813]: 03/20 15:38:48.398: [sbi] ERROR: OVERFLOW NFProfile->plmn_list [12:12:12] (../lib/sbi/nnrf-handler.c:59)
mar 20 15:38:48 ubuntu-GL503VD open5gs-udmd[4813]: 03/20 15:38:48.398: [sbi] INFO: [6831a628-243f-41f1-a624-4f4fd3d3bb9d] NF registered [Heartbeat:10s] (../lib/sbi/nf-sm.c:295)
mar 20 15:38:48 ubuntu-GL503VD open5gs-udmd[4813]: 03/20 15:38:48.400: [sbi] INFO: Setup NF EndPoint(addr) [127.0.0.10:7777] (../lib/sbi/nnrf-handler.c:955)
mar 20 15:38:48 ubuntu-GL503VD open5gs-udmd[4813]: 03/20 15:38:48.400: [sbi] INFO: [818f7e12-246a-41f1-951d-6d19baefd136] Subscription created until 2026-03-21T15:38:48.399440+01:00 [duration:86400000000,validity:86400.000000,patch:43200.000000] (../lib/sbi/nnrf-handler.c:874)
mar 20 15:38:48 ubuntu-GL503VD open5gs-udmd[4813]: 03/20 15:38:48.400: [sbi] INFO: Setup NF EndPoint(addr) [127.0.0.10:7777] (../lib/sbi/nnrf-handler.c:955)
mar 20 15:38:48 ubuntu-GL503VD open5gs-udmd[4813]: 03/20 15:38:48.400: [sbi] INFO: [818f84d4-246a-41f1-951d-6d19baefd136] Subscription created until 2026-03-21T15:38:48.399601+01:00 [duration:86400000000,validity:86400.000000,patch:43200.000000] (../lib/sbi/nnrf-handler.c:874)
mar 20 15:38:49 ubuntu-GL503VD open5gs-udmd[4813]: 03/20 15:38:49.607: [sbi] WARNING: [6905e0d2-243f-41f1-9428-9dba15e65a20] (NRF-notify) NF has already been added [type:UDR] (../lib/sbi/nnrf-handler.c:1142)
mar 20 15:38:49 ubuntu-GL503VD open5gs-udmd[4813]: 03/20 15:38:49.607: [sbi] INFO: [6905e0d2-243f-41f1-9428-9dba15e65a20] (NRF-notify) NF Profile updated [type:UDR] (../lib/sbi/nnrf-handler.c:1154)
mar 20 15:38:49 ubuntu-GL503VD open5gs-udmd[4813]: 03/20 15:38:49.608: [sbi] WARNING: UnRef NF EndPoint(addr) [127.0.0.20:80] (../lib/sbi/context.c:2374)
mar 20 15:38:49 ubuntu-GL503VD open5gs-udmd[4813]: 03/20 15:38:49.608: [sbi] INFO: Setup NF EndPoint(addr) [127.0.0.20:80] (../lib/sbi/context.c:2374)
mar 20 15:38:49 ubuntu-GL503VD open5gs-udmd[4813]: 03/20 15:38:49.608: [sbi] WARNING: UnRef NF EndPoint(addr) [127.0.0.20:7777] (../lib/sbi/context.c:2113)
mar 20 15:38:49 ubuntu-GL503VD open5gs-udmd[4813]: 03/20 15:38:49.608: [sbi] INFO: Setup NF EndPoint(addr) [127.0.0.20:7777] (../lib/sbi/context.c:2113)
mar 20 15:39:19 ubuntu-GL503VD open5gs-udmd[4813]: 03/20 15:39:19.420: [sbi] ERROR: [6831a628-243f-41f1-a624-4f4fd3d3bb9d] No heartbeat [type:UDM] (../lib/sbi/nf-sm.c:431)
mar 20 15:39:19 ubuntu-GL503VD open5gs-udmd[4813]: 03/20 15:39:19.420: [sbi] INFO: [6831a628-243f-41f1-a624-4f4fd3d3bb9d] NF de-registered (../lib/sbi/nf-sm.c:324)
mar 20 15:39:29 ubuntu-GL503VD open5gs-udmd[4813]: 03/20 15:39:29.438: [sbi] ERROR: Connection timer expired [METHOD:PATCH] (../lib/sbi/client.c:658)
mar 20 15:39:29 ubuntu-GL503VD open5gs-udmd[4813]: 03/20 15:39:29.438: [sbi] ERROR: Effective URL: http://192.168.50.200:7777/nnrf-nfm/v1/nf-instances/6831a628-243f-41f1-a624-4f4fd3d3bb9d (../lib/sbi/client.c:662)
mar 20 15:39:29 ubuntu-GL503VD open5gs-udmd[4813]: 03/20 15:39:29.438: [sbi] WARNING: ogs_sbi_client_handler() failed [-3] (../lib/sbi/path.c:62)
mar 20 15:39:29 ubuntu-GL503VD open5gs-udmd[4813]: 03/20 15:39:29.441: [sbi] ERROR: OVERFLOW NFProfile->plmn_list [12:12:12] (../lib/sbi/nnrf-handler.c:59)
mar 20 15:39:29 ubuntu-GL503VD open5gs-udmd[4813]: 03/20 15:39:29.441: [sbi] INFO: [6831a628-243f-41f1-a624-4f4fd3d3bb9d] NF registered [Heartbeat:10s] (../lib/sbi/nf-sm.c:295)
mar 20 15:39:29 ubuntu-GL503VD open5gs-udmd[4813]: 03/20 15:39:29.442: [sbi] INFO: Setup NF EndPoint(addr) [127.0.0.10:7777] (../lib/sbi/nnrf-handler.c:955)
mar 20 15:39:29 ubuntu-GL503VD open5gs-udmd[4813]: 03/20 15:39:29.442: [sbi] INFO: [9a062482-246a-41f1-951d-6d19baefd136] Subscription created until 2026-03-21T15:39:29.442344+01:00 [duration:86400000000,validity:86400.000000,patch:43200.000000] (../lib/sbi/nnrf-handler.c:874)
mar 20 15:39:29 ubuntu-GL503VD open5gs-udmd[4813]: 03/20 15:39:29.443: [sbi] INFO: Setup NF EndPoint(addr) [127.0.0.10:7777] (../lib/sbi/nnrf-handler.c:955)
mar 20 15:39:29 ubuntu-GL503VD open5gs-udmd[4813]: 03/20 15:39:29.443: [sbi] INFO: [9a062ac2-246a-41f1-951d-6d19baefd136] Subscription created until 2026-03-21T15:39:29.442493+01:00 [duration:86400000000,validity:86400.000000,patch:43200.000000] (../lib/sbi/nnrf-handler.c:874)
mar 20 15:39:32 ubuntu-GL503VD open5gs-udmd[4813]: 03/20 15:39:32.651: [sbi] WARNING: [6905e0d2-243f-41f1-9428-9dba15e65a20] (NRF-notify) NF has already been added [type:UDR] (../lib/sbi/nnrf-handler.c:1142)
mar 20 15:39:32 ubuntu-GL503VD open5gs-udmd[4813]: 03/20 15:39:32.651: [sbi] INFO: [6905e0d2-243f-41f1-9428-9dba15e65a20] (NRF-notify) NF Profile updated [type:UDR] (../lib/sbi/nnrf-handler.c:1154)
mar 20 15:39:32 ubuntu-GL503VD open5gs-udmd[4813]: 03/20 15:39:32.651: [sbi] WARNING: UnRef NF EndPoint(addr) [127.0.0.20:80] (../lib/sbi/context.c:2374)
mar 20 15:39:32 ubuntu-GL503VD open5gs-udmd[4813]: 03/20 15:39:32.651: [sbi] INFO: Setup NF EndPoint(addr) [127.0.0.20:80] (../lib/sbi/context.c:2374)
mar 20 15:39:32 ubuntu-GL503VD open5gs-udmd[4813]: 03/20 15:39:32.651: [sbi] WARNING: UnRef NF EndPoint(addr) [127.0.0.20:7777] (../lib/sbi/context.c:2113)
mar 20 15:39:32 ubuntu-GL503VD open5gs-udmd[4813]: 03/20 15:39:32.651: [sbi] INFO: Setup NF EndPoint(addr) [127.0.0.20:7777] (../lib/sbi/context.c:2113)
mar 20 15:40:00 ubuntu-GL503VD open5gs-udmd[4813]: 03/20 15:40:00.461: [sbi] ERROR: [6831a628-243f-41f1-a624-4f4fd3d3bb9d] No heartbeat [type:UDM] (../lib/sbi/nf-sm.c:431)
mar 20 15:40:00 ubuntu-GL503VD open5gs-udmd[4813]: 03/20 15:40:00.461: [sbi] INFO: [6831a628-243f-41f1-a624-4f4fd3d3bb9d] NF de-registered (../lib/sbi/nf-sm.c:324)
mar 20 15:40:10 ubuntu-GL503VD open5gs-udmd[4813]: 03/20 15:40:10.478: [sbi] ERROR: Connection timer expired [METHOD:PATCH] (../lib/sbi/client.c:658)
mar 20 15:40:10 ubuntu-GL503VD open5gs-udmd[4813]: 03/20 15:40:10.478: [sbi] ERROR: Effective URL: http://192.168.50.200:7777/nnrf-nfm/v1/nf-instances/6831a628-243f-41f1-a624-4f4fd3d3bb9d (../lib/sbi/client.c:662)
mar 20 15:40:10 ubuntu-GL503VD open5gs-udmd[4813]: 03/20 15:40:10.478: [sbi] WARNING: ogs_sbi_client_handler() failed [-3] (../lib/sbi/path.c:62)
mar 20 15:40:10 ubuntu-GL503VD open5gs-udmd[4813]: 03/20 15:40:10.489: [sbi] ERROR: OVERFLOW NFProfile->plmn_list [12:12:12] (../lib/sbi/nnrf-handler.c:59)
mar 20 15:40:10 ubuntu-GL503VD open5gs-udmd[4813]: 03/20 15:40:10.489: [sbi] INFO: [6831a628-243f-41f1-a624-4f4fd3d3bb9d] NF registered [Heartbeat:10s] (../lib/sbi/nf-sm.c:295)
mar 20 15:40:10 ubuntu-GL503VD open5gs-udmd[4813]: 03/20 15:40:10.491: [sbi] INFO: Setup NF EndPoint(addr) [127.0.0.10:7777] (../lib/sbi/nnrf-handler.c:955)
mar 20 15:40:10 ubuntu-GL503VD open5gs-udmd[4813]: 03/20 15:40:10.491: [sbi] INFO: [b27d9f2c-246a-41f1-951d-6d19baefd136] Subscription created until 2026-03-21T15:40:10.490669+01:00 [duration:86400000000,validity:86400.000000,patch:43200.000000] (../lib/sbi/nnrf-handler.c:874)
mar 20 15:40:10 ubuntu-GL503VD open5gs-udmd[4813]: 03/20 15:40:10.491: [sbi] INFO: Setup NF EndPoint(addr) [127.0.0.10:7777] (../lib/sbi/nnrf-handler.c:955)
mar 20 15:40:10 ubuntu-GL503VD open5gs-udmd[4813]: 03/20 15:40:10.491: [sbi] INFO: [b27da17a-246a-41f1-951d-6d19baefd136] Subscription created until 2026-03-21T15:40:10.490725+01:00 [duration:86400000000,validity:86400.000000,patch:43200.000000] (../lib/sbi/nnrf-handler.c:874)
mar 20 15:40:13 ubuntu-GL503VD open5gs-udmd[4813]: 03/20 15:40:13.696: [sbi] WARNING: [6905e0d2-243f-41f1-9428-9dba15e65a20] (NRF-notify) NF has already been added [type:UDR] (../lib/sbi/nnrf-handler.c:1142)
mar 20 15:40:13 ubuntu-GL503VD open5gs-udmd[4813]: 03/20 15:40:13.696: [sbi] INFO: [6905e0d2-243f-41f1-9428-9dba15e65a20] (NRF-notify) NF Profile updated [type:UDR] (../lib/sbi/nnrf-handler.c:1154)
mar 20 15:40:13 ubuntu-GL503VD open5gs-udmd[4813]: 03/20 15:40:13.696: [sbi] WARNING: UnRef NF EndPoint(addr) [127.0.0.20:80] (../lib/sbi/context.c:2374)
mar 20 15:40:13 ubuntu-GL503VD open5gs-udmd[4813]: 03/20 15:40:13.696: [sbi] INFO: Setup NF EndPoint(addr) [127.0.0.20:80] (../lib/sbi/context.c:2374)
mar 20 15:40:13 ubuntu-GL503VD open5gs-udmd[4813]: 03/20 15:40:13.696: [sbi] WARNING: UnRef NF EndPoint(addr) [127.0.0.20:7777] (../lib/sbi/context.c:2113)
mar 20 15:40:13 ubuntu-GL503VD open5gs-udmd[4813]: 03/20 15:40:13.696: [sbi] INFO: Setup NF EndPoint(addr) [127.0.0.20:7777] (../lib/sbi/context.c:2113)
mar 20 15:40:51 ubuntu-GL503VD open5gs-udmd[4813]: 03/20 15:40:51.519: [sbi] ERROR: [6831a628-243f-41f1-a624-4f4fd3d3bb9d] No heartbeat [type:UDM] (../lib/sbi/nf-sm.c:431)
mar 20 15:40:51 ubuntu-GL503VD open5gs-udmd[4813]: 03/20 15:40:51.519: [sbi] INFO: [6831a628-243f-41f1-a624-4f4fd3d3bb9d] NF de-registered (../lib/sbi/nf-sm.c:324)
mar 20 15:40:52 ubuntu-GL503VD open5gs-udmd[4813]: 03/20 15:40:52.743: [sbi] INFO: [6905e0d2-243f-41f1-9428-9dba15e65a20] (NRF-notify) NF_DEREGISTERED event [type:UDR] (../lib/sbi/nnrf-handler.c:1172)
mar 20 15:40:53 ubuntu-GL503VD open5gs-udmd[4813]: 03/20 15:40:53.637: [sbi] ERROR: [6831a628-243f-41f1-a624-4f4fd3d3bb9d] HTTP Response Status Code [404] (../lib/sbi/nf-sm.c:232)
mar 20 15:40:55 ubuntu-GL503VD open5gs-udmd[4813]: 03/20 15:40:55.640: [sbi] WARNING: [6831a628-243f-41f1-a624-4f4fd3d3bb9d] Retry registration with NRF (../lib/sbi/nf-sm.c:529)
mar 20 15:40:55 ubuntu-GL503VD open5gs-udmd[4813]: 03/20 15:40:55.641: [sbi] ERROR: OVERFLOW NFProfile->plmn_list [12:12:12] (../lib/sbi/nnrf-handler.c:59)
mar 20 15:40:55 ubuntu-GL503VD open5gs-udmd[4813]: 03/20 15:40:55.641: [sbi] INFO: [6831a628-243f-41f1-a624-4f4fd3d3bb9d] NF registered [Heartbeat:10s] (../lib/sbi/nf-sm.c:295)
mar 20 15:40:55 ubuntu-GL503VD open5gs-udmd[4813]: 03/20 15:40:55.642: [sbi] INFO: Setup NF EndPoint(addr) [127.0.0.10:7777] (../lib/sbi/nnrf-handler.c:955)
mar 20 15:40:55 ubuntu-GL503VD open5gs-udmd[4813]: 03/20 15:40:55.642: [sbi] INFO: [cd6729a2-246a-41f1-951d-6d19baefd136] Subscription created until 2026-03-21T15:40:55.641978+01:00 [duration:86400000000,validity:86400.000000,patch:43200.000000] (../lib/sbi/nnrf-handler.c:874)
mar 20 15:40:55 ubuntu-GL503VD open5gs-udmd[4813]: 03/20 15:40:55.642: [sbi] INFO: Setup NF EndPoint(addr) [127.0.0.10:7777] (../lib/sbi/nnrf-handler.c:955)
mar 20 15:40:55 ubuntu-GL503VD open5gs-udmd[4813]: 03/20 15:40:55.642: [sbi] INFO: [cd6732d0-246a-41f1-951d-6d19baefd136] Subscription created until 2026-03-21T15:40:55.642202+01:00 [duration:86400000000,validity:86400.000000,patch:43200.000000] (../lib/sbi/nnrf-handler.c:874)
mar 20 15:40:55 ubuntu-GL503VD open5gs-udmd[4813]: 03/20 15:40:55.646: [sbi] INFO: [6905e0d2-243f-41f1-9428-9dba15e65a20] (NRF-profile-get) NF registered (../lib/sbi/nf-sm.c:81)
mar 20 15:40:55 ubuntu-GL503VD open5gs-udmd[4813]: 03/20 15:40:55.646: [sbi] INFO: Setup NF EndPoint(addr) [127.0.0.20:80] (../lib/sbi/context.c:2374)
mar 20 15:40:55 ubuntu-GL503VD open5gs-udmd[4813]: 03/20 15:40:55.646: [sbi] INFO: Setup NF EndPoint(addr) [127.0.0.20:7777] (../lib/sbi/context.c:2113)
mar 20 15:41:26 ubuntu-GL503VD open5gs-udmd[4813]: 03/20 15:41:26.665: [sbi] ERROR: [6831a628-243f-41f1-a624-4f4fd3d3bb9d] No heartbeat [type:UDM] (../lib/sbi/nf-sm.c:431)
mar 20 15:41:26 ubuntu-GL503VD open5gs-udmd[4813]: 03/20 15:41:26.665: [sbi] INFO: [6831a628-243f-41f1-a624-4f4fd3d3bb9d] NF de-registered (../lib/sbi/nf-sm.c:324)
mar 20 15:41:33 ubuntu-GL503VD open5gs-udmd[4813]: 03/20 15:41:33.779: [sbi] INFO: [6905e0d2-243f-41f1-9428-9dba15e65a20] (NRF-notify) NF_DEREGISTERED event [type:UDR] (../lib/sbi/nnrf-handler.c:1172)
mar 20 15:41:36 ubuntu-GL503VD open5gs-udmd[4813]: 03/20 15:41:36.676: [sbi] ERROR: Connection timer expired [METHOD:PATCH] (../lib/sbi/client.c:658)
mar 20 15:41:36 ubuntu-GL503VD open5gs-udmd[4813]: 03/20 15:41:36.676: [sbi] ERROR: Effective URL: http://192.168.50.200:7777/nnrf-nfm/v1/nf-instances/6831a628-243f-41f1-a624-4f4fd3d3bb9d (../lib/sbi/client.c:662)
mar 20 15:41:36 ubuntu-GL503VD open5gs-udmd[4813]: 03/20 15:41:36.676: [sbi] WARNING: ogs_sbi_client_handler() failed [-3] (../lib/sbi/path.c:62)
mar 20 15:41:36 ubuntu-GL503VD open5gs-udmd[4813]: 03/20 15:41:36.679: [sbi] ERROR: OVERFLOW NFProfile->plmn_list [12:12:12] (../lib/sbi/nnrf-handler.c:59)
mar 20 15:41:36 ubuntu-GL503VD open5gs-udmd[4813]: 03/20 15:41:36.679: [sbi] INFO: [6831a628-243f-41f1-a624-4f4fd3d3bb9d] NF registered [Heartbeat:10s] (../lib/sbi/nf-sm.c:295)
mar 20 15:41:36 ubuntu-GL503VD open5gs-udmd[4813]: 03/20 15:41:36.681: [sbi] INFO: Setup NF EndPoint(addr) [127.0.0.10:7777] (../lib/sbi/nnrf-handler.c:955)
mar 20 15:41:36 ubuntu-GL503VD open5gs-udmd[4813]: 03/20 15:41:36.681: [sbi] INFO: [e5dd21e4-246a-41f1-951d-6d19baefd136] Subscription created until 2026-03-21T15:41:36.680420+01:00 [duration:86400000000,validity:86400.000000,patch:43200.000000] (../lib/sbi/nnrf-handler.c:874)
mar 20 15:41:36 ubuntu-GL503VD open5gs-udmd[4813]: 03/20 15:41:36.681: [sbi] INFO: Setup NF EndPoint(addr) [127.0.0.10:7777] (../lib/sbi/nnrf-handler.c:955)
mar 20 15:41:36 ubuntu-GL503VD open5gs-udmd[4813]: 03/20 15:41:36.681: [sbi] INFO: [e5dd257c-246a-41f1-951d-6d19baefd136] Subscription created until 2026-03-21T15:41:36.680499+01:00 [duration:86400000000,validity:86400.000000,patch:43200.000000] (../lib/sbi/nnrf-handler.c:874)
mar 20 15:41:36 ubuntu-GL503VD open5gs-udmd[4813]: 03/20 15:41:36.685: [sbi] INFO: [6905e0d2-243f-41f1-9428-9dba15e65a20] (NRF-profile-get) NF registered (../lib/sbi/nf-sm.c:81)
mar 20 15:41:36 ubuntu-GL503VD open5gs-udmd[4813]: 03/20 15:41:36.685: [sbi] INFO: Setup NF EndPoint(addr) [127.0.0.20:80] (../lib/sbi/context.c:2374)
mar 20 15:41:36 ubuntu-GL503VD open5gs-udmd[4813]: 03/20 15:41:36.685: [sbi] INFO: Setup NF EndPoint(addr) [127.0.0.20:7777] (../lib/sbi/context.c:2113)
mar 20 15:42:07 ubuntu-GL503VD open5gs-udmd[4813]: 03/20 15:42:07.701: [sbi] ERROR: [6831a628-243f-41f1-a624-4f4fd3d3bb9d] No heartbeat [type:UDM] (../lib/sbi/nf-sm.c:431)
mar 20 15:42:07 ubuntu-GL503VD open5gs-udmd[4813]: 03/20 15:42:07.701: [sbi] INFO: [6831a628-243f-41f1-a624-4f4fd3d3bb9d] NF de-registered (../lib/sbi/nf-sm.c:324)
mar 20 15:42:15 ubuntu-GL503VD open5gs-udmd[4813]: 03/20 15:42:15.945: [sbi] INFO: [6905e0d2-243f-41f1-9428-9dba15e65a20] (NRF-notify) NF_DEREGISTERED event [type:UDR] (../lib/sbi/nnrf-handler.c:1172)
mar 20 15:42:17 ubuntu-GL503VD open5gs-udmd[4813]: 03/20 15:42:17.711: [sbi] ERROR: Connection timer expired [METHOD:PATCH] (../lib/sbi/client.c:658)
mar 20 15:42:17 ubuntu-GL503VD open5gs-udmd[4813]: 03/20 15:42:17.711: [sbi] ERROR: Effective URL: http://192.168.50.200:7777/nnrf-nfm/v1/nf-instances/6831a628-243f-41f1-a624-4f4fd3d3bb9d (../lib/sbi/client.c:662)
mar 20 15:42:17 ubuntu-GL503VD open5gs-udmd[4813]: 03/20 15:42:17.711: [sbi] WARNING: ogs_sbi_client_handler() failed [-3] (../lib/sbi/path.c:62)
mar 20 15:42:17 ubuntu-GL503VD open5gs-udmd[4813]: 03/20 15:42:17.714: [sbi] ERROR: OVERFLOW NFProfile->plmn_list [12:12:12] (../lib/sbi/nnrf-handler.c:59)
mar 20 15:42:17 ubuntu-GL503VD open5gs-udmd[4813]: 03/20 15:42:17.714: [sbi] INFO: [6831a628-243f-41f1-a624-4f4fd3d3bb9d] NF registered [Heartbeat:10s] (../lib/sbi/nf-sm.c:295)
mar 20 15:42:17 ubuntu-GL503VD open5gs-udmd[4813]: 03/20 15:42:17.717: [sbi] INFO: Setup NF EndPoint(addr) [127.0.0.10:7777] (../lib/sbi/nnrf-handler.c:955)
mar 20 15:42:17 ubuntu-GL503VD open5gs-udmd[4813]: 03/20 15:42:17.717: [sbi] INFO: [fe52c378-246a-41f1-951d-6d19baefd136] Subscription created until 2026-03-21T15:42:17.716648+01:00 [duration:86400000000,validity:86400.000000,patch:43200.000000] (../lib/sbi/nnrf-handler.c:874)
mar 20 15:42:17 ubuntu-GL503VD open5gs-udmd[4813]: 03/20 15:42:17.717: [sbi] INFO: Setup NF EndPoint(addr) [127.0.0.10:7777] (../lib/sbi/nnrf-handler.c:955)
mar 20 15:42:17 ubuntu-GL503VD open5gs-udmd[4813]: 03/20 15:42:17.717: [sbi] INFO: [fe52c698-246a-41f1-951d-6d19baefd136] Subscription created until 2026-03-21T15:42:17.716713+01:00 [duration:86400000000,validity:86400.000000,patch:43200.000000] (../lib/sbi/nnrf-handler.c:874)
mar 20 15:42:17 ubuntu-GL503VD open5gs-udmd[4813]: 03/20 15:42:17.721: [sbi] INFO: [6905e0d2-243f-41f1-9428-9dba15e65a20] (NRF-profile-get) NF registered (../lib/sbi/nf-sm.c:81)
mar 20 15:42:17 ubuntu-GL503VD open5gs-udmd[4813]: 03/20 15:42:17.721: [sbi] INFO: Setup NF EndPoint(addr) [127.0.0.20:80] (../lib/sbi/context.c:2374)
mar 20 15:42:17 ubuntu-GL503VD open5gs-udmd[4813]: 03/20 15:42:17.721: [sbi] INFO: Setup NF EndPoint(addr) [127.0.0.20:7777] (../lib/sbi/context.c:2113)
mar 20 15:42:48 ubuntu-GL503VD open5gs-udmd[4813]: 03/20 15:42:48.736: [sbi] ERROR: [6831a628-243f-41f1-a624-4f4fd3d3bb9d] No heartbeat [type:UDM] (../lib/sbi/nf-sm.c:431)
mar 20 15:42:48 ubuntu-GL503VD open5gs-udmd[4813]: 03/20 15:42:48.736: [sbi] INFO: [6831a628-243f-41f1-a624-4f4fd3d3bb9d] NF de-registered (../lib/sbi/nf-sm.c:324)
mar 20 15:42:58 ubuntu-GL503VD open5gs-udmd[4813]: 03/20 15:42:58.754: [sbi] ERROR: Connection timer expired [METHOD:PATCH] (../lib/sbi/client.c:658)
mar 20 15:42:58 ubuntu-GL503VD open5gs-udmd[4813]: 03/20 15:42:58.754: [sbi] ERROR: Effective URL: http://192.168.50.200:7777/nnrf-nfm/v1/nf-instances/6831a628-243f-41f1-a624-4f4fd3d3bb9d (../lib/sbi/client.c:662)
mar 20 15:42:58 ubuntu-GL503VD open5gs-udmd[4813]: 03/20 15:42:58.754: [sbi] WARNING: ogs_sbi_client_handler() failed [-3] (../lib/sbi/path.c:62)
mar 20 15:42:58 ubuntu-GL503VD open5gs-udmd[4813]: 03/20 15:42:58.760: [sbi] ERROR: OVERFLOW NFProfile->plmn_list [12:12:12] (../lib/sbi/nnrf-handler.c:59)
mar 20 15:42:58 ubuntu-GL503VD open5gs-udmd[4813]: 03/20 15:42:58.760: [sbi] INFO: [6831a628-243f-41f1-a624-4f4fd3d3bb9d] NF registered [Heartbeat:10s] (../lib/sbi/nf-sm.c:295)
mar 20 15:42:58 ubuntu-GL503VD open5gs-udmd[4813]: 03/20 15:42:58.764: [sbi] INFO: Setup NF EndPoint(addr) [127.0.0.10:7777] (../lib/sbi/nnrf-handler.c:955)
mar 20 15:42:58 ubuntu-GL503VD open5gs-udmd[4813]: 03/20 15:42:58.764: [sbi] INFO: [16c9feda-246b-41f1-951d-6d19baefd136] Subscription created until 2026-03-21T15:42:58.763354+01:00 [duration:86400000000,validity:86400.000000,patch:43200.000000] (../lib/sbi/nnrf-handler.c:874)
mar 20 15:42:58 ubuntu-GL503VD open5gs-udmd[4813]: 03/20 15:42:58.765: [sbi] INFO: Setup NF EndPoint(addr) [127.0.0.10:7777] (../lib/sbi/nnrf-handler.c:955)
mar 20 15:42:58 ubuntu-GL503VD open5gs-udmd[4813]: 03/20 15:42:58.765: [sbi] INFO: [16ca01a0-246b-41f1-951d-6d19baefd136] Subscription created until 2026-03-21T15:42:58.763420+01:00 [duration:86400000000,validity:86400.000000,patch:43200.000000] (../lib/sbi/nnrf-handler.c:874)
mar 20 15:46:18 ubuntu-GL503VD open5gs-udmd[4813]: 03/20 15:46:18.056: [sbi] INFO: [6905e0d2-243f-41f1-9428-9dba15e65a20] (NRF-notify) NF_DEREGISTERED event [type:UDR] (../lib/sbi/nnrf-handler.c:1172)
mar 20 15:46:18 ubuntu-GL503VD open5gs-udmd[4813]: 03/20 15:46:18.058: [sbi] INFO: [6905e0d2-243f-41f1-9428-9dba15e65a20] (NRF-notify) NF registered (../lib/sbi/nnrf-handler.c:1140)
mar 20 15:46:18 ubuntu-GL503VD open5gs-udmd[4813]: 03/20 15:46:18.058: [sbi] INFO: [6905e0d2-243f-41f1-9428-9dba15e65a20] (NRF-notify) NF Profile updated [type:UDR] (../lib/sbi/nnrf-handler.c:1154)
mar 20 15:46:18 ubuntu-GL503VD open5gs-udmd[4813]: 03/20 15:46:18.058: [sbi] INFO: Setup NF EndPoint(addr) [127.0.0.20:80] (../lib/sbi/context.c:2374)
mar 20 15:46:18 ubuntu-GL503VD open5gs-udmd[4813]: 03/20 15:46:18.058: [sbi] INFO: Setup NF EndPoint(addr) [127.0.0.20:7777] (../lib/sbi/context.c:2113)
-- Boot 4f9106f592b640c3910030f2aa9084de --
mar 20 16:06:05 ubuntu-GL503VD systemd[1]: Started Open5GS UDM Daemon.
mar 20 16:06:05 ubuntu-GL503VD open5gs-udmd[3314]: Open5GS daemon v2.7.6
mar 20 16:06:05 ubuntu-GL503VD open5gs-udmd[3314]: 03/20 16:06:05.539: [app] INFO: Configuration: '/etc/open5gs/udm.yaml' (../lib/app/ogs-init.c:144)
mar 20 16:06:05 ubuntu-GL503VD open5gs-udmd[3314]: 03/20 16:06:05.539: [app] INFO: File Logging: '/var/log/open5gs/udm.log' (../lib/app/ogs-init.c:147)
mar 20 16:06:05 ubuntu-GL503VD open5gs-udmd[3314]: 03/20 16:06:05.546: [sbi] INFO: Setup NF EndPoint(addr) [192.168.50.200:7777] (../lib/sbi/context.c:507)
mar 20 16:06:05 ubuntu-GL503VD open5gs-udmd[3314]: 03/20 16:06:05.552: [sbi] INFO: NF Service [nudm-ueau] (../lib/sbi/context.c:1994)
mar 20 16:06:05 ubuntu-GL503VD open5gs-udmd[3314]: 03/20 16:06:05.552: [sbi] INFO: NF Service [nudm-uecm] (../lib/sbi/context.c:1994)
mar 20 16:06:05 ubuntu-GL503VD open5gs-udmd[3314]: 03/20 16:06:05.552: [sbi] INFO: NF Service [nudm-sdm] (../lib/sbi/context.c:1994)
mar 20 16:06:05 ubuntu-GL503VD open5gs-udmd[3314]: 03/20 16:06:05.552: [sbi] INFO: nghttp2_server() [http://127.0.0.12]:7777 (../lib/sbi/nghttp2-server.c:439)
mar 20 16:06:05 ubuntu-GL503VD open5gs-udmd[3314]: 03/20 16:06:05.554: [app] INFO: UDM initialize...done (../src/udm/app.c:31)
mar 20 16:06:05 ubuntu-GL503VD open5gs-udmd[3314]: 03/20 16:06:05.559: [sbi] INFO: [51603976-246e-41f1-98e7-6bb8a85e0770] NF registered [Heartbeat:10s] (../lib/sbi/nf-sm.c:295)
mar 20 16:06:05 ubuntu-GL503VD open5gs-udmd[3314]: 03/20 16:06:05.566: [sbi] INFO: Setup NF EndPoint(addr) [127.0.0.10:7777] (../lib/sbi/nnrf-handler.c:955)
mar 20 16:06:05 ubuntu-GL503VD open5gs-udmd[3314]: 03/20 16:06:05.566: [sbi] INFO: [51625f12-246e-41f1-b7f2-2b7ab125942d] Subscription created until 2026-03-21T16:06:05.560026+01:00 [duration:86400000000,validity:86400.000000,patch:43200.000000] (../lib/sbi/nnrf-handler.c:874)
mar 20 16:06:05 ubuntu-GL503VD open5gs-udmd[3314]: 03/20 16:06:05.566: [sbi] INFO: Setup NF EndPoint(addr) [127.0.0.10:7777] (../lib/sbi/nnrf-handler.c:955)
mar 20 16:06:05 ubuntu-GL503VD open5gs-udmd[3314]: 03/20 16:06:05.567: [sbi] INFO: [51626840-246e-41f1-b7f2-2b7ab125942d] Subscription created until 2026-03-21T16:06:05.560244+01:00 [duration:86400000000,validity:86400.000000,patch:43200.000000] (../lib/sbi/nnrf-handler.c:874)
mar 20 16:06:07 ubuntu-GL503VD open5gs-udmd[3314]: 03/20 16:06:07.140: [sbi] INFO: [5252d2a8-246e-41f1-841b-ad148ebd9569] (NRF-notify) NF registered (../lib/sbi/nnrf-handler.c:1140)
mar 20 16:06:07 ubuntu-GL503VD open5gs-udmd[3314]: 03/20 16:06:07.140: [sbi] INFO: [5252d2a8-246e-41f1-841b-ad148ebd9569] (NRF-notify) NF Profile updated [type:UDR] (../lib/sbi/nnrf-handler.c:1154)
mar 20 16:06:07 ubuntu-GL503VD open5gs-udmd[3314]: 03/20 16:06:07.140: [sbi] INFO: Setup NF EndPoint(addr) [127.0.0.20:80] (../lib/sbi/context.c:2374)
mar 20 16:06:07 ubuntu-GL503VD open5gs-udmd[3314]: 03/20 16:06:07.140: [sbi] INFO: Setup NF EndPoint(addr) [127.0.0.20:7777] (../lib/sbi/context.c:2113)
